207.241.237.227 - - [17/May/2015:15:05:19 +0000] "GET /icons/blank.gif HTTP/1.0" 200 148 "http://www.semicomplete.com/scripts/" "Mozilla/5.0 (compatible; special_archiver/3.1.1 +http://www.archive.org/details/archive.org_bot)"
217.212.224.181 - - [17/May/2015:15:05:58 +0000] "GET /blog/tags/graphs HTTP/1.0" 200 25853 "-" "psbot/0.1 (+http://www.picsearch.com/bot.html)"
192.95.12.193 - - [17/May/2015:15:05:33 +0000] "GET /presentations/logstash-preso-1.0/ HTTP/1.1" 200 56479 "http://www.semicomplete.com/" "Mozilla/5.0 (Macintosh; Intel Mac OS X 10.7; rv:21.0) Gecko/20100101 Firefox/21.0"
192.95.12.193 - - [17/May/2015:15:05:52 +0000] "GET /style2.css HTTP/1.1" 200 4877 "http://www.semicomplete.com/" "Mozilla/5.0 (Macintosh; Intel Mac OS X 10.7; rv:21.0) Gecko/20100101 Firefox/21.0"
207.241.237.227 - - [17/May/2015:15:05:17 +0000] "GET /icons/folder.gif HTTP/1.0" 200 225 "http://www.semicomplete.com/scripts/" "Mozilla/5.0 (compatible; special_archiver/3.1.1 +http://www.archive.org/details/archive.org_bot)"
209.85.238.199 - - [17/May/2015:15:05:20 +0000] "GET / HTTP/1.1" 200 37932 "-" "Feedfetcher-Google; (+http://www.google.com/feedfetcher.html; 1 subscribers; feed-id=8003088278248648013)"
173.192.238.58 - - [17/May/2015:15:05:07 +0000] "GET /blog HTTP/1.1" 200 37936 "-" "Mozilla/5.0 (X11; U; Linux x86_64; en-US; rv:1.9.0.19; aggregator:Spinn3r (Spinn3r 3.1); http://spinn3r.com/robot) Gecko/2010040121 Firefox/3.0.19"
217.212.224.181 - - [17/May/2015:15:05:40 +0000] "GET /blog/tags/selenium HTTP/1.0" 200 9633 "-" "psbot/0.1 (+http://www.picsearch.com/bot.html)"
207.241.237.223 - - [17/May/2015:15:05:34 +0000] "GET /blog/geekery/oniguruma-named-capture-example.html HTTP/1.0" 200 9208 "http://www.semicomplete.com/blog/tags/C" "Mozilla/5.0 (compatible; archive.org_bot +http://www.archive.org/details/archive.org_bot)"
66.249.73.135 - - [17/May/2015:15:05:03 +0000] "GET /?flav=atom HTTP/1.1" 200 32352 "-" "Mozilla/5.0 (compatible; Googlebot/2.1; +http://www.google.com/bot.html)"
207.241.237.227 - - [17/May/2015:15:05:50 +0000] "GET /blog/tags/soekris HTTP/1.0" 200 19483 "http://www.semicomplete.com/blog/tags/C" "Mozilla/5.0 (compatible; archive.org_bot +http://www.archive.org/details/archive.org_bot)"
74.125.176.149 - - [17/May/2015:15:05:53 +0000] "GET /?flav=rss20 HTTP/1.1" 200 29941 "-" "FeedBurner/1.0 (http://www.FeedBurner.com)"
41.223.160.234 - - [17/May/2015:15:05:13 +0000] "GET /images/googledotcom.png HTTP/1.1" 200 65748 "http://www.google.com/search?q=google.com/&client=ms-android-samsung&hl=ar&gl=ae&source=android-browser-type&source=lnms&tbm=isch&sa=X&ei=7t8AU5jDEIOt0QXxgoHACg&ved=0CAgQ_AUoAA&biw=320&bih=401&dpr=0.75" "Mozilla/5.0 (Linux; U; Android 2.3.6; ar-ae; GT-S5570I Build/GINGERBREAD) AppleWebKit/533.1 (KHTML, like Gecko) Version/4.0 Mobile Safari/533.1"
50.18.71.222 - - [17/May/2015:15:05:18 +0000] "GET /blog/tags/puppet?flav=rss20 HTTP/1.1" 200 14872 "-" "Digg Feed Fetcher 1.0 (Mozilla/5.0 (Macintosh; Intel Mac OS X 10_7_1) AppleWebKit/534.48.3 (KHTML, like Gecko) Version/5.1 Safari/534.48.3)"
50.16.19.13 - - [17/May/2015:15:05:48 +0000] "GET /blog/tags/puppet?flav=rss20 HTTP/1.1" 200 14872 "http://www.semicomplete.com/blog/tags/puppet?flav=rss20" "Tiny Tiny RSS/1.11 (http://tt-rss.org/)"
46.105.14.53 - - [17/May/2015:15:05:55 +0000] "GET /blog/tags/puppet?flav=rss20 HTTP/1.1" 200 14872 "-" "UniversalFeedParser/4.2-pre-314-svn +http://feedparser.org/"
66.249.73.135 - - [17/May/2015:15:05:05 +0000] "GET /blog/tags/c++?page=2 HTTP/1.1" 200 9088 "-" "Mozilla/5.0 (compatible; Googlebot/2.1; +http://www.google.com/bot.html)"
198.228.201.147 - - [17/May/2015:15:05:12 +0000] "GET /articles/ssh-security/ HTTP/1.1" 200 16543 "-" "Mozilla/5.0 (iPhone; CPU iPhone OS 7_0_4 like Mac OS X) AppleWebKit/537.51.1 (KHTML, like Gecko) Version/7.0 Mobile/11B554a Safari/9537.53"
107.170.40.203 - - [17/May/2015:15:05:49 +0000] "GET /?flav=atom HTTP/1.1" 200 32352 "-" "Feedbin - 1 subscribers"
108.174.55.234 - - [17/May/2015:15:05:44 +0000] "GET /?flav=rss20 HTTP/1.1" 200 29941 "-" "-"
89.2.87.1 - - [17/May/2015:15:05:23 +0000] "GET /images/logstash_OSCON.pdf HTTP/1.1" 200 1693678 "http://www.google.fr/url?sa=t&rct=j&q=&esrc=s&source=web&cd=5&cad=rja&ved=0CE8QFjAE&url=http%3A%2F%2Fsemicomplete.com%2Fimages%2Flogstash_OSCON.pdf&ei=7eIAU4fJJeGm0QXzwYCACA&usg=AFQjCNF2ikX71TvpVxHLkIi36cWJowYlNA&bvm=bv.61535280,d.d2k" "Mozilla/5.0 (Windows NT 5.1; rv:26.0) Gecko/20100101 Firefox/26.0"
89.2.87.1 - - [17/May/2015:15:05:26 +0000] "GET /favicon.ico HTTP/1.1" 200 3638 "-" "Mozilla/5.0 (Windows NT 5.1; rv:26.0) Gecko/20100101 Firefox/26.0"
89.2.87.1 - - [17/May/2015:15:05:52 +0000] "GET /images/logstash_OSCON.pdf HTTP/1.1" 206 65536 "http://www.google.fr/url?sa=t&rct=j&q=&esrc=s&source=web&cd=5&cad=rja&ved=0CE8QFjAE&url=http%3A%2F%2Fsemicomplete.com%2Fimages%2Flogstash_OSCON.pdf&ei=7eIAU4fJJeGm0QXzwYCACA&usg=AFQjCNF2ikX71TvpVxHLkIi36cWJowYlNA&bvm=bv.61535280,d.d2k" "Mozilla/5.0 (Windows NT 5.1; rv:26.0) Gecko/20100101 Firefox/26.0"
89.2.87.1 - - [17/May/2015:15:05:29 +0000] "GET /images/logstash_OSCON.pdf HTTP/1.1" 206 55278 "http://www.google.fr/url?sa=t&rct=j&q=&esrc=s&source=web&cd=5&cad=rja&ved=0CE8QFjAE&url=http%3A%2F%2Fsemicomplete.com%2Fimages%2Flogstash_OSCON.pdf&ei=7eIAU4fJJeGm0QXzwYCACA&usg=AFQjCNF2ikX71TvpVxHLkIi36cWJowYlNA&bvm=bv.61535280,d.d2k" "Mozilla/5.0 (Windows NT 5.1; rv:26.0) Gecko/20100101 Firefox/26.0"
89.2.87.1 - - [17/May/2015:15:05:14 +0000] "GET /images/logstash_OSCON.pdf HTTP/1.1" 206 65536 "http://www.google.fr/url?sa=t&rct=j&q=&esrc=s&source=web&cd=5&cad=rja&ved=0CE8QFjAE&url=http%3A%2F%2Fsemicomplete.com%2Fimages%2Flogstash_OSCON.pdf&ei=7eIAU4fJJeGm0QXzwYCACA&usg=AFQjCNF2ikX71TvpVxHLkIi36cWJowYlNA&bvm=bv.61535280,d.d2k" "Mozilla/5.0 (Windows NT 5.1; rv:26.0) Gecko/20100101 Firefox/26.0"
89.2.87.1 - - [17/May/2015:15:05:38 +0000] "GET /images/logstash_OSCON.pdf HTTP/1.1" 206 65536 "http://www.google.fr/url?sa=t&rct=j&q=&esrc=s&source=web&cd=5&cad=rja&ved=0CE8QFjAE&url=http%3A%2F%2Fsemicomplete.com%2Fimages%2Flogstash_OSCON.pdf&ei=7eIAU4fJJeGm0QXzwYCACA&usg=AFQjCNF2ikX71TvpVxHLkIi36cWJowYlNA&bvm=bv.61535280,d.d2k" "Mozilla/5.0 (Windows NT 5.1; rv:26.0) Gecko/20100101 Firefox/26.0"
89.2.87.1 - - [17/May/2015:15:05:28 +0000] "GET /images/logstash_OSCON.pdf HTTP/1.1" 206 65536 "http://www.google.fr/url?sa=t&rct=j&q=&esrc=s&source=web&cd=5&cad=rja&ved=0CE8QFjAE&url=http%3A%2F%2Fsemicomplete.com%2Fimages%2Flogstash_OSCON.pdf&ei=7eIAU4fJJeGm0QXzwYCACA&usg=AFQjCNF2ikX71TvpVxHLkIi36cWJowYlNA&bvm=bv.61535280,d.d2k" "Mozilla/5.0 (Windows NT 5.1; rv:26.0) Gecko/20100101 Firefox/26.0"
89.2.87.1 - - [17/May/2015:15:05:00 +0000] "GET /images/logstash_OSCON.pdf HTTP/1.1" 206 131072 "http://www.google.fr/url?sa=t&rct=j&q=&esrc=s&source=web&cd=5&cad=rja&ved=0CE8QFjAE&url=http%3A%2F%2Fsemicomplete.com%2Fimages%2Flogstash_OSCON.pdf&ei=7eIAU4fJJeGm0QXzwYCACA&usg=AFQjCNF2ikX71TvpVxHLkIi36cWJowYlNA&bvm=bv.61535280,d.d2k" "Mozilla/5.0 (Windows NT 5.1; rv:26.0) Gecko/20100101 Firefox/26.0"
89.2.87.1 - - [17/May/2015:15:05:49 +0000] "GET /images/logstash_OSCON.pdf HTTP/1.1" 206 131072 "http://www.google.fr/url?sa=t&rct=j&q=&esrc=s&source=web&cd=5&cad=rja&ved=0CE8QFjAE&url=http%3A%2F%2Fsemicomplete.com%2Fimages%2Flogstash_OSCON.pdf&ei=7eIAU4fJJeGm0QXzwYCACA&usg=AFQjCNF2ikX71TvpVxHLkIi36cWJowYlNA&bvm=bv.61535280,d.d2k" "Mozilla/5.0 (Windows NT 5.1; rv:26.0) Gecko/20100101 Firefox/26.0"
89.2.87.1 - - [17/May/2015:15:05:55 +0000] "GET /images/logstash_OSCON.pdf HTTP/1.1" 206 196608 "http://www.google.fr/url?sa=t&rct=j&q=&esrc=s&source=web&cd=5&cad=rja&ved=0CE8QFjAE&url=http%3A%2F%2Fsemicomplete.com%2Fimages%2Flogstash_OSCON.pdf&ei=7eIAU4fJJeGm0QXzwYCACA&usg=AFQjCNF2ikX71TvpVxHLkIi36cWJowYlNA&bvm=bv.61535280,d.d2k" "Mozilla/5.0 (Windows NT 5.1; rv:26.0) Gecko/20100101 Firefox/26.0"
89.2.87.1 - - [17/May/2015:15:05:20 +0000] "GET /images/logstash_OSCON.pdf HTTP/1.1" 206 196608 "http://www.google.fr/url?sa=t&rct=j&q=&esrc=s&source=web&cd=5&cad=rja&ved=0CE8QFjAE&url=http%3A%2F%2Fsemicomplete.com%2Fimages%2Flogstash_OSCON.pdf&ei=7eIAU4fJJeGm0QXzwYCACA&usg=AFQjCNF2ikX71TvpVxHLkIi36cWJowYlNA&bvm=bv.61535280,d.d2k" "Mozilla/5.0 (Windows NT 5.1; rv:26.0) Gecko/20100101 Firefox/26.0"
89.2.87.1 - - [17/May/2015:15:05:52 +0000] "GET /images/logstash_OSCON.pdf HTTP/1.1" 206 65536 "http://www.google.fr/url?sa=t&rct=j&q=&esrc=s&source=web&cd=5&cad=rja&ved=0CE8QFjAE&url=http%3A%2F%2Fsemicomplete.com%2Fimages%2Flogstash_OSCON.pdf&ei=7eIAU4fJJeGm0QXzwYCACA&usg=AFQjCNF2ikX71TvpVxHLkIi36cWJowYlNA&bvm=bv.61535280,d.d2k" "Mozilla/5.0 (Windows NT 5.1; rv:26.0) Gecko/20100101 Firefox/26.0"
89.2.87.1 - - [17/May/2015:15:05:12 +0000] "GET /images/logstash_OSCON.pdf HTTP/1.1" 206 65536 "http://www.google.fr/url?sa=t&rct=j&q=&esrc=s&source=web&cd=5&cad=rja&ved=0CE8QFjAE&url=http%3A%2F%2Fsemicomplete.com%2Fimages%2Flogstash_OSCON.pdf&ei=7eIAU4fJJeGm0QXzwYCACA&usg=AFQjCNF2ikX71TvpVxHLkIi36cWJowYlNA&bvm=bv.61535280,d.d2k" "Mozilla/5.0 (Windows NT 5.1; rv:26.0) Gecko/20100101 Firefox/26.0"
89.2.87.1 - - [17/May/2015:15:05:05 +0000] "GET /images/logstash_OSCON.pdf HTTP/1.1" 206 65536 "http://www.google.fr/url?sa=t&rct=j&q=&esrc=s&source=web&cd=5&cad=rja&ved=0CE8QFjAE&url=http%3A%2F%2Fsemicomplete.com%2Fimages%2Flogstash_OSCON.pdf&ei=7eIAU4fJJeGm0QXzwYCACA&usg=AFQjCNF2ikX71TvpVxHLkIi36cWJowYlNA&bvm=bv.61535280,d.d2k" "Mozilla/5.0 (Windows NT 5.1; rv:26.0) Gecko/20100101 Firefox/26.0"
89.2.87.1 - - [17/May/2015:15:05:46 +0000] "GET /images/logstash_OSCON.pdf HTTP/1.1" 206 131072 "http://www.google.fr/url?sa=t&rct=j&q=&esrc=s&source=web&cd=5&cad=rja&ved=0CE8QFjAE&url=http%3A%2F%2Fsemicomplete.com%2Fimages%2Flogstash_OSCON.pdf&ei=7eIAU4fJJeGm0QXzwYCACA&usg=AFQjCNF2ikX71TvpVxHLkIi36cWJowYlNA&bvm=bv.61535280,d.d2k" "Mozilla/5.0 (Windows NT 5.1; rv:26.0) Gecko/20100101 Firefox/26.0"
89.2.87.1 - - [17/May/2015:15:05:19 +0000] "GET /images/logstash_OSCON.pdf HTTP/1.1" 206 131072 "http://www.google.fr/url?sa=t&rct=j&q=&esrc=s&source=web&cd=5&cad=rja&ved=0CE8QFjAE&url=http%3A%2F%2Fsemicomplete.com%2Fimages%2Flogstash_OSCON.pdf&ei=7eIAU4fJJeGm0QXzwYCACA&usg=AFQjCNF2ikX71TvpVxHLkIi36cWJowYlNA&bvm=bv.61535280,d.d2k" "Mozilla/5.0 (Windows NT 5.1; rv:26.0) Gecko/20100101 Firefox/26.0"
89.2.87.1 - - [17/May/2015:15:05:29 +0000] "GET /images/logstash_OSCON.pdf HTTP/1.1" 206 65536 "http://www.google.fr/url?sa=t&rct=j&q=&esrc=s&source=web&cd=5&cad=rja&ved=0CE8QFjAE&url=http%3A%2F%2Fsemicomplete.com%2Fimages%2Flogstash_OSCON.pdf&ei=7eIAU4fJJeGm0QXzwYCACA&usg=AFQjCNF2ikX71TvpVxHLkIi36cWJowYlNA&bvm=bv.61535280,d.d2k" "Mozilla/5.0 (Windows NT 5.1; rv:26.0) Gecko/20100101 Firefox/26.0"
89.2.87.1 - - [17/May/2015:15:05:02 +0000] "GET /images/logstash_OSCON.pdf HTTP/1.1" 206 196608 "http://www.google.fr/url?sa=t&rct=j&q=&esrc=s&source=web&cd=5&cad=rja&ved=0CE8QFjAE&url=http%3A%2F%2Fsemicomplete.com%2Fimages%2Flogstash_OSCON.pdf&ei=7eIAU4fJJeGm0QXzwYCACA&usg=AFQjCNF2ikX71TvpVxHLkIi36cWJowYlNA&bvm=bv.61535280,d.d2k" "Mozilla/5.0 (Windows NT 5.1; rv:26.0) Gecko/20100101 Firefox/26.0"
89.176.234.221 - - [17/May/2015:15:05:27 +0000] "GET /favicon.ico HTTP/1.1" 200 3638 "-" "Mozilla/5.0 (X11; Linux x86_64; rv:26.0) Gecko/20100101 Firefox/26.0 Iceweasel/26.0"
208.54.40.237 - - [17/May/2015:15:05:58 +0000] "GET /blog/geekery/puppet-exported-resource-expiration.html HTTP/1.1" 200 9804 "-" "Mozilla/5.0 (iPhone; CPU iPhone OS 7_0_4 like Mac OS X) AppleWebKit/537.51.1 (KHTML, like Gecko) CriOS/32.0.1700.21 Mobile/11B554a Safari/9537.53"
208.54.40.237 - - [17/May/2015:15:05:30 +0000] "GET /reset.css HTTP/1.1" 200 1015 "http://www.semicomplete.com/blog/geekery/puppet-exported-resource-expiration.html" "Mozilla/5.0 (iPhone; CPU iPhone OS 7_0_4 like Mac OS X) AppleWebKit/537.51.1 (KHTML, like Gecko) CriOS/32.0.1700.21 Mobile/11B554a Safari/9537.53"
208.54.40.237 - - [17/May/2015:15:05:12 +0000] "GET /style2.css HTTP/1.1" 200 4877 "http://www.semicomplete.com/blog/geekery/puppet-exported-resource-expiration.html" "Mozilla/5.0 (iPhone; CPU iPhone OS 7_0_4 like Mac OS X) AppleWebKit/537.51.1 (KHTML, like Gecko) CriOS/32.0.1700.21 Mobile/11B554a Safari/9537.53"
208.54.40.237 - - [17/May/2015:15:05:30 +0000] "GET /images/jordan-80.png HTTP/1.1" 200 6146 "http://www.semicomplete.com/blog/geekery/puppet-exported-resource-expiration.html" "Mozilla/5.0 (iPhone; CPU iPhone OS 7_0_4 like Mac OS X) AppleWebKit/537.51.1 (KHTML, like Gecko) CriOS/32.0.1700.21 Mobile/11B554a Safari/9537.53"
208.54.40.237 - - [17/May/2015:15:05:13 +0000] "GET /images/web/2009/banner.png HTTP/1.1" 200 52315 "http://www.semicomplete.com/blog/geekery/puppet-exported-resource-expiration.html" "Mozilla/5.0 (iPhone; CPU iPhone OS 7_0_4 like Mac OS X) AppleWebKit/537.51.1 (KHTML, like Gecko) CriOS/32.0.1700.21 Mobile/11B554a Safari/9537.53"
208.54.40.237 - - [17/May/2015:15:05:04 +0000] "GET /favicon.ico HTTP/1.1" 200 3638 "-" "Mozilla/5.0 (iPhone; CPU iPhone OS 7_0_4 like Mac OS X) AppleWebKit/537.51.1 (KHTML, like Gecko) CriOS/32.0.1700.21 Mobile/11B554a Safari/9537.53"
66.249.73.135 - - [17/May/2015:15:05:17 +0000] "GET /?flav=rss20 HTTP/1.1" 200 29941 "-" "Mozilla/5.0 (compatible; Googlebot/2.1; +http://www.google.com/bot.html)"
198.228.201.147 - - [17/May/2015:15:05:45 +0000] "GET /articles/ssh-security/ HTTP/1.1" 200 16543 "-" "Mozilla/5.0 (iPhone; CPU iPhone OS 7_0_4 like Mac OS X) AppleWebKit/537.51.1 (KHTML, like Gecko) Version/7.0 Mobile/11B554a Safari/9537.53"
46.105.14.53 - - [17/May/2015:15:05:52 +0000] "GET /blog/tags/puppet?flav=rss20 HTTP/1.1" 200 14872 "-" "UniversalFeedParser/4.2-pre-314-svn +http://feedparser.org/"
66.249.73.135 - - [17/May/2015:15:05:15 +0000] "GET /blog/tags/release HTTP/1.1" 200 40693 "-" "SAMSUNG-SGH-E250/1.0 Profile/MIDP-2.0 Configuration/CLDC-1.1 UP.Browser/6.2.3.3.c.1.101 (GUI) MMP/2.0 (compatible; Googlebot-Mobile/2.1; +http://www.google.com/bot.html)"
198.228.201.147 - - [17/May/2015:15:05:16 +0000] "GET /articles/ssh-security/ HTTP/1.1" 200 16543 "https://www.google.com/" "Mozilla/5.0 (iPhone; CPU iPhone OS 7_0_4 like Mac OS X) AppleWebKit/537.51.1 (KHTML, like Gecko) Version/7.0 Mobile/11B554a Safari/9537.53"
166.147.88.15 - - [17/May/2015:15:05:33 +0000] "GET / HTTP/1.1" 200 37932 "-" "Mozilla/5.0 (iPhone; CPU iPhone OS 7_0_4 like Mac OS X) AppleWebKit/537.51.1 (KHTML, like Gecko) Version/7.0 Mobile/11B554a Safari/9537.53"
166.147.88.15 - - [17/May/2015:15:05:44 +0000] "GET /reset.css HTTP/1.1" 200 1015 "http://www.semicomplete.com/" "Mozilla/5.0 (iPhone; CPU iPhone OS 7_0_4 like Mac OS X) AppleWebKit/537.51.1 (KHTML, like Gecko) Version/7.0 Mobile/11B554a Safari/9537.53"
166.147.88.15 - - [17/May/2015:15:05:58 +0000] "GET /style2.css HTTP/1.1" 200 4877 "http://www.semicomplete.com/" "Mozilla/5.0 (iPhone; CPU iPhone OS 7_0_4 like Mac OS X) AppleWebKit/537.51.1 (KHTML, like Gecko) Version/7.0 Mobile/11B554a Safari/9537.53"
166.147.88.15 - - [17/May/2015:15:05:45 +0000] "GET /images/jordan-80.png HTTP/1.1" 200 6146 "http://www.semicomplete.com/" "Mozilla/5.0 (iPhone; CPU iPhone OS 7_0_4 like Mac OS X) AppleWebKit/537.51.1 (KHTML, like Gecko) Version/7.0 Mobile/11B554a Safari/9537.53"
166.147.88.15 - - [17/May/2015:15:05:56 +0000] "GET /images/web/2009/banner.png HTTP/1.1" 200 52315 "http://www.semicomplete.com/" "Mozilla/5.0 (iPhone; CPU iPhone OS 7_0_4 like Mac OS X) AppleWebKit/537.51.1 (KHTML, like Gecko) Version/7.0 Mobile/11B554a Safari/9537.53"
208.91.156.11 - - [17/May/2015:15:05:00 +0000] "GET /files/logstash/logstash-1.3.2-monolithic.jar HTTP/1.1" 404 324 "-" "Chef Client/10.18.2 (ruby-1.9.3-p327; ohai-6.16.0; x86_64-linux; +http://opscode.com)"
183.60.243.242 - - [17/May/2015:15:05:26 +0000] "GET / HTTP/1.1" 200 37932 "-" "Mozilla/4.0 (compatible; MSIE 6.1; Windows NT)"
66.249.73.135 - - [17/May/2015:15:05:12 +0000] "GET /projects/xdotool/ HTTP/1.1" 200 12292 "-" "Mozilla/5.0 (compatible; Googlebot/2.1; +http://www.google.com/bot.html)"
100.43.83.137 - - [17/May/2015:15:05:20 +0000] "GET /images/google.gif HTTP/1.1" 304 - "-" "Mozilla/5.0 (compatible; YandexImages/3.0; +http://yandex.com/bots)"
209.17.114.78 - - [17/May/2015:15:05:35 +0000] "GET /images/elasticsearch-logstash-piesnacking.png HTTP/1.1" 200 21820 "-" "Mozilla/4.0 (compatible; MSIE 6.0; Windows NT 5.2; SV1; .NET CLR 2.0.50727; InfoPath.1)"
82.165.139.53 - - [17/May/2015:15:05:03 +0000] "GET /projects/xdotool/ HTTP/1.0" 200 12292 "-" "-"
23.231.5.40 - - [17/May/2015:15:05:57 +0000] "GET /blog/geekery/firefox-2-vertical-tabs-extension-stuff.html HTTP/1.0" 200 11468 "http://www.semicomplete.com/" "Mozilla/5.0 (Macintosh; Intel Mac OS X 10.7; rv:21.0) Gecko/20100101 Firefox/21.0"
207.241.237.221 - - [17/May/2015:15:05:27 +0000] "GET /blog/tags/headless HTTP/1.0" 200 11902 "http://www.semicomplete.com/blog/tags/xdotool" "Mozilla/5.0 (compatible; archive.org_bot +http://www.archive.org/details/archive.org_bot)"
46.105.14.53 - - [17/May/2015:15:05:41 +0000] "GET /blog/tags/puppet?flav=rss20 HTTP/1.1" 200 14872 "-" "UniversalFeedParser/4.2-pre-314-svn +http://feedparser.org/"
207.241.237.228 - - [17/May/2015:15:05:51 +0000] "GET /?page=1 HTTP/1.0" 200 37932 "http://semicomplete.com/?page=2" "Mozilla/5.0 (compatible; archive.org_bot +http://www.archive.org/details/archive.org_bot)"
207.241.237.228 - - [17/May/2015:15:05:15 +0000] "GET /files/blogposts/20101209/fullheight.html HTTP/1.0" 200 2501 "http://semicomplete.com/?page=2" "Mozilla/5.0 (compatible; archive.org_bot +http://www.archive.org/details/archive.org_bot)"
37.130.227.133 - - [17/May/2015:15:05:51 +0000] "GET /favicon.ico HTTP/1.1" 200 3638 "-" "Mozilla/5.0 (X11; Linux x86_64; rv:27.0) Gecko/20100101 Firefox/27.0"
180.76.6.48 - - [17/May/2015:15:05:56 +0000] "GET /blog/geekery/mini-freebsd-script.html?commentlimit=0 HTTP/1.1" 200 10638 "-" "Mozilla/5.0 (compatible; Baiduspider/2.0; +http://www.baidu.com/search/spider.html)"
68.180.224.225 - - [17/May/2015:15:05:59 +0000] "GET /blog/misc/207.html HTTP/1.1" 200 8554 "-" "Mozilla/5.0 (compatible; Yahoo! Slurp; http://help.yahoo.com/help/us/ysearch/slurp)"
31.142.223.246 - - [17/May/2015:15:05:21 +0000] "GET /images/googledotcom.png HTTP/1.1" 200 65748 "http://www.google.com.tr/search?q=.+www.google.com&client=ms-android-samsung&hl=ar&v=141400000&biw=320&bih=508&tbm=isch&source=lnms&sa=X&ei=3uQAU_rAKKX9ywOynoC4BA&ved=0CAgQ_AUoAA" "Mozilla/5.0 (Linux; U; Android 4.0.4; ar-ae; GT-S7562 Build/IMM76I) AppleWebKit/534.30 (KHTML, like Gecko) Version/4.0 Mobile Safari/534.30"
109.167.131.110 - - [17/May/2015:15:05:50 +0000] "GET /blog/geekery/screen-solaris-terminfo.html HTTP/1.1" 200 9239 "https://www.google.ru/" "Mozilla/5.0 (X11; Linux x86_64) AppleWebKit/537.36 (KHTML, like Gecko) Chrome/31.0.1650.63 Safari/537.36"
109.167.131.110 - - [17/May/2015:15:05:33 +0000] "GET /favicon.ico HTTP/1.1" 200 3638 "-" "Mozilla/5.0 (X11; Linux x86_64) AppleWebKit/537.36 (KHTML, like Gecko) Chrome/31.0.1650.63 Safari/537.36"
109.167.131.110 - - [17/May/2015:15:05:07 +0000] "GET /blog/geekery/screen-solaris-terminfo.html HTTP/1.1" 200 9239 "http://www.semicomplete.com/blog/geekery/screen-solaris-terminfo.html" "Mozilla/5.0 (X11; Linux x86_64) AppleWebKit/537.36 (KHTML, like Gecko) Chrome/31.0.1650.63 Safari/537.36"
109.167.131.110 - - [17/May/2015:15:05:24 +0000] "GET /reset.css HTTP/1.1" 200 1015 "http://www.semicomplete.com/blog/geekery/screen-solaris-terminfo.html" "Mozilla/5.0 (X11; Linux x86_64) AppleWebKit/537.36 (KHTML, like Gecko) Chrome/31.0.1650.63 Safari/537.36"
109.167.131.110 - - [17/May/2015:15:05:36 +0000] "GET /images/jordan-80.png HTTP/1.1" 200 6146 "http://www.semicomplete.com/blog/geekery/screen-solaris-terminfo.html" "Mozilla/5.0 (X11; Linux x86_64) AppleWebKit/537.36 (KHTML, like Gecko) Chrome/31.0.1650.63 Safari/537.36"
109.167.131.110 - - [17/May/2015:15:05:16 +0000] "GET /style2.css HTTP/1.1" 200 4877 "http://www.semicomplete.com/blog/geekery/screen-solaris-terminfo.html" "Mozilla/5.0 (X11; Linux x86_64) AppleWebKit/537.36 (KHTML, like Gecko) Chrome/31.0.1650.63 Safari/537.36"
209.85.238.199 - - [17/May/2015:15:05:02 +0000] "GET /?flav=atom HTTP/1.1" 200 32352 "-" "Feedfetcher-Google; (+http://www.google.com/feedfetcher.html; 16 subscribers; feed-id=3389821348893992437)"
54.36.149.41 - - [22/Jan/2019:03:56:14 +0330] "GET /filter/27|13%20%D9%85%DA%AF%D8%A7%D9%BE%DB%8C%DA%A9%D8%B3%D9%84,27|%DA%A9%D9%85%D8%AA%D8%B1%20%D8%A7%D8%B2%205%20%D9%85%DA%AF%D8%A7%D9%BE%DB%8C%DA%A9%D8%B3%D9%84,p53 HTTP/1.1" 200 30577 "-" "Mozilla/5.0 (compatible; AhrefsBot/6.1; +http://ahrefs.com/robot/)" "-"
31.56.96.51 - - [22/Jan/2019:03:56:16 +0330] "GET /image/60844/productModel/200x200 HTTP/1.1" 200 5667 "https://www.zanbil.ir/m/filter/b113" "Mozilla/5.0 (Linux; Android 6.0; ALE-L21 Build/HuaweiALE-L21) AppleWebKit/537.36 (KHTML, like Gecko) Chrome/66.0.3359.158 Mobile Safari/537.36" "-"
31.56.96.51 - - [22/Jan/2019:03:56:16 +0330] "GET /image/61474/productModel/200x200 HTTP/1.1" 200 5379 "https://www.zanbil.ir/m/filter/b113" "Mozilla/5.0 (Linux; Android 6.0; ALE-L21 Build/HuaweiALE-L21) AppleWebKit/537.36 (KHTML, like Gecko) Chrome/66.0.3359.158 Mobile Safari/537.36" "-"
40.77.167.129 - - [22/Jan/2019:03:56:17 +0330] "GET /image/14925/productModel/100x100 HTTP/1.1" 200 1696 "-" "Mozilla/5.0 (compatible; bingbot/2.0; +http://www.bing.com/bingbot.htm)" "-"
91.99.72.15 - - [22/Jan/2019:03:56:17 +0330] "GET /product/31893/62100/%D8%B3%D8%B4%D9%88%D8%A7%D8%B1-%D8%AE%D8%A7%D9%86%DA%AF%DB%8C-%D9%BE%D8%B1%D9%86%D8%B3%D9%84%DB%8C-%D9%85%D8%AF%D9%84-PR257AT HTTP/1.1" 200 41483 "-" "Mozilla/5.0 (Windows NT 6.2; Win64; x64; rv:16.0)Gecko/16.0 Firefox/16.0" "-"
40.77.167.129 - - [22/Jan/2019:03:56:17 +0330] "GET /image/23488/productModel/150x150 HTTP/1.1" 200 2654 "-" "Mozilla/5.0 (compatible; bingbot/2.0; +http://www.bing.com/bingbot.htm)" "-"
40.77.167.129 - - [22/Jan/2019:03:56:18 +0330] "GET /image/45437/productModel/150x150 HTTP/1.1" 200 3688 "-" "Mozilla/5.0 (compatible; bingbot/2.0; +http://www.bing.com/bingbot.htm)" "-"
40.77.167.129 - - [22/Jan/2019:03:56:18 +0330] "GET /image/576/article/100x100 HTTP/1.1" 200 14776 "-" "Mozilla/5.0 (compatible; bingbot/2.0; +http://www.bing.com/bingbot.htm)" "-"
66.249.66.194 - - [22/Jan/2019:03:56:18 +0330] "GET /filter/b41,b665,c150%7C%D8%A8%D8%AE%D8%A7%D8%B1%D9%BE%D8%B2,p56 HTTP/1.1" 200 34277 "-" "Mozilla/5.0 (compatible; Googlebot/2.1; +http://www.google.com/bot.html)" "-"
40.77.167.129 - - [22/Jan/2019:03:56:18 +0330] "GET /image/57710/productModel/100x100 HTTP/1.1" 200 1695 "-" "Mozilla/5.0 (compatible; bingbot/2.0; +http://www.bing.com/bingbot.htm)" "-"
207.46.13.136 - - [22/Jan/2019:03:56:18 +0330] "GET /product/10214 HTTP/1.1" 200 39677 "-" "Mozilla/5.0 (compatible; bingbot/2.0; +http://www.bing.com/bingbot.htm)" "-"
40.77.167.129 - - [22/Jan/2019:03:56:19 +0330] "GET /image/578/article/100x100 HTTP/1.1" 200 9831 "-" "Mozilla/5.0 (compatible; bingbot/2.0; +http://www.bing.com/bingbot.htm)" "-"
178.253.33.51 - - [22/Jan/2019:03:56:19 +0330] "GET /m/product/32574/62991/%D9%85%D8%A7%D8%B4%DB%8C%D9%86-%D8%A7%D8%B5%D9%84%D8%A7%D8%AD-%D8%B5%D9%88%D8%B1%D8%AA-%D9%BE%D8%B1%D9%86%D8%B3%D9%84%DB%8C-%D9%85%D8%AF%D9%84-PR465AT HTTP/1.1" 200 20406 "https://www.zanbil.ir/m/filter/p5767%2Ct156?name=%D9%85%D8%A7%D8%B4%DB%8C%D9%86-%D8%A7%D8%B5%D9%84%D8%A7%D8%AD&productType=electric-shavers" "Mozilla/5.0 (Linux; Android 5.1; HTC Desire 728 dual sim) AppleWebKit/537.36 (KHTML, like Gecko) Chrome/71.0.3578.83 Mobile Safari/537.36" "-"
40.77.167.129 - - [22/Jan/2019:03:56:19 +0330] "GET /image/6229/productModel/100x100 HTTP/1.1" 200 1796 "-" "Mozilla/5.0 (compatible; bingbot/2.0; +http://www.bing.com/bingbot.htm)" "-"
91.99.72.15 - - [22/Jan/2019:03:56:19 +0330] "GET /product/10075/13903/%D9%85%D8%A7%DB%8C%DA%A9%D8%B1%D9%88%D9%81%D8%B1-%D8%B1%D9%88%D9%85%DB%8C%D8%B2%DB%8C-%D8%B3%D8%A7%D9%85%D8%B3%D9%88%D9%86%DA%AF-%D9%85%D8%AF%D9%84-CE288 HTTP/1.1" 200 41725 "-" "Mozilla/5.0 (X11; Linux x86_64) AppleWebKit/537.36 (KHTML, like Gecko) Chrome/53.0.2785.92 Safari/537.36" "-"
40.77.167.129 - - [22/Jan/2019:03:56:19 +0330] "GET /image/6229/productModel/150x150 HTTP/1.1" 200 2739 "-" "Mozilla/5.0 (compatible; bingbot/2.0; +http://www.bing.com/bingbot.htm)" "-"
207.46.13.136 - - [22/Jan/2019:03:56:19 +0330] "GET /product/14926 HTTP/1.1" 404 33617 "-" "Mozilla/5.0 (compatible; bingbot/2.0; +http://www.bing.com/bingbot.htm)" "-"
40.77.167.129 - - [22/Jan/2019:03:56:19 +0330] "GET /image/6248/productModel/150x150 HTTP/1.1" 200 2788 "-" "Mozilla/5.0 (compatible; bingbot/2.0; +http://www.bing.com/bingbot.htm)" "-"
40.77.167.129 - - [22/Jan/2019:03:56:20 +0330] "GET /image/64815/productModel/150x150 HTTP/1.1" 200 3481 "-" "Mozilla/5.0 (compatible; bingbot/2.0; +http://www.bing.com/bingbot.htm)" "-"
66.249.66.194 - - [22/Jan/2019:03:56:20 +0330] "GET /m/filter/b2,p6 HTTP/1.1" 200 19451 "-" "Mozilla/5.0 (Linux; Android 6.0.1; Nexus 5X Build/MMB29P) AppleWebKit/537.36 (KHTML, like Gecko) Chrome/41.0.2272.96 Mobile Safari/537.36 (compatible; Googlebot/2.1; +http://www.google.com/bot.html)" "-"
91.99.72.15 - - [22/Jan/2019:03:56:20 +0330] "GET /product/32798/63266/%DB%8C%D8%AE%DA%86%D8%A7%D9%84-%D9%81%D8%B1%DB%8C%D8%B2%D8%B1-%D8%B3%DB%8C%D9%86%D8%AC%D8%B1-%D9%85%D8%AF%D9%84-pearl-SR7 HTTP/1.1" 200 40250 "-" "Mozilla/5.0 (X11; Linux x86_64) AppleWebKit/537.36 (KHTML, like Gecko) Chrome/53.0.2785.92 Safari/537.36" "-"
178.253.33.51 - - [22/Jan/2019:03:56:20 +0330] "GET /settings/logo HTTP/1.1" 200 4120 "https://www.zanbil.ir/m/product/32574/62991/%D9%85%D8%A7%D8%B4%DB%8C%D9%86-%D8%A7%D8%B5%D9%84%D8%A7%D8%AD-%D8%B5%D9%88%D8%B1%D8%AA-%D9%BE%D8%B1%D9%86%D8%B3%D9%84%DB%8C-%D9%85%D8%AF%D9%84-PR465AT" "Mozilla/5.0 (Linux; Android 5.1; HTC Desire 728 dual sim) AppleWebKit/537.36 (KHTML, like Gecko) Chrome/71.0.3578.83 Mobile Safari/537.36" "-"
66.249.66.91 - - [22/Jan/2019:03:56:20 +0330] "GET /filter/b874%2Cb32%2Cb63%2Cb99%2Cb126%2Cb820%2Cb249%2Cb3%2Cb148%2Cb724%2Cb613%2Cb183%2Cb213%2Cb484%2Cb224%2Cb734%2Cb20%2Cb95%2Cb542%2Cb212%2Cb485%2Cb523%2Cb221%2Cb118%2Cb186%2Cb67?page=4 HTTP/1.1" 200 39660 "-" "Mozilla/5.0 (compatible; Googlebot/2.1; +http://www.google.com/bot.html)" "-"
31.56.96.51 - - [22/Jan/2019:03:56:20 +0330] "GET /image/60819/productModel/200x200 HTTP/1.1" 200 7171 "https://www.zanbil.ir/m/filter/b113" "Mozilla/5.0 (Linux; Android 6.0; ALE-L21 Build/HuaweiALE-L21) AppleWebKit/537.36 (KHTML, like Gecko) Chrome/66.0.3359.158 Mobile Safari/537.36" "-"
31.56.96.51 - - [22/Jan/2019:03:56:20 +0330] "GET /image/60847/productModel/200x200 HTTP/1.1" 200 5667 "https://www.zanbil.ir/m/filter/b113" "Mozilla/5.0 (Linux; Android 6.0; ALE-L21 Build/HuaweiALE-L21) AppleWebKit/537.36 (KHTML, like Gecko) Chrome/66.0.3359.158 Mobile Safari/537.36" "-"
178.253.33.51 - - [22/Jan/2019:03:56:21 +0330] "GET /image/32574?name=pr465at.jpg&wh=max HTTP/1.1" 200 28825 "https://www.zanbil.ir/m/product/32574/62991/%D9%85%D8%A7%D8%B4%DB%8C%D9%86-%D8%A7%D8%B5%D9%84%D8%A7%D8%AD-%D8%B5%D9%88%D8%B1%D8%AA-%D9%BE%D8%B1%D9%86%D8%B3%D9%84%DB%8C-%D9%85%D8%AF%D9%84-PR465AT" "Mozilla/5.0 (Linux; Android 5.1; HTC Desire 728 dual sim) AppleWebKit/537.36 (KHTML, like Gecko) Chrome/71.0.3578.83 Mobile Safari/537.36" "-"
5.78.198.52 - - [22/Jan/2019:03:56:21 +0330] "GET /m/product/33978/64784/%DA%AF%D9%88%D8%B4%DB%8C-%D9%85%D9%88%D8%A8%D8%A7%DB%8C%D9%84-%D8%B3%D8%A7%D9%85%D8%B3%D9%88%D9%86%DA%AF-%D9%85%D8%AF%D9%84-Galaxy-A9-%282018%29-Dual-128GB-%28SM-A920%29 HTTP/1.1" 200 21931 "https://www.zanbil.ir/m/browse/cell-phone/%DA%AF%D9%88%D8%B4%DB%8C-%D9%85%D9%88%D8%A8%D8%A7%DB%8C%D9%84" "Mozilla/5.0 (Linux; Android 8.0.0; SAMSUNG SM-G950F Build/R16NW) AppleWebKit/537.36 (KHTML, like Gecko) SamsungBrowser/8.2 Chrome/63.0.3239.111 Mobile Safari/537.36" "-"
178.253.33.51 - - [22/Jan/2019:03:56:21 +0330] "GET /image/32574?name=pr465at3.jpg&wh=max HTTP/1.1" 200 24001 "https://www.zanbil.ir/m/product/32574/62991/%D9%85%D8%A7%D8%B4%DB%8C%D9%86-%D8%A7%D8%B5%D9%84%D8%A7%D8%AD-%D8%B5%D9%88%D8%B1%D8%AA-%D9%BE%D8%B1%D9%86%D8%B3%D9%84%DB%8C-%D9%85%D8%AF%D9%84-PR465AT" "Mozilla/5.0 (Linux; Android 5.1; HTC Desire 728 dual sim) AppleWebKit/537.36 (KHTML, like Gecko) Chrome/71.0.3578.83 Mobile Safari/537.36" "-"
207.46.13.136 - - [22/Jan/2019:03:56:21 +0330] "GET /product/30649?model=60398 HTTP/1.1" 200 41198 "-" "Mozilla/5.0 (compatible; bingbot/2.0; +http://www.bing.com/bingbot.htm)" "-"
91.99.72.15 - - [22/Jan/2019:03:56:21 +0330] "GET /product/7793/9663/%D9%85%D8%A7%DB%8C%DA%A9%D8%B1%D9%88%D9%81%D8%B1-%D8%B1%D9%88%D9%85%DB%8C%D8%B2%DB%8C-%D8%B3%D8%A7%D9%85%D8%B3%D9%88%D9%86%DA%AF-%D9%85%D8%AF%D9%84-ME201 HTTP/1.1" 200 40889 "-" "Mozilla/5.0 (X11; Linux x86_64) AppleWebKit/537.36 (KHTML, like Gecko) Chrome/53.0.2785.92 Safari/537.36" "-"
5.78.198.52 - - [22/Jan/2019:03:56:22 +0330] "GET /settings/logo HTTP/1.1" 200 4120 "https://www.zanbil.ir/m/product/33978/64784/%DA%AF%D9%88%D8%B4%DB%8C-%D9%85%D9%88%D8%A8%D8%A7%DB%8C%D9%84-%D8%B3%D8%A7%D9%85%D8%B3%D9%88%D9%86%DA%AF-%D9%85%D8%AF%D9%84-Galaxy-A9-%282018%29-Dual-128GB-%28SM-A920%29" "Mozilla/5.0 (Linux; Android 8.0.0; SAMSUNG SM-G950F Build/R16NW) AppleWebKit/537.36 (KHTML, like Gecko) SamsungBrowser/8.2 Chrome/63.0.3239.111 Mobile Safari/537.36" "-"
66.249.66.194 - - [22/Jan/2019:03:56:22 +0330] "GET /m/browse/gas-heater/%D8%A8%D8%AE%D8%A7%D8%B1%DB%8C-%DA%AF%D8%A7%D8%B2%DB%8C HTTP/1.1" 200 19162 "-" "Mozilla/5.0 (Linux; Android 6.0.1; Nexus 5X Build/MMB29P) AppleWebKit/537.36 (KHTML, like Gecko) Chrome/41.0.2272.96 Mobile Safari/537.36 (compatible; Googlebot/2.1; +http://www.google.com/bot.html)" "-"
66.249.66.194 - - [22/Jan/2019:03:56:22 +0330] "GET /m/article/608/%D8%B9%D9%84%D8%AA-%D8%B5%D8%AF%D8%A7-%D8%AF%D8%A7%D8%AF%D9%86-%DA%AF%D8%B1%D8%AF%D9%86-%D9%88-%D8%AF%D8%B1%D9%85%D8%A7%D9%86-%D8%A2%D9%86 HTTP/1.1" 200 20785 "-" "Mozilla/5.0 (Linux; Android 6.0.1; Nexus 5X Build/MMB29P) AppleWebKit/537.36 (KHTML, like Gecko) Chrome/41.0.2272.96 Mobile Safari/537.36 (compatible; Googlebot/2.1; +http://www.google.com/bot.html)" "-"
34.247.132.53 - - [22/Jan/2019:03:56:22 +0330] "GET / HTTP/1.1" 200 29619 "-" "Mozilla/5.0 (Windows NT 10.0; Win64; x64) AppleWebKit/537.36 (KHTML, like Gecko) Chrome/63.0.3239.84 Safari/537.36" "-"
54.36.149.70 - - [22/Jan/2019:03:56:22 +0330] "GET /filter/b215,b400,p5686,v1|%D8%B3%D9%81%DB%8C%D8%AF%20%D8%A8%D9%86%D9%81%D8%B4. HTTP/1.1" 200 30673 "-" "Mozilla/5.0 (compatible; AhrefsBot/6.1; +http://ahrefs.com/robot/)" "-"
2.177.12.140 - - [22/Jan/2019:03:56:22 +0330] "GET /image/61821/productModel/150x150 HTTP/1.1" 200 6012 "https://www.zanbil.ir/m/product/33606/%D8%AA%D9%84%D9%88%DB%8C%D8%B2%DB%8C%D9%88%D9%86-%D8%A7%D9%84-%D8%A7%DB%8C-%D8%AF%DB%8C-%D8%B3%D8%A7%D9%85%D8%B3%D9%88%D9%86%DA%AF-%D9%85%D8%AF%D9%84-55NU8950-Ultra-HD-4K" "Mozilla/5.0 (Android 7.1.1; Mobile; rv:64.0) Gecko/64.0 Firefox/64.0" "-"
2.177.12.140 - - [22/Jan/2019:03:56:22 +0330] "GET /image/64500/productModel/150x150 HTTP/1.1" 200 4890 "https://www.zanbil.ir/m/product/33606/%D8%AA%D9%84%D9%88%DB%8C%D8%B2%DB%8C%D9%88%D9%86-%D8%A7%D9%84-%D8%A7%DB%8C-%D8%AF%DB%8C-%D8%B3%D8%A7%D9%85%D8%B3%D9%88%D9%86%DA%AF-%D9%85%D8%AF%D9%84-55NU8950-Ultra-HD-4K" "Mozilla/5.0 (Android 7.1.1; Mobile; rv:64.0) Gecko/64.0 Firefox/64.0" "-"
2.177.12.140 - - [22/Jan/2019:03:56:22 +0330] "GET /image/64643/productModel/150x150 HTTP/1.1" 200 5303 "https://www.zanbil.ir/m/product/33606/%D8%AA%D9%84%D9%88%DB%8C%D8%B2%DB%8C%D9%88%D9%86-%D8%A7%D9%84-%D8%A7%DB%8C-%D8%AF%DB%8C-%D8%B3%D8%A7%D9%85%D8%B3%D9%88%D9%86%DA%AF-%D9%85%D8%AF%D9%84-55NU8950-Ultra-HD-4K" "Mozilla/5.0 (Android 7.1.1; Mobile; rv:64.0) Gecko/64.0 Firefox/64.0" "-"
178.253.33.51 - - [22/Jan/2019:03:56:23 +0330] "GET /image/32574?name=pr465at1.jpg&wh=max HTTP/1.1" 200 47078 "https://www.zanbil.ir/m/product/32574/62991/%D9%85%D8%A7%D8%B4%DB%8C%D9%86-%D8%A7%D8%B5%D9%84%D8%A7%D8%AD-%D8%B5%D9%88%D8%B1%D8%AA-%D9%BE%D8%B1%D9%86%D8%B3%D9%84%DB%8C-%D9%85%D8%AF%D9%84-PR465AT" "Mozilla/5.0 (Linux; Android 5.1; HTC Desire 728 dual sim) AppleWebKit/537.36 (KHTML, like Gecko) Chrome/71.0.3578.83 Mobile Safari/537.36" "-"
66.249.66.194 - - [22/Jan/2019:03:56:23 +0330] "GET /product/81900 HTTP/1.1" 404 32278 "-" "Mozilla/5.0 (compatible; Googlebot/2.1; +http://www.google.com/bot.html)" "-"
2.177.12.140 - - [22/Jan/2019:03:56:23 +0330] "GET /image/32703/productType/120x90 HTTP/1.1" 200 13303 "https://www.zanbil.ir/m/product/33606/%D8%AA%D9%84%D9%88%DB%8C%D8%B2%DB%8C%D9%88%D9%86-%D8%A7%D9%84-%D8%A7%DB%8C-%D8%AF%DB%8C-%D8%B3%D8%A7%D9%85%D8%B3%D9%88%D9%86%DA%AF-%D9%85%D8%AF%D9%84-55NU8950-Ultra-HD-4K" "Mozilla/5.0 (Android 7.1.1; Mobile; rv:64.0) Gecko/64.0 Firefox/64.0" "-"
2.177.12.140 - - [22/Jan/2019:03:56:23 +0330] "GET /image/66/productType/120x90 HTTP/1.1" 200 10840 "https://www.zanbil.ir/m/product/33606/%D8%AA%D9%84%D9%88%DB%8C%D8%B2%DB%8C%D9%88%D9%86-%D8%A7%D9%84-%D8%A7%DB%8C-%D8%AF%DB%8C-%D8%B3%D8%A7%D9%85%D8%B3%D9%88%D9%86%DA%AF-%D9%85%D8%AF%D9%84-55NU8950-Ultra-HD-4K" "Mozilla/5.0 (Android 7.1.1; Mobile; rv:64.0) Gecko/64.0 Firefox/64.0" "-"
178.253.33.51 - - [22/Jan/2019:03:56:24 +0330] "GET /image/32574?name=pr465at2.jpg&wh=max HTTP/1.1" 200 46807 "https://www.zanbil.ir/m/product/32574/62991/%D9%85%D8%A7%D8%B4%DB%8C%D9%86-%D8%A7%D8%B5%D9%84%D8%A7%D8%AD-%D8%B5%D9%88%D8%B1%D8%AA-%D9%BE%D8%B1%D9%86%D8%B3%D9%84%DB%8C-%D9%85%D8%AF%D9%84-PR465AT" "Mozilla/5.0 (Linux; Android 5.1; HTC Desire 728 dual sim) AppleWebKit/537.36 (KHTML, like Gecko) Chrome/71.0.3578.83 Mobile Safari/537.36" "-"
2.177.12.140 - - [22/Jan/2019:03:56:24 +0330] "GET /static/images/amp/blog.png HTTP/1.1" 200 3863 "https://www.zanbil.ir/m/product/33606/%D8%AA%D9%84%D9%88%DB%8C%D8%B2%DB%8C%D9%88%D9%86-%D8%A7%D9%84-%D8%A7%DB%8C-%D8%AF%DB%8C-%D8%B3%D8%A7%D9%85%D8%B3%D9%88%D9%86%DA%AF-%D9%85%D8%AF%D9%84-55NU8950-Ultra-HD-4K" "Mozilla/5.0 (Android 7.1.1; Mobile; rv:64.0) Gecko/64.0 Firefox/64.0" "-"
2.177.12.140 - - [22/Jan/2019:03:56:24 +0330] "GET /static/images/amp/instagram.png HTTP/1.1" 200 7146 "https://www.zanbil.ir/m/product/33606/%D8%AA%D9%84%D9%88%DB%8C%D8%B2%DB%8C%D9%88%D9%86-%D8%A7%D9%84-%D8%A7%DB%8C-%D8%AF%DB%8C-%D8%B3%D8%A7%D9%85%D8%B3%D9%88%D9%86%DA%AF-%D9%85%D8%AF%D9%84-55NU8950-Ultra-HD-4K" "Mozilla/5.0 (Android 7.1.1; Mobile; rv:64.0) Gecko/64.0 Firefox/64.0" "-"
2.177.12.140 - - [22/Jan/2019:03:56:24 +0330] "GET /static/images/amp/telegram.png HTTP/1.1" 200 4859 "https://www.zanbil.ir/m/product/33606/%D8%AA%D9%84%D9%88%DB%8C%D8%B2%DB%8C%D9%88%D9%86-%D8%A7%D9%84-%D8%A7%DB%8C-%D8%AF%DB%8C-%D8%B3%D8%A7%D9%85%D8%B3%D9%88%D9%86%DA%AF-%D9%85%D8%AF%D9%84-55NU8950-Ultra-HD-4K" "Mozilla/5.0 (Android 7.1.1; Mobile; rv:64.0) Gecko/64.0 Firefox/64.0" "-"
66.249.66.91 - - [22/Jan/2019:03:56:24 +0330] "GET /image/63014/productModel/100x100 HTTP/1.1" 200 2573 "-" "Googlebot-Image/1.0" "-"
2.177.12.140 - - [22/Jan/2019:03:56:25 +0330] "GET /static/images/amp/third-party/footer-mobile.png HTTP/1.1" 200 62894 "https://www.zanbil.ir/m/product/33606/%D8%AA%D9%84%D9%88%DB%8C%D8%B2%DB%8C%D9%88%D9%86-%D8%A7%D9%84-%D8%A7%DB%8C-%D8%AF%DB%8C-%D8%B3%D8%A7%D9%85%D8%B3%D9%88%D9%86%DA%AF-%D9%85%D8%AF%D9%84-55NU8950-Ultra-HD-4K" "Mozilla/5.0 (Android 7.1.1; Mobile; rv:64.0) Gecko/64.0 Firefox/64.0" "-"
2.177.12.140 - - [22/Jan/2019:03:56:25 +0330] "GET /image/33618/productType/120x90 HTTP/1.1" 200 10695 "https://www.zanbil.ir/m/product/33606/%D8%AA%D9%84%D9%88%DB%8C%D8%B2%DB%8C%D9%88%D9%86-%D8%A7%D9%84-%D8%A7%DB%8C-%D8%AF%DB%8C-%D8%B3%D8%A7%D9%85%D8%B3%D9%88%D9%86%DA%AF-%D9%85%D8%AF%D9%84-55NU8950-Ultra-HD-4K" "Mozilla/5.0 (Android 7.1.1; Mobile; rv:64.0) Gecko/64.0 Firefox/64.0" "-"
2.177.12.140 - - [22/Jan/2019:03:56:25 +0330] "GET /image/64272/productModel/150x150 HTTP/1.1" 200 3768 "https://www.zanbil.ir/m/product/33606/%D8%AA%D9%84%D9%88%DB%8C%D8%B2%DB%8C%D9%88%D9%86-%D8%A7%D9%84-%D8%A7%DB%8C-%D8%AF%DB%8C-%D8%B3%D8%A7%D9%85%D8%B3%D9%88%D9%86%DA%AF-%D9%85%D8%AF%D9%84-55NU8950-Ultra-HD-4K" "Mozilla/5.0 (Android 7.1.1; Mobile; rv:64.0) Gecko/64.0 Firefox/64.0" "-"
2.177.12.140 - - [22/Jan/2019:03:56:26 +0330] "GET /image/64648/productModel/150x150 HTTP/1.1" 200 6035 "https://www.zanbil.ir/m/product/33606/%D8%AA%D9%84%D9%88%DB%8C%D8%B2%DB%8C%D9%88%D9%86-%D8%A7%D9%84-%D8%A7%DB%8C-%D8%AF%DB%8C-%D8%B3%D8%A7%D9%85%D8%B3%D9%88%D9%86%DA%AF-%D9%85%D8%AF%D9%84-55NU8950-Ultra-HD-4K" "Mozilla/5.0 (Android 7.1.1; Mobile; rv:64.0) Gecko/64.0 Firefox/64.0" "-"
5.78.198.52 - - [22/Jan/2019:03:56:26 +0330] "POST /m/updateVariation?__amp_source_origin=https%3A%2F%2Fwww.zanbil.ir HTTP/1.1" 200 171 "https://www.zanbil.ir/m/product/33978/64784/%DA%AF%D9%88%D8%B4%DB%8C-%D9%85%D9%88%D8%A8%D8%A7%DB%8C%D9%84-%D8%B3%D8%A7%D9%85%D8%B3%D9%88%D9%86%DA%AF-%D9%85%D8%AF%D9%84-Galaxy-A9-%282018%29-Dual-128GB-%28SM-A920%29" "Mozilla/5.0 (Linux; Android 8.0.0; SAMSUNG SM-G950F Build/R16NW) AppleWebKit/537.36 (KHTML, like Gecko) SamsungBrowser/8.2 Chrome/63.0.3239.111 Mobile Safari/537.36" "-"
2.177.12.140 - - [22/Jan/2019:03:56:26 +0330] "GET /image/33419/productType/120x90 HTTP/1.1" 200 5341 "https://www.zanbil.ir/m/product/33606/%D8%AA%D9%84%D9%88%DB%8C%D8%B2%DB%8C%D9%88%D9%86-%D8%A7%D9%84-%D8%A7%DB%8C-%D8%AF%DB%8C-%D8%B3%D8%A7%D9%85%D8%B3%D9%88%D9%86%DA%AF-%D9%85%D8%AF%D9%84-55NU8950-Ultra-HD-4K" "Mozilla/5.0 (Android 7.1.1; Mobile; rv:64.0) Gecko/64.0 Firefox/64.0" "-"
66.249.66.91 - - [22/Jan/2019:03:56:27 +0330] "GET /filter/b656%2Cb703%2Cb67%2Cb226%2Cb41%2Cb598%2Cb168%2Cb723%2Cb597%2Cb88%2Cb548%2Cb6%2Cb679%2Cb215%2Cb105%2Cb194%2Cb74%2Cb542%2Cb35%2Cb113%2Cb820%2Cb574%2Cb442%2Cb880%2Cb645%2Cb724%2Cb118%2Cb482%2Cb400%2Cb95%2Cb135%2Cb249%2Cb435%2Cb221%2Cb523%2Cb854%2Cb126%2Cstexists%2Cb216%2Cb217%2Cb152%2Cb99%2Cb188%2Cb209%2Cb192%2Cb213%2Cb136%2Cb218%2Cb4%2Cb648%2Cb454%2Cb258%2Cb270%2Cb180?page=40 HTTP/1.1" 200 41228 "-" "Mozilla/5.0 (compatible; Googlebot/2.1; +http://www.google.com/bot.html)" "-"
66.249.66.91 - - [22/Jan/2019:03:56:27 +0330] "GET /image/26027?name=deuter-0760-5234921-1-zoom.jpg&wh=200x200 HTTP/1.1" 200 6642 "-" "Googlebot-Image/1.0" "-"
5.78.198.52 - - [22/Jan/2019:03:56:27 +0330] "POST /m/updateVariation?__amp_source_origin=https%3A%2F%2Fwww.zanbil.ir HTTP/1.1" 200 171 "https://www.zanbil.ir/m/product/33978/64784/%DA%AF%D9%88%D8%B4%DB%8C-%D9%85%D9%88%D8%A8%D8%A7%DB%8C%D9%84-%D8%B3%D8%A7%D9%85%D8%B3%D9%88%D9%86%DA%AF-%D9%85%D8%AF%D9%84-Galaxy-A9-%282018%29-Dual-128GB-%28SM-A920%29" "Mozilla/5.0 (Linux; Android 8.0.0; SAMSUNG SM-G950F Build/R16NW) AppleWebKit/537.36 (KHTML, like Gecko) SamsungBrowser/8.2 Chrome/63.0.3239.111 Mobile Safari/537.36" "-"
89.199.193.251 - - [22/Jan/2019:03:56:27 +0330] "GET /image/33888?name=model-b2048u-1-.jpg&wh=200x200 HTTP/1.1" 200 3975 "-" "torob/5 CFNetwork/976 Darwin/18.2.0" "-"
66.111.54.249 - - [22/Jan/2019:03:56:27 +0330] "GET /m/filter/b1%2Cp1?page=1 HTTP/1.1" 200 21202 "https://www-zanbil-ir.cdn.ampproject.org/v/s/www.zanbil.ir/m/filter/b1,p1?amp_js_v=0.1&usqp=mq331AQECAEoAQ%3D%3D" "Mozilla/5.0 (Linux; Android 5.0; SM-G900H Build/LRX21T) AppleWebKit/537.36 (KHTML, like Gecko) Chrome/39.0.2171.93 Mobile Safari/537.36" "-"
66.249.66.194 - - [22/Jan/2019:03:56:28 +0330] "GET /m/filter/b105,b113,b118,b126,b135,b136,b152,b168,b180,b188,b192,b194,b209,b213,b215,b216,b217,b218,b221,b226,b249,b258,b270,b35,b4,b400,b41,b435,b442,b454,b482,b523,b542,b548,b574,b597,b598,b6,b645,b648,b656,b67,b679,b703,b723,b724,b74,b820,b854,b88,b880,b95,b99,stexists HTTP/1.1" 200 26859 "-" "Mozilla/5.0 (Linux; Android 6.0.1; Nexus 5X Build/MMB29P) AppleWebKit/537.36 (KHTML, like Gecko) Chrome/41.0.2272.96 Mobile Safari/537.36 (compatible; Googlebot/2.1; +http://www.google.com/bot.html)" "-"
5.78.198.52 - - [22/Jan/2019:03:56:28 +0330] "POST /m/updateVariation?__amp_source_origin=https%3A%2F%2Fwww.zanbil.ir HTTP/1.1" 200 171 "https://www.zanbil.ir/m/product/33978/64784/%DA%AF%D9%88%D8%B4%DB%8C-%D9%85%D9%88%D8%A8%D8%A7%DB%8C%D9%84-%D8%B3%D8%A7%D9%85%D8%B3%D9%88%D9%86%DA%AF-%D9%85%D8%AF%D9%84-Galaxy-A9-%282018%29-Dual-128GB-%28SM-A920%29" "Mozilla/5.0 (Linux; Android 8.0.0; SAMSUNG SM-G950F Build/R16NW) AppleWebKit/537.36 (KHTML, like Gecko) SamsungBrowser/8.2 Chrome/63.0.3239.111 Mobile Safari/537.36" "-"
207.46.13.115 - - [22/Jan/2019:03:56:29 +0330] "GET /image/45443/productModel/150x150 HTTP/1.1" 200 2891 "-" "Mozilla/5.0 (compatible; bingbot/2.0; +http://www.bing.com/bingbot.htm)" "-"
207.46.13.115 - - [22/Jan/2019:03:56:29 +0330] "GET /image/46131/productModel/100x100 HTTP/1.1" 200 1981 "-" "Mozilla/5.0 (compatible; bingbot/2.0; +http://www.bing.com/bingbot.htm)" "-"
5.78.198.52 - - [22/Jan/2019:03:56:29 +0330] "POST /m/updateVariation?__amp_source_origin=https%3A%2F%2Fwww.zanbil.ir HTTP/1.1" 200 171 "https://www.zanbil.ir/m/product/33978/64784/%DA%AF%D9%88%D8%B4%DB%8C-%D9%85%D9%88%D8%A8%D8%A7%DB%8C%D9%84-%D8%B3%D8%A7%D9%85%D8%B3%D9%88%D9%86%DA%AF-%D9%85%D8%AF%D9%84-Galaxy-A9-%282018%29-Dual-128GB-%28SM-A920%29" "Mozilla/5.0 (Linux; Android 8.0.0; SAMSUNG SM-G950F Build/R16NW) AppleWebKit/537.36 (KHTML, like Gecko) SamsungBrowser/8.2 Chrome/63.0.3239.111 Mobile Safari/537.36" "-"
66.111.54.249 - - [22/Jan/2019:03:56:29 +0330] "GET /static/images/guarantees/goodShopping.png HTTP/1.1" 200 6496 "https://www.zanbil.ir/m/filter/b1%2Cp1?page=1" "Mozilla/5.0 (Linux; Android 5.0; SM-G900H Build/LRX21T) AppleWebKit/537.36 (KHTML, like Gecko) Chrome/39.0.2171.93 Mobile Safari/537.36" "-"
66.111.54.249 - - [22/Jan/2019:03:56:29 +0330] "GET /static/images/guarantees/warranty.png HTTP/1.1" 200 5807 "https://www.zanbil.ir/m/filter/b1%2Cp1?page=1" "Mozilla/5.0 (Linux; Android 5.0; SM-G900H Build/LRX21T) AppleWebKit/537.36 (KHTML, like Gecko) Chrome/39.0.2171.93 Mobile Safari/537.36" "-"
66.111.54.249 - - [22/Jan/2019:03:56:29 +0330] "GET /static/images/guarantees/support.png HTTP/1.1" 200 6454 "https://www.zanbil.ir/m/filter/b1%2Cp1?page=1" "Mozilla/5.0 (Linux; Android 5.0; SM-G900H Build/LRX21T) AppleWebKit/537.36 (KHTML, like Gecko) Chrome/39.0.2171.93 Mobile Safari/537.36" "-"
66.111.54.249 - - [22/Jan/2019:03:56:29 +0330] "GET /static/images/guarantees/bestPrice.png HTTP/1.1" 200 7356 "https://www.zanbil.ir/m/filter/b1%2Cp1?page=1" "Mozilla/5.0 (Linux; Android 5.0; SM-G900H Build/LRX21T) AppleWebKit/537.36 (KHTML, like Gecko) Chrome/39.0.2171.93 Mobile Safari/537.36" "-"
173.249.54.67 - - [22/Jan/2019:03:56:29 +0330] "GET /image/32757?name=eb-x41-4.jpg&wh=200x200 HTTP/1.1" 200 3763 "-" "Dalvik/2.1.0 (Linux; U; Android 8.0.0; PRA-LA1 Build/HONORPRA-LA1)" "-"
5.112.52.254 - - [22/Jan/2019:03:56:29 +0330] "GET /image/1221?name=rs12w.jpg&wh=200x200 HTTP/1.1" 200 2856 "-" "Dalvik/2.1.0 (Linux; U; Android 8.1.0; SM-J530F Build/M1AJQ)" "-"
66.111.54.249 - - [22/Jan/2019:03:56:29 +0330] "GET /static/css/font/wyekan/font.woff HTTP/1.1" 200 28536 "https://www.zanbil.ir/m/filter/b1%2Cp1?page=1" "Mozilla/5.0 (Linux; Android 5.0; SM-G900H Build/LRX21T) AppleWebKit/537.36 (KHTML, like Gecko) Chrome/39.0.2171.93 Mobile Safari/537.36" "-"
5.112.52.254 - - [22/Jan/2019:03:56:29 +0330] "GET /image/32837?name=des-3600-1111.jpg&wh=200x200 HTTP/1.1" 200 3323 "-" "Dalvik/2.1.0 (Linux; U; Android 8.1.0; SM-J530F Build/M1AJQ)" "-"
207.46.13.115 - - [22/Jan/2019:03:56:29 +0330] "GET /image/553/article/100x100 HTTP/1.1" 200 11229 "-" "Mozilla/5.0 (compatible; bingbot/2.0; +http://www.bing.com/bingbot.htm)" "-"
66.111.54.249 - - [22/Jan/2019:03:56:29 +0330] "GET /static/images/guarantees/fastDelivery.png HTTP/1.1" 200 7713 "https://www.zanbil.ir/m/filter/b1%2Cp1?page=1" "Mozilla/5.0 (Linux; Android 5.0; SM-G900H Build/LRX21T) AppleWebKit/537.36 (KHTML, like Gecko) Chrome/39.0.2171.93 Mobile Safari/537.36" "-"
66.249.66.194 - - [22/Jan/2019:03:56:29 +0330] "GET /product/4057/47/78306 HTTP/1.1" 200 41398 "-" "Mozilla/5.0 (compatible; Googlebot/2.1; +http://www.google.com/bot.html)" "-"
173.249.54.67 - - [22/Jan/2019:03:56:30 +0330] "GET /image/28893?name=1450677370thumb.jpg&wh=200x200 HTTP/1.1" 200 3862 "-" "Dalvik/2.1.0 (Linux; U; Android 8.0.0; PRA-LA1 Build/HONORPRA-LA1)" "-"
207.46.13.115 - - [22/Jan/2019:03:56:30 +0330] "GET /image/6239/productModel/100x100 HTTP/1.1" 200 1807 "-" "Mozilla/5.0 (compatible; bingbot/2.0; +http://www.bing.com/bingbot.htm)" "-"
207.46.13.115 - - [22/Jan/2019:03:56:30 +0330] "GET /image/6239/productModel/150x150 HTTP/1.1" 200 2737 "-" "Mozilla/5.0 (compatible; bingbot/2.0; +http://www.bing.com/bingbot.htm)" "-"
5.78.198.52 - - [22/Jan/2019:03:56:30 +0330] "POST /m/updateVariation?__amp_source_origin=https%3A%2F%2Fwww.zanbil.ir HTTP/1.1" 200 394 "https://www.zanbil.ir/m/product/33978/64784/%DA%AF%D9%88%D8%B4%DB%8C-%D9%85%D9%88%D8%A8%D8%A7%DB%8C%D9%84-%D8%B3%D8%A7%D9%85%D8%B3%D9%88%D9%86%DA%AF-%D9%85%D8%AF%D9%84-Galaxy-A9-%282018%29-Dual-128GB-%28SM-A920%29" "Mozilla/5.0 (Linux; Android 8.0.0; SAMSUNG SM-G950F Build/R16NW) AppleWebKit/537.36 (KHTML, like Gecko) SamsungBrowser/8.2 Chrome/63.0.3239.111 Mobile Safari/537.36" "-"
173.249.54.67 - - [22/Jan/2019:03:56:30 +0330] "GET /image/32745?name=ms506-14.jpg&wh=200x200 HTTP/1.1" 200 3901 "-" "Dalvik/2.1.0 (Linux; U; Android 8.0.0; PRA-LA1 Build/HONORPRA-LA1)" "-"
66.249.66.91 - - [22/Jan/2019:03:56:30 +0330] "GET /filter/b481%2Cb43%2Cb874%2Cb32%2Cb67%2Cb36%2Cb226%2Cb41%2Cb136%2Cb570%2Cb180%2Cb615%2Cb168%2Cb648%2Cb103%2Cb148%2Cb80%2Cb597%2Cb724%2Cb613%2Cb5%2Cb135%2Cb877%2Cb194%2Cb1%2Cb256%2Cb854%2Cb198%2Cb656%2Cb679%2Cb3%2Cb202%2Cb20%2Cb542%2Cb723%2Cb482%2Cb212%2Cb2%2Cb546%2Cb218%2Cb441%2Cb523%2Cb484%2Cb261%2Cb219%2Cb113?page=195 HTTP/1.1" 200 39665 "-" "Mozilla/5.0 (compatible; Googlebot/2.1; +http://www.google.com/bot.html)" "-"
207.46.13.115 - - [22/Jan/2019:03:56:31 +0330] "GET /image/6246/productModel/150x150 HTTP/1.1" 200 2817 "-" "Mozilla/5.0 (compatible; bingbot/2.0; +http://www.bing.com/bingbot.htm)" "-"
5.211.97.39 - - [22/Jan/2019:03:56:31 +0330] "HEAD /amp_preconnect_polyfill_404_or_other_error_expected._Do_not_worry_about_it?1548117000000 HTTP/1.1" 404 0 "https://www.zanbil.ir/m/browse/cooking-tools/%D9%BE%D8%AE%D8%AA-%D9%88-%D9%BE%D8%B2" "Mozilla/5.0 (iPhone; CPU iPhone OS 10_3_2 like Mac OS X) AppleWebKit/603.2.4 (KHTML, like Gecko) Version/10.0 Mobile/14F89 Safari/602.1" "-"
66.249.66.91 - - [22/Jan/2019:03:56:31 +0330] "GET /filter/b481%2Cb874%2Cb226%2Cb570%2Cb598%2Cstexists%2Cb880%2Cb270%2Cb883%2Cb99%2Cb261%2Cb249%2Cb20%2Cb701%2Cb723%2Cb198%2Cb35%2Cb548%2Cb183%2Cb103%2Cb1%2Cb126%2Cb523%2Cb192%2Cb890%2Cb236%2Cb256%2Cb74%2Cb209%2Cb651%2Cb41%2Cb202%2Cb647%2Cb613%2Cb238%2Cb6%2Cb36%2Cb50%2Cb3%2Cb216%2Cb218%2Cb95%2Cb882%2Cb186%2Cb32%2Cb194%2Cb188%2Cb795%2Cb67%2Cb231%2Cb573%2Cb542%2Cb596%2Cb215%2Cb619%2Cb125%2Cb258?page=1 HTTP/1.1" 200 41329 "-" "Mozilla/5.0 (compatible; Googlebot/2.1; +http://www.google.com/bot.html)" "-"
173.249.54.67 - - [22/Jan/2019:03:56:31 +0330] "GET /image/32756?name=eb-x05-11.jpg&wh=200x200 HTTP/1.1" 200 3130 "-" "Dalvik/2.1.0 (Linux; U; Android 8.0.0; PRA-LA1 Build/HONORPRA-LA1)" "-"
31.56.96.51 - - [22/Jan/2019:03:56:32 +0330] "GET /static/images/amp/instagram.png HTTP/1.1" 200 7146 "https://www.zanbil.ir/m/filter/b113" "Mozilla/5.0 (Linux; Android 6.0; ALE-L21 Build/HuaweiALE-L21) AppleWebKit/537.36 (KHTML, like Gecko) Chrome/66.0.3359.158 Mobile Safari/537.36" "-"
31.56.96.51 - - [22/Jan/2019:03:56:32 +0330] "GET /static/images/amp/telegram.png HTTP/1.1" 200 4859 "https://www.zanbil.ir/m/filter/b113" "Mozilla/5.0 (Linux; Android 6.0; ALE-L21 Build/HuaweiALE-L21) AppleWebKit/537.36 (KHTML, like Gecko) Chrome/66.0.3359.158 Mobile Safari/537.36" "-"
31.56.96.51 - - [22/Jan/2019:03:56:32 +0330] "GET /static/images/amp/blog.png HTTP/1.1" 200 3863 "https://www.zanbil.ir/m/filter/b113" "Mozilla/5.0 (Linux; Android 6.0; ALE-L21 Build/HuaweiALE-L21) AppleWebKit/537.36 (KHTML, like Gecko) Chrome/66.0.3359.158 Mobile Safari/537.36" "-"
207.46.13.115 - - [22/Jan/2019:03:56:32 +0330] "GET /image/6471/productModel/100x100 HTTP/1.1" 200 2007 "-" "Mozilla/5.0 (compatible; bingbot/2.0; +http://www.bing.com/bingbot.htm)" "-"
5.78.198.52 - - [22/Jan/2019:03:56:32 +0330] "POST /m/updateVariation?__amp_source_origin=https%3A%2F%2Fwww.zanbil.ir HTTP/1.1" 200 171 "https://www.zanbil.ir/m/product/33978/64784/%DA%AF%D9%88%D8%B4%DB%8C-%D9%85%D9%88%D8%A8%D8%A7%DB%8C%D9%84-%D8%B3%D8%A7%D9%85%D8%B3%D9%88%D9%86%DA%AF-%D9%85%D8%AF%D9%84-Galaxy-A9-%282018%29-Dual-128GB-%28SM-A920%29" "Mozilla/5.0 (Linux; Android 8.0.0; SAMSUNG SM-G950F Build/R16NW) AppleWebKit/537.36 (KHTML, like Gecko) SamsungBrowser/8.2 Chrome/63.0.3239.111 Mobile Safari/537.36" "-"
2.179.141.98 - - [22/Jan/2019:03:56:32 +0330] "POST /ajaxFilter/p65,b1?page=1 HTTP/1.1" 200 5409 "https://www.zanbil.ir/filter/p65,b1?page=0" "Mozilla/5.0 (Windows NT 6.1) AppleWebKit/537.36 (KHTML, like Gecko) Chrome/71.0.3578.98 Safari/537.36" "-"
2.179.141.98 - - [22/Jan/2019:03:56:32 +0330] "GET /static/js/accordion.js?_=1548117035128 HTTP/1.1" 200 258 "https://www.zanbil.ir/filter/p65,b1?page=0" "Mozilla/5.0 (Windows NT 6.1) AppleWebKit/537.36 (KHTML, like Gecko) Chrome/71.0.3578.98 Safari/537.36" "-"
5.78.198.52 - - [22/Jan/2019:03:56:33 +0330] "POST /m/updateVariation?__amp_source_origin=https%3A%2F%2Fwww.zanbil.ir HTTP/1.1" 200 171 "https://www.zanbil.ir/m/product/33978/64784/%DA%AF%D9%88%D8%B4%DB%8C-%D9%85%D9%88%D8%A8%D8%A7%DB%8C%D9%84-%D8%B3%D8%A7%D9%85%D8%B3%D9%88%D9%86%DA%AF-%D9%85%D8%AF%D9%84-Galaxy-A9-%282018%29-Dual-128GB-%28SM-A920%29" "Mozilla/5.0 (Linux; Android 8.0.0; SAMSUNG SM-G950F Build/R16NW) AppleWebKit/537.36 (KHTML, like Gecko) SamsungBrowser/8.2 Chrome/63.0.3239.111 Mobile Safari/537.36" "-"
91.99.72.15 - - [22/Jan/2019:03:56:34 +0330] "GET /product/29080?model=58289 HTTP/1.1" 200 41308 "-" "Mozilla/5.0 (X11; Linux x86_64) AppleWebKit/537.36 (KHTML, like Gecko) Chrome/53.0.2785.92 Safari/537.36" "-"
5.78.198.52 - - [22/Jan/2019:03:56:34 +0330] "POST /m/updateVariation?__amp_source_origin=https%3A%2F%2Fwww.zanbil.ir HTTP/1.1" 200 394 "https://www.zanbil.ir/m/product/33978/64784/%DA%AF%D9%88%D8%B4%DB%8C-%D9%85%D9%88%D8%A8%D8%A7%DB%8C%D9%84-%D8%B3%D8%A7%D9%85%D8%B3%D9%88%D9%86%DA%AF-%D9%85%D8%AF%D9%84-Galaxy-A9-%282018%29-Dual-128GB-%28SM-A920%29" "Mozilla/5.0 (Linux; Android 8.0.0; SAMSUNG SM-G950F Build/R16NW) AppleWebKit/537.36 (KHTML, like Gecko) SamsungBrowser/8.2 Chrome/63.0.3239.111 Mobile Safari/537.36" "-"
