111.199.235.239 - - [17/May/2015:13:05:35 +0000] "GET /presentations/logstash-puppetconf-2012/images/nagios-sms6.png HTTP/1.1" 200 82859 "http://semicomplete.com/presentations/logstash-puppetconf-2012/" "Mozilla/5.0 (Macintosh; Intel Mac OS X 10_8_5) AppleWebKit/536.30.1 (KHTML, like Gecko) Version/6.0.5 Safari/536.30.1"
66.249.73.135 - - [17/May/2015:13:05:53 +0000] "GET /blog/tags/xpathtool HTTP/1.1" 200 12150 "-" "Mozilla/5.0 (iPhone; CPU iPhone OS 6_0 like Mac OS X) AppleWebKit/536.26 (KHTML, like Gecko) Version/6.0 Mobile/10A5376e Safari/8536.25 (compatible; Googlebot/2.1; +http://www.google.com/bot.html)"
111.199.235.239 - - [17/May/2015:13:05:02 +0000] "GET /presentations/logstash-puppetconf-2012/images/pc-load-letter.jpg HTTP/1.1" 200 71808 "http://semicomplete.com/presentations/logstash-puppetconf-2012/" "Mozilla/5.0 (Macintosh; Intel Mac OS X 10_8_5) AppleWebKit/536.30.1 (KHTML, like Gecko) Version/6.0.5 Safari/536.30.1"
111.199.235.239 - - [17/May/2015:13:05:29 +0000] "GET /presentations/logstash-puppetconf-2012/images/frontend-response-codes.png HTTP/1.1" 200 52878 "http://semicomplete.com/presentations/logstash-puppetconf-2012/" "Mozilla/5.0 (Macintosh; Intel Mac OS X 10_8_5) AppleWebKit/536.30.1 (KHTML, like Gecko) Version/6.0.5 Safari/536.30.1"
111.199.235.239 - - [17/May/2015:13:05:25 +0000] "GET /presentations/logstash-puppetconf-2012/images/office-space-printer-beat-down-gif.gif HTTP/1.1" 404 364 "http://semicomplete.com/presentations/logstash-puppetconf-2012/" "Mozilla/5.0 (Macintosh; Intel Mac OS X 10_8_5) AppleWebKit/536.30.1 (KHTML, like Gecko) Version/6.0.5 Safari/536.30.1"
111.199.235.239 - - [17/May/2015:13:05:09 +0000] "GET /presentations/logstash-puppetconf-2012/images/xkcd-perl.png HTTP/1.1" 200 80663 "http://semicomplete.com/presentations/logstash-puppetconf-2012/" "Mozilla/5.0 (Macintosh; Intel Mac OS X 10_8_5) AppleWebKit/536.30.1 (KHTML, like Gecko) Version/6.0.5 Safari/536.30.1"
111.199.235.239 - - [17/May/2015:13:05:01 +0000] "GET /presentations/logstash-puppetconf-2012/images/xkcd-perlswing-many.png HTTP/1.1" 200 100207 "http://semicomplete.com/presentations/logstash-puppetconf-2012/" "Mozilla/5.0 (Macintosh; Intel Mac OS X 10_8_5) AppleWebKit/536.30.1 (KHTML, like Gecko) Version/6.0.5 Safari/536.30.1"
111.199.235.239 - - [17/May/2015:13:05:36 +0000] "GET /presentations/logstash-puppetconf-2012/images/lifecycle.png HTTP/1.1" 200 9618 "http://semicomplete.com/presentations/logstash-puppetconf-2012/" "Mozilla/5.0 (Macintosh; Intel Mac OS X 10_8_5) AppleWebKit/536.30.1 (KHTML, like Gecko) Version/6.0.5 Safari/536.30.1"
111.199.235.239 - - [17/May/2015:13:05:55 +0000] "GET /presentations/logstash-puppetconf-2012/images/kibana-chef-agent.png HTTP/1.1" 200 73187 "http://semicomplete.com/presentations/logstash-puppetconf-2012/" "Mozilla/5.0 (Macintosh; Intel Mac OS X 10_8_5) AppleWebKit/536.30.1 (KHTML, like Gecko) Version/6.0.5 Safari/536.30.1"
111.199.235.239 - - [17/May/2015:13:05:59 +0000] "GET /presentations/logstash-puppetconf-2012/images/kibana-logstash-downloads.png HTTP/1.1" 200 95058 "http://semicomplete.com/presentations/logstash-puppetconf-2012/" "Mozilla/5.0 (Macintosh; Intel Mac OS X 10_8_5) AppleWebKit/536.30.1 (KHTML, like Gecko) Version/6.0.5 Safari/536.30.1"
111.199.235.239 - - [17/May/2015:13:05:40 +0000] "GET /presentations/logstash-puppetconf-2012/images/trollface.png HTTP/1.1" 200 58123 "http://semicomplete.com/presentations/logstash-puppetconf-2012/" "Mozilla/5.0 (Macintosh; Intel Mac OS X 10_8_5) AppleWebKit/536.30.1 (KHTML, like Gecko) Version/6.0.5 Safari/536.30.1"
111.199.235.239 - - [17/May/2015:13:05:14 +0000] "GET /presentations/logstash-puppetconf-2012/images/computer-keyboard-jacket.jpg HTTP/1.1" 200 176805 "http://semicomplete.com/presentations/logstash-puppetconf-2012/" "Mozilla/5.0 (Macintosh; Intel Mac OS X 10_8_5) AppleWebKit/536.30.1 (KHTML, like Gecko) Version/6.0.5 Safari/536.30.1"
111.199.235.239 - - [17/May/2015:13:05:04 +0000] "GET /presentations/logstash-puppetconf-2012/images/psychoaxe.jpg HTTP/1.1" 200 29179 "http://semicomplete.com/presentations/logstash-puppetconf-2012/" "Mozilla/5.0 (Macintosh; Intel Mac OS X 10_8_5) AppleWebKit/536.30.1 (KHTML, like Gecko) Version/6.0.5 Safari/536.30.1"
111.199.235.239 - - [17/May/2015:13:05:16 +0000] "GET /presentations/logstash-puppetconf-2012/images/stats-negative-min.png HTTP/1.1" 200 46139 "http://semicomplete.com/presentations/logstash-puppetconf-2012/" "Mozilla/5.0 (Macintosh; Intel Mac OS X 10_8_5) AppleWebKit/536.30.1 (KHTML, like Gecko) Version/6.0.5 Safari/536.30.1"
111.199.235.239 - - [17/May/2015:13:05:23 +0000] "GET /presentations/logstash-puppetconf-2012/lib/js/head.min.js HTTP/1.1" 200 3170 "http://semicomplete.com/presentations/logstash-puppetconf-2012/" "Mozilla/5.0 (Macintosh; Intel Mac OS X 10_8_5) AppleWebKit/536.30.1 (KHTML, like Gecko) Version/6.0.5 Safari/536.30.1"
111.199.235.239 - - [17/May/2015:13:05:15 +0000] "GET /presentations/logstash-puppetconf-2012/images/apache-negative-duration.png HTTP/1.1" 200 97173 "http://semicomplete.com/presentations/logstash-puppetconf-2012/" "Mozilla/5.0 (Macintosh; Intel Mac OS X 10_8_5) AppleWebKit/536.30.1 (KHTML, like Gecko) Version/6.0.5 Safari/536.30.1"
111.199.235.239 - - [17/May/2015:13:05:06 +0000] "GET /presentations/logstash-puppetconf-2012/images/kibana-chef-hits-6min-each.png HTTP/1.1" 200 80555 "http://semicomplete.com/presentations/logstash-puppetconf-2012/" "Mozilla/5.0 (Macintosh; Intel Mac OS X 10_8_5) AppleWebKit/536.30.1 (KHTML, like Gecko) Version/6.0.5 Safari/536.30.1"
111.199.235.239 - - [17/May/2015:13:05:07 +0000] "GET /presentations/logstash-puppetconf-2012/js/reveal.js HTTP/1.1" 200 29108 "http://semicomplete.com/presentations/logstash-puppetconf-2012/" "Mozilla/5.0 (Macintosh; Intel Mac OS X 10_8_5) AppleWebKit/536.30.1 (KHTML, like Gecko) Version/6.0.5 Safari/536.30.1"
111.199.235.239 - - [17/May/2015:13:05:24 +0000] "GET /presentations/logstash-puppetconf-2012/lib/font/league_gothic-webfont.ttf HTTP/1.1" 200 42324 "http://semicomplete.com/presentations/logstash-puppetconf-2012/" "Mozilla/5.0 (Macintosh; Intel Mac OS X 10_8_5) AppleWebKit/536.30.1 (KHTML, like Gecko) Version/6.0.5 Safari/536.30.1"
111.199.235.239 - - [17/May/2015:13:05:25 +0000] "GET /presentations/logstash-puppetconf-2012/css/print.css HTTP/1.1" 200 3995 "http://semicomplete.com/presentations/logstash-puppetconf-2012/" "Mozilla/5.0 (Macintosh; Intel Mac OS X 10_8_5) AppleWebKit/536.30.1 (KHTML, like Gecko) Version/6.0.5 Safari/536.30.1"
111.199.235.239 - - [17/May/2015:13:05:14 +0000] "GET /presentations/logstash-puppetconf-2012/images/logs.jpg HTTP/1.1" 200 663847 "http://semicomplete.com/presentations/logstash-puppetconf-2012/" "Mozilla/5.0 (Macintosh; Intel Mac OS X 10_8_5) AppleWebKit/536.30.1 (KHTML, like Gecko) Version/6.0.5 Safari/536.30.1"
111.199.235.239 - - [17/May/2015:13:05:23 +0000] "GET /presentations/logstash-puppetconf-2012/ HTTP/1.1" 200 37269 "http://www.logstash.net/docs/1.3.3/learn" "Mozilla/5.0 (Macintosh; Intel Mac OS X 10_8_5) AppleWebKit/536.30.1 (KHTML, like Gecko) Version/6.0.5 Safari/536.30.1"
111.199.235.239 - - [17/May/2015:13:05:32 +0000] "GET /presentations/logstash-puppetconf-2012/images/office-space-printer-beat-down-gif.gif HTTP/1.1" 404 364 "http://semicomplete.com/presentations/logstash-puppetconf-2012/" "Mozilla/5.0 (Macintosh; Intel Mac OS X 10_8_5) AppleWebKit/536.30.1 (KHTML, like Gecko) Version/6.0.5 Safari/536.30.1"
111.199.235.239 - - [17/May/2015:13:05:53 +0000] "GET /presentations/logstash-puppetconf-2012/images/stats-negative-min.png HTTP/1.1" 200 46139 "http://semicomplete.com/presentations/logstash-puppetconf-2012/" "Mozilla/5.0 (Macintosh; Intel Mac OS X 10_8_5) AppleWebKit/536.30.1 (KHTML, like Gecko) Version/6.0.5 Safari/536.30.1"
111.199.235.239 - - [17/May/2015:13:05:55 +0000] "GET /presentations/logstash-puppetconf-2012/images/logs.jpg HTTP/1.1" 200 663847 "http://semicomplete.com/presentations/logstash-puppetconf-2012/" "Mozilla/5.0 (Macintosh; Intel Mac OS X 10_8_5) AppleWebKit/536.30.1 (KHTML, like Gecko) Version/6.0.5 Safari/536.30.1"
46.105.14.53 - - [17/May/2015:13:05:52 +0000] "GET /blog/tags/puppet?flav=rss20 HTTP/1.1" 200 14872 "-" "UniversalFeedParser/4.2-pre-314-svn +http://feedparser.org/"
68.180.224.225 - - [17/May/2015:13:05:02 +0000] "GET /scripts/noise HTTP/1.1" 200 792 "-" "Mozilla/5.0 (compatible; Yahoo! Slurp; http://help.yahoo.com/help/us/ysearch/slurp)"
100.43.83.137 - - [17/May/2015:13:05:48 +0000] "GET /files/blogposts/20090105/ff3linux.png HTTP/1.1" 304 - "-" "Mozilla/5.0 (compatible; YandexImages/3.0; +http://yandex.com/bots)"
108.171.116.194 - - [17/May/2015:13:05:03 +0000] "GET /blog/geekery/disabling-battery-in-ubuntu-vms.html?utm_source=feedburner&utm_medium=feed&utm_campaign=Feed:+semicomplete/main+(semicomplete.com+-+Jordan+Sissel) HTTP/1.1" 200 9316 "-" "Mozilla/5.0 (Windows; U; Windows NT 5.2; en-US; rv:1.8.1.4) Gecko/20070515 Firefox/2.0.0.4"
108.171.116.194 - - [17/May/2015:13:05:53 +0000] "GET /blog/geekery/tf2-wine-linux-performance-tuning.html?utm_source=feedburner&utm_medium=feed&utm_campaign=Feed:+semicomplete/main+(semicomplete.com+-+Jordan+Sissel) HTTP/1.1" 200 10021 "-" "Mozilla/5.0 (Windows; U; Windows NT 5.2; en-US; rv:1.8.1.4) Gecko/20070515 Firefox/2.0.0.4"
108.171.116.194 - - [17/May/2015:13:05:43 +0000] "GET /blog/geekery/CEE-logging-for-profit.html?utm_source=feedburner&utm_medium=feed&utm_campaign=Feed:+semicomplete/main+(semicomplete.com+-+Jordan+Sissel) HTTP/1.1" 200 13358 "-" "Mozilla/5.0 (Windows; U; Windows NT 5.2; en-US; rv:1.8.1.4) Gecko/20070515 Firefox/2.0.0.4"
108.171.116.194 - - [17/May/2015:13:05:19 +0000] "GET /blog/growing-logstash-value.html?utm_source=feedburner&utm_medium=feed&utm_campaign=Feed:+semicomplete/main+(semicomplete.com+-+Jordan+Sissel) HTTP/1.1" 200 11113 "-" "Mozilla/5.0 (Windows; U; Windows NT 5.2; en-US; rv:1.8.1.4) Gecko/20070515 Firefox/2.0.0.4"
108.171.116.194 - - [17/May/2015:13:05:35 +0000] "GET /blog/geekery/installing-windows-8-consumer-preview.html?utm_source=feedburner&utm_medium=feed&utm_campaign=Feed:+semicomplete/main+(semicomplete.com+-+Jordan+Sissel) HTTP/1.1" 200 8948 "-" "Mozilla/5.0 (Windows; U; Windows NT 5.2; en-US; rv:1.8.1.4) Gecko/20070515 Firefox/2.0.0.4"
108.171.116.194 - - [17/May/2015:13:05:49 +0000] "GET /blog/geekery/solving-good-or-bad-problems.html?utm_source=feedburner&utm_medium=feed&utm_campaign=Feed:+semicomplete/main+(semicomplete.com+-+Jordan+Sissel) HTTP/1.1" 200 10756 "-" "Mozilla/5.0 (Windows; U; Windows NT 5.2; en-US; rv:1.8.1.4) Gecko/20070515 Firefox/2.0.0.4"
108.171.116.194 - - [17/May/2015:13:05:31 +0000] "GET /blog/geekery/year-in-review-2011.html?utm_source=feedburner&utm_medium=feed&utm_campaign=Feed:+semicomplete/main+(semicomplete.com+-+Jordan+Sissel) HTTP/1.1" 200 11118 "-" "Mozilla/5.0 (Windows; U; Windows NT 5.2; en-US; rv:1.8.1.4) Gecko/20070515 Firefox/2.0.0.4"
108.171.116.194 - - [17/May/2015:13:05:48 +0000] "GET /blog/geekery/insist-on-better-asserts.html?utm_source=feedburner&utm_medium=feed&utm_campaign=Feed:+semicomplete/main+(semicomplete.com+-+Jordan+Sissel) HTTP/1.1" 200 9514 "-" "Mozilla/5.0 (Windows; U; Windows NT 5.2; en-US; rv:1.8.1.4) Gecko/20070515 Firefox/2.0.0.4"
108.171.116.194 - - [17/May/2015:13:05:13 +0000] "GET /blog/geekery/xdotool-2.20110530.html?utm_source=feedburner&utm_medium=feed&utm_campaign=Feed:+semicomplete/main+(semicomplete.com+-+Jordan+Sissel) HTTP/1.1" 200 11936 "-" "Mozilla/5.0 (Windows; U; Windows NT 5.2; en-US; rv:1.8.1.4) Gecko/20070515 Firefox/2.0.0.4"
108.171.116.194 - - [17/May/2015:13:05:42 +0000] "GET /blog/geekery/logstash-1.0.0-release.html?utm_source=feedburner&utm_medium=feed&utm_campaign=Feed:+semicomplete/main+(semicomplete.com+-+Jordan+Sissel) HTTP/1.1" 200 8764 "-" "Mozilla/5.0 (Windows; U; Windows NT 5.2; en-US; rv:1.8.1.4) Gecko/20070515 Firefox/2.0.0.4"
111.199.235.239 - - [17/May/2015:13:05:12 +0000] "GET /images/logstash_OSCON.pdf HTTP/1.1" 200 1693678 "http://www.google.com.hk/url?sa=t&rct=j&q=the+logstash+book+pdf&source=web&cd=9&ved=0CGEQFjAI&url=%68%74%74%70%3a%2f%2f%73%65%6d%69%63%6f%6d%70%6c%65%74%65%2e%63%6f%6d%2f%69%6d%61%67%65%73%2f%6c%6f%67%73%74%61%73%68%5f%4f%53%43%4f%4e%2e%70%64%66&ei=5tsAU_f5NPGYiAffqYCYAQ&usg=AFQjCNF2ikX71TvpVxHLkIi36cWJowYlNA" "Mozilla/5.0 (Macintosh; Intel Mac OS X 10_8_5) AppleWebKit/536.30.1 (KHTML, like Gecko) Version/6.0.5 Safari/536.30.1"
94.175.135.116 - - [17/May/2015:13:05:19 +0000] "GET /presentations/logstash-scale11x/images/ahhh___rage_face_by_samusmmx-d5g5zap.png HTTP/1.1" 200 175208 "-" "Mozilla/5.0 (Macintosh; Intel Mac OS X 10_7_5) AppleWebKit/536.26.17 (KHTML, like Gecko) Version/6.0.2 Safari/536.26.17"
207.241.237.101 - - [17/May/2015:13:05:03 +0000] "GET /files/blogposts/20080107/oniguruma_named_captures.c HTTP/1.0" 200 2056 "http://www.semicomplete.com/blog/tags/C" "Mozilla/5.0 (compatible; archive.org_bot +http://www.archive.org/details/archive.org_bot)"
207.241.237.223 - - [17/May/2015:13:05:41 +0000] "GET /files/blogposts/20080106/glow.c HTTP/1.0" 200 1921 "http://www.semicomplete.com/blog/tags/C" "Mozilla/5.0 (compatible; archive.org_bot +http://www.archive.org/details/archive.org_bot)"
199.16.156.126 - - [17/May/2015:13:05:36 +0000] "GET /robots.txt HTTP/1.1" 200 - "-" "Twitterbot/1.0"
193.238.231.119 - - [17/May/2015:13:05:59 +0000] "GET /presentations/logstash-scale11x/images/logstash-dreamhost-day.png HTTP/1.0" 200 34213 "-" "-"
199.16.156.125 - - [17/May/2015:13:05:08 +0000] "GET /files/lumberjack/lumberjack-0.3.0.exe HTTP/1.1" 200 4378624 "-" "Twitterbot/1.0"
46.105.14.53 - - [17/May/2015:13:05:35 +0000] "GET /blog/tags/puppet?flav=rss20 HTTP/1.1" 200 14872 "-" "UniversalFeedParser/4.2-pre-314-svn +http://feedparser.org/"
208.91.156.11 - - [17/May/2015:13:05:04 +0000] "GET /files/logstash/logstash-1.3.2-monolithic.jar HTTP/1.1" 404 324 "-" "Chef Client/10.18.2 (ruby-1.9.3-p327; ohai-6.16.0; x86_64-linux; +http://opscode.com)"
207.241.237.226 - - [17/May/2015:13:05:33 +0000] "GET /blog/geekery/overriding-shared-library-functions.html HTTP/1.0" 200 9108 "http://www.semicomplete.com/blog/tags/C" "Mozilla/5.0 (compatible; archive.org_bot +http://www.archive.org/details/archive.org_bot)"
207.241.237.104 - - [17/May/2015:13:05:29 +0000] "GET /blog/tags/net4501 HTTP/1.0" 200 11756 "http://www.semicomplete.com/blog/tags/C" "Mozilla/5.0 (compatible; archive.org_bot +http://www.archive.org/details/archive.org_bot)"
198.46.149.143 - - [17/May/2015:13:05:28 +0000] "GET /blog/geekery/disabling-battery-in-ubuntu-vms.html?utm_source=feedburner&utm_medium=feed&utm_campaign=Feed%3A+semicomplete%2Fmain+%28semicomplete.com+-+Jordan+Sissel%29 HTTP/1.1" 200 9316 "-" "Tiny Tiny RSS/1.11 (http://tt-rss.org/)"
198.46.149.143 - - [17/May/2015:13:05:47 +0000] "GET /blog/geekery/solving-good-or-bad-problems.html?utm_source=feedburner&utm_medium=feed&utm_campaign=Feed%3A+semicomplete%2Fmain+%28semicomplete.com+-+Jordan+Sissel%29 HTTP/1.1" 200 10756 "-" "Tiny Tiny RSS/1.11 (http://tt-rss.org/)"
54.220.160.83 - - [17/May/2015:13:05:29 +0000] "GET /presentations/logstash-scale11x/images/jordan.jpg HTTP/1.1" 200 278476 "-" "Embedly +support@embed.ly"
66.249.73.135 - - [17/May/2015:13:05:59 +0000] "GET /blog/tags/scale HTTP/1.1" 200 9746 "-" "Mozilla/5.0 (compatible; Googlebot/2.1; +http://www.google.com/bot.html)"
46.105.14.53 - - [17/May/2015:13:05:11 +0000] "GET /blog/tags/puppet?flav=rss20 HTTP/1.1" 200 14872 "-" "UniversalFeedParser/4.2-pre-314-svn +http://feedparser.org/"
83.31.73.148 - - [17/May/2015:13:05:18 +0000] "GET /projects/xdotool/xdotool.xhtml HTTP/1.1" 200 50112 "-" "Opera/9.80 (X11; Linux x86_64) Presto/2.12.388 Version/12.16"
83.31.73.148 - - [17/May/2015:13:05:51 +0000] "GET /favicon.ico HTTP/1.1" 200 3638 "http://www.semicomplete.com/projects/xdotool/xdotool.xhtml" "Opera/9.80 (X11; Linux x86_64) Presto/2.12.388 Version/12.16"
74.125.40.22 - - [17/May/2015:13:05:28 +0000] "GET /?flav=rss20 HTTP/1.1" 200 29941 "-" "FeedBurner/1.0 (http://www.FeedBurner.com)"
180.76.6.156 - - [17/May/2015:13:05:58 +0000] "GET /files/hello/?C=M;O=A HTTP/1.1" 200 1127 "-" "Mozilla/5.0 (compatible; Baiduspider/2.0; +http://www.baidu.com/search/spider.html)"
66.249.73.135 - - [17/May/2015:13:05:29 +0000] "GET /blog/tags/firefox?flav=rss20 HTTP/1.1" 200 16021 "-" "Mozilla/5.0 (compatible; Googlebot/2.1; +http://www.google.com/bot.html)"
66.249.81.20 - - [17/May/2015:13:05:15 +0000] "GET /images/logstash_OSCON.pdf HTTP/1.1" 200 1693678 "-" "Mozilla/5.0 (Macintosh; Intel Mac OS X 10_9_1) AppleWebKit/537.36 (KHTML, like Gecko) Chrome/32.0.1700.107 Safari/537.36,gzip(gfe) (via docs.google.com/viewer)"
66.249.81.20 - - [17/May/2015:13:05:33 +0000] "GET /images/logstash_OSCON.pdf HTTP/1.1" 200 1693678 "-" "Mozilla/5.0 (Macintosh; Intel Mac OS X 10_9_1) AppleWebKit/537.36 (KHTML, like Gecko) Chrome/32.0.1700.107 Safari/537.36,gzip(gfe) (via docs.google.com/viewer)"
92.108.120.46 - - [17/May/2015:13:05:43 +0000] "GET /presentations/puppet-at-loggly/puppet-at-loggly.pdf.html HTTP/1.1" 200 24747 "https://www.google.com/" "Mozilla/5.0 (Windows NT 6.1; WOW64) AppleWebKit/537.36 (KHTML, like Gecko) Chrome/32.0.1700.107 Safari/537.36"
92.108.120.46 - - [17/May/2015:13:05:12 +0000] "GET /favicon.ico HTTP/1.1" 200 3638 "-" "Mozilla/5.0 (Windows NT 6.1; WOW64) AppleWebKit/537.36 (KHTML, like Gecko) Chrome/32.0.1700.107 Safari/537.36"
50.16.19.13 - - [17/May/2015:13:05:40 +0000] "GET /blog/tags/puppet?flav=rss20 HTTP/1.1" 200 14872 "http://www.semicomplete.com/blog/tags/puppet?flav=rss20" "Tiny Tiny RSS/1.11 (http://tt-rss.org/)"
172.56.29.98 - - [17/May/2015:13:05:33 +0000] "GET /presentations/logstash-scale11x/images/ahhh___rage_face_by_samusmmx-d5g5zap.png HTTP/1.1" 200 175208 "-" "Mozilla/5.0 (Macintosh; Intel Mac OS X 10_7_5) AppleWebKit/537.36 (KHTML, like Gecko) Chrome/32.0.1700.107 Safari/537.36"
46.105.14.53 - - [17/May/2015:13:05:11 +0000] "GET /blog/tags/puppet?flav=rss20 HTTP/1.1" 200 14872 "-" "UniversalFeedParser/4.2-pre-314-svn +http://feedparser.org/"
144.76.194.187 - - [17/May/2015:13:05:33 +0000] "GET / HTTP/1.0" 200 37932 "-" "-"
144.76.194.187 - - [17/May/2015:13:05:28 +0000] "GET /wp-login.php HTTP/1.0" 404 292 "-" "-"
144.76.194.187 - - [17/May/2015:13:05:37 +0000] "GET /administrator/index.php HTTP/1.0" 404 303 "-" "-"
144.76.194.187 - - [17/May/2015:13:05:11 +0000] "GET /reset.css HTTP/1.0" 200 1015 "-" "-"
144.76.194.187 - - [17/May/2015:13:05:37 +0000] "GET /style2.css HTTP/1.0" 200 4877 "-" "-"
144.76.194.187 - - [17/May/2015:13:05:27 +0000] "GET /favicon.ico HTTP/1.0" 200 3638 "-" "-"
144.76.194.187 - - [17/May/2015:13:05:12 +0000] "GET /?page=2 HTTP/1.0" 200 36673 "-" "-"
144.76.194.187 - - [17/May/2015:13:05:10 +0000] "GET /about/ HTTP/1.0" 200 11474 "-" "-"
144.76.194.187 - - [17/May/2015:13:05:39 +0000] "GET /resume.xml HTTP/1.0" 200 25606 "-" "-"
144.76.194.187 - - [17/May/2015:13:05:46 +0000] "GET /articles HTTP/1.0" 301 323 "-" "-"
144.76.194.187 - - [17/May/2015:13:05:50 +0000] "GET /articles/arp-security/ HTTP/1.0" 200 19735 "-" "-"
144.76.194.187 - - [17/May/2015:13:05:40 +0000] "GET /articles/dynamic-dns-with-dhcp/ HTTP/1.0" 200 18848 "-" "-"
144.76.194.187 - - [17/May/2015:13:05:39 +0000] "GET /articles/openldap-with-saslauthd/ HTTP/1.0" 200 12700 "-" "-"
144.76.194.187 - - [17/May/2015:13:05:54 +0000] "GET /articles/ppp-over-ssh/ HTTP/1.0" 200 18586 "-" "-"
144.76.194.187 - - [17/May/2015:13:05:31 +0000] "GET /articles/ssh-security/ HTTP/1.0" 200 16543 "-" "-"
144.76.194.187 - - [17/May/2015:13:05:09 +0000] "GET /articles/week-of-unix-tools/ HTTP/1.0" 200 9313 "-" "-"
144.76.194.187 - - [17/May/2015:13:05:59 +0000] "GET /articles/efficiency/ HTTP/1.0" 200 36398 "-" "-"
144.76.194.187 - - [17/May/2015:13:05:19 +0000] "GET /projects HTTP/1.0" 301 323 "-" "-"
144.76.194.187 - - [17/May/2015:13:05:23 +0000] "GET /projects/grok HTTP/1.0" 301 337 "-" "-"
144.76.194.187 - - [17/May/2015:13:05:03 +0000] "GET /projects/keynav HTTP/1.0" 301 330 "-" "-"
100.43.83.137 - - [17/May/2015:13:05:42 +0000] "GET /blog/tags/rdbms HTTP/1.1" 200 8909 "-" "Mozilla/5.0 (compatible; YandexBot/3.0; +http://yandex.com/bots)"
144.76.194.187 - - [17/May/2015:13:05:24 +0000] "GET /projects/liboverride HTTP/1.0" 301 335 "-" "-"
144.76.194.187 - - [17/May/2015:13:05:00 +0000] "GET /projects/fex HTTP/1.0" 301 327 "-" "-"
75.97.9.59 - - [17/May/2015:13:05:10 +0000] "GET / HTTP/1.1" 200 37932 "-" "Mozilla/5.0 (iPhone; CPU iPhone OS 7_0_4 like Mac OS X) AppleWebKit/537.51.1 (KHTML, like Gecko) CriOS/32.0.1700.21 Mobile/11B554a Safari/9537.53"
144.76.194.187 - - [17/May/2015:13:05:05 +0000] "GET /projects/xdotool HTTP/1.0" 301 331 "-" "-"
75.97.9.59 - - [17/May/2015:13:05:00 +0000] "GET /reset.css HTTP/1.1" 200 1015 "http://www.semicomplete.com/" "Mozilla/5.0 (iPhone; CPU iPhone OS 7_0_4 like Mac OS X) AppleWebKit/537.51.1 (KHTML, like Gecko) CriOS/32.0.1700.21 Mobile/11B554a Safari/9537.53"
75.97.9.59 - - [17/May/2015:13:05:11 +0000] "GET /style2.css HTTP/1.1" 200 4877 "http://www.semicomplete.com/" "Mozilla/5.0 (iPhone; CPU iPhone OS 7_0_4 like Mac OS X) AppleWebKit/537.51.1 (KHTML, like Gecko) CriOS/32.0.1700.21 Mobile/11B554a Safari/9537.53"
75.97.9.59 - - [17/May/2015:13:05:13 +0000] "GET /images/jordan-80.png HTTP/1.1" 200 6146 "http://www.semicomplete.com/" "Mozilla/5.0 (iPhone; CPU iPhone OS 7_0_4 like Mac OS X) AppleWebKit/537.51.1 (KHTML, like Gecko) CriOS/32.0.1700.21 Mobile/11B554a Safari/9537.53"
144.76.194.187 - - [17/May/2015:13:05:03 +0000] "GET /projects/pam_captcha HTTP/1.0" 301 335 "-" "-"
144.76.194.187 - - [17/May/2015:13:05:18 +0000] "GET /projects/firefox-tabsearch HTTP/1.0" 301 341 "-" "-"
75.97.9.59 - - [17/May/2015:13:05:05 +0000] "GET /images/web/2009/banner.png HTTP/1.1" 200 52315 "http://www.semicomplete.com/" "Mozilla/5.0 (iPhone; CPU iPhone OS 7_0_4 like Mac OS X) AppleWebKit/537.51.1 (KHTML, like Gecko) CriOS/32.0.1700.21 Mobile/11B554a Safari/9537.53"
144.76.194.187 - - [17/May/2015:13:05:09 +0000] "GET /projects/firefox-urledit HTTP/1.0" 301 339 "-" "-"
144.76.194.187 - - [17/May/2015:13:05:03 +0000] "GET /projects/newpsm HTTP/1.0" 301 330 "-" "-"
144.76.194.187 - - [17/May/2015:13:05:58 +0000] "GET /projects/nis2ldap HTTP/1.0" 301 332 "-" "-"
75.97.9.59 - - [17/May/2015:13:05:26 +0000] "GET /favicon.ico HTTP/1.1" 200 3638 "-" "Mozilla/5.0 (iPhone; CPU iPhone OS 7_0_4 like Mac OS X) AppleWebKit/537.51.1 (KHTML, like Gecko) CriOS/32.0.1700.21 Mobile/11B554a Safari/9537.53"
144.76.194.187 - - [17/May/2015:13:05:29 +0000] "GET /projects/pmbackup HTTP/1.0" 301 332 "-" "-"
144.76.194.187 - - [17/May/2015:13:05:04 +0000] "GET /projects/solaudio HTTP/1.0" 301 332 "-" "-"
144.76.194.187 - - [17/May/2015:13:05:05 +0000] "GET /projects/xboxproxy HTTP/1.0" 301 333 "-" "-"
144.76.194.187 - - [17/May/2015:13:05:37 +0000] "GET /projects/xmlpresenter HTTP/1.0" 301 336 "-" "-"
144.76.194.187 - - [17/May/2015:13:05:35 +0000] "GET /projects/xpathtool HTTP/1.0" 301 333 "-" "-"
144.76.194.187 - - [17/May/2015:13:05:42 +0000] "GET /scripts HTTP/1.0" 301 322 "-" "-"
144.76.194.187 - - [17/May/2015:14:05:13 +0000] "GET /presentations/hackday06 HTTP/1.0" 301 338 "-" "-"
144.76.194.187 - - [17/May/2015:14:05:55 +0000] "GET /presentations/hackday08 HTTP/1.0" 301 338 "-" "-"
144.76.194.187 - - [17/May/2015:14:05:24 +0000] "GET /presentations/mpi HTTP/1.0" 301 332 "-" "-"
144.76.194.187 - - [17/May/2015:14:05:43 +0000] "GET /presentations/security HTTP/1.0" 301 337 "-" "-"
144.76.194.187 - - [17/May/2015:14:05:47 +0000] "GET /presentations/semantic-blogging HTTP/1.0" 301 346 "-" "-"
144.76.194.187 - - [17/May/2015:14:05:56 +0000] "GET /presentations/unix-basics HTTP/1.0" 301 340 "-" "-"
144.76.194.187 - - [17/May/2015:14:05:02 +0000] "GET /presentations/vim HTTP/1.0" 301 332 "-" "-"
173.252.73.114 - - [17/May/2015:14:05:30 +0000] "GET /presentations/logstash-puppetconf-2012/images/apache-negative-duration.png HTTP/1.1" 206 97173 "-" "facebookexternalhit/1.1 (+http://www.facebook.com/externalhit_uatext.php)"
217.69.133.70 - - [17/May/2015:14:05:08 +0000] "GET /robots.txt HTTP/1.1" 200 - "-" "Mozilla/5.0 (compatible; Linux x86_64; Mail.RU_Bot/2.0; +http://go.mail.ru/help/robots)"
217.69.133.237 - - [17/May/2015:14:05:12 +0000] "GET /blog/geekery/devopsdays-2010.html HTTP/1.1" 200 10087 "-" "Mozilla/5.0 (compatible; Linux x86_64; Mail.RU_Bot/2.0; +http://go.mail.ru/help/robots)"
209.17.114.78 - - [17/May/2015:14:05:30 +0000] "GET /files/blogposts/20101112/logstash-logger-with-awesome_print.png HTTP/1.1" 200 4325 "-" "Mozilla/4.0 (compatible; MSIE 6.0; Windows NT 5.2; SV1; .NET CLR 2.0.50727; InfoPath.1)"
50.195.216.83 - - [17/May/2015:14:05:57 +0000] "GET /presentations/logstash-scale11x/images/ahhh___rage_face_by_samusmmx-d5g5zap.png HTTP/1.1" 200 175208 "https://www.google.com/" "Mozilla/5.0 (iPhone; CPU iPhone OS 6_1_3 like Mac OS X) AppleWebKit/536.26 (KHTML, like Gecko) Version/6.0 Mobile/10B329 Safari/8536.25"
75.97.9.59 - - [17/May/2015:14:05:39 +0000] "GET /blog/tags/sysadvent HTTP/1.1" 200 14557 "-" "Mozilla/5.0 (iPhone; CPU iPhone OS 7_0_4 like Mac OS X) AppleWebKit/537.51.1 (KHTML, like Gecko) CriOS/32.0.1700.21 Mobile/11B554a Safari/9537.53"
202.156.10.254 - - [17/May/2015:14:05:49 +0000] "GET /blog/geekery/ssl-latency.html HTTP/1.1" 200 17147 "https://www.google.com.sg/" "Mozilla/5.0 (Macintosh; Intel Mac OS X 10_7_5) AppleWebKit/537.36 (KHTML, like Gecko) Chrome/32.0.1700.107 Safari/537.36"
202.156.10.254 - - [17/May/2015:14:05:00 +0000] "GET /reset.css HTTP/1.1" 200 1015 "http://www.semicomplete.com/blog/geekery/ssl-latency.html" "Mozilla/5.0 (Macintosh; Intel Mac OS X 10_7_5) AppleWebKit/537.36 (KHTML, like Gecko) Chrome/32.0.1700.107 Safari/537.36"
202.156.10.254 - - [17/May/2015:14:05:34 +0000] "GET /style2.css HTTP/1.1" 200 4877 "http://www.semicomplete.com/blog/geekery/ssl-latency.html" "Mozilla/5.0 (Macintosh; Intel Mac OS X 10_7_5) AppleWebKit/537.36 (KHTML, like Gecko) Chrome/32.0.1700.107 Safari/537.36"
202.156.10.11 - - [17/May/2015:14:05:26 +0000] "GET /images/jordan-80.png HTTP/1.1" 200 6146 "http://www.semicomplete.com/blog/geekery/ssl-latency.html" "Mozilla/5.0 (Macintosh; Intel Mac OS X 10_7_5) AppleWebKit/537.36 (KHTML, like Gecko) Chrome/32.0.1700.107 Safari/537.36"
202.156.10.11 - - [17/May/2015:14:05:30 +0000] "GET /images/web/2009/banner.png HTTP/1.1" 200 52315 "http://www.semicomplete.com/blog/geekery/ssl-latency.html" "Mozilla/5.0 (Macintosh; Intel Mac OS X 10_7_5) AppleWebKit/537.36 (KHTML, like Gecko) Chrome/32.0.1700.107 Safari/537.36"
65.55.213.79 - - [17/May/2015:14:05:37 +0000] "GET /?page=2 HTTP/1.1" 200 36673 "-" "msnbot/2.0b (+http://search.msn.com/msnbot.htm)"
65.55.213.73 - - [17/May/2015:14:05:55 +0000] "GET /resume.xml HTTP/1.1" 200 25606 "-" "msnbot/2.0b (+http://search.msn.com/msnbot.htm)"
65.55.213.73 - - [17/May/2015:14:05:53 +0000] "GET /articles/openldap-with-saslauthd/ HTTP/1.1" 200 12700 "-" "msnbot/2.0b (+http://search.msn.com/msnbot.htm)"
65.55.213.73 - - [17/May/2015:14:05:44 +0000] "GET /projects/liboverride HTTP/1.1" 301 335 "-" "msnbot/2.0b (+http://search.msn.com/msnbot.htm)"
117.227.171.181 - - [17/May/2015:14:05:12 +0000] "GET /projects/xdotool/ HTTP/1.1" 200 12292 "https://www.google.co.in/" "Mozilla/5.0 (Windows NT 6.1) AppleWebKit/537.36 (KHTML, like Gecko) Chrome/32.0.1700.107 Safari/537.36"
117.227.171.181 - - [17/May/2015:14:05:42 +0000] "GET /reset.css HTTP/1.1" 200 1015 "http://www.semicomplete.com/projects/xdotool/" "Mozilla/5.0 (Windows NT 6.1) AppleWebKit/537.36 (KHTML, like Gecko) Chrome/32.0.1700.107 Safari/537.36"
65.55.213.73 - - [17/May/2015:14:05:45 +0000] "GET /projects/liboverride/ HTTP/1.1" 200 12909 "-" "msnbot/2.0b (+http://search.msn.com/msnbot.htm)"
117.227.171.181 - - [17/May/2015:14:05:40 +0000] "GET /style2.css HTTP/1.1" 200 4877 "http://www.semicomplete.com/projects/xdotool/" "Mozilla/5.0 (Windows NT 6.1) AppleWebKit/537.36 (KHTML, like Gecko) Chrome/32.0.1700.107 Safari/537.36"
65.55.213.73 - - [17/May/2015:14:05:15 +0000] "GET /presentations/security HTTP/1.1" 301 337 "-" "msnbot/2.0b (+http://search.msn.com/msnbot.htm)"
117.227.171.181 - - [17/May/2015:14:05:19 +0000] "GET /images/jordan-80.png HTTP/1.1" 200 6146 "http://www.semicomplete.com/projects/xdotool/" "Mozilla/5.0 (Windows NT 6.1) AppleWebKit/537.36 (KHTML, like Gecko) Chrome/32.0.1700.107 Safari/537.36"
65.55.213.73 - - [17/May/2015:14:05:54 +0000] "GET /presentations/security/ HTTP/1.1" 200 38217 "-" "msnbot/2.0b (+http://search.msn.com/msnbot.htm)"
65.55.213.73 - - [17/May/2015:14:05:01 +0000] "GET /presentations/hackday08 HTTP/1.1" 301 338 "-" "msnbot/2.0b (+http://search.msn.com/msnbot.htm)"
65.55.213.73 - - [17/May/2015:14:05:24 +0000] "GET /presentations/hackday08/ HTTP/1.1" 200 2817 "-" "msnbot/2.0b (+http://search.msn.com/msnbot.htm)"
65.55.213.73 - - [17/May/2015:14:05:16 +0000] "GET /projects/keynav HTTP/1.1" 301 330 "-" "msnbot/2.0b (+http://search.msn.com/msnbot.htm)"
65.55.213.73 - - [17/May/2015:14:05:00 +0000] "GET /projects/keynav/ HTTP/1.1" 200 18985 "-" "msnbot/2.0b (+http://search.msn.com/msnbot.htm)"
65.55.213.74 - - [17/May/2015:14:05:24 +0000] "GET /presentations/hackday06 HTTP/1.1" 301 338 "-" "msnbot/2.0b (+http://search.msn.com/msnbot.htm)"
209.85.238.199 - - [17/May/2015:14:05:51 +0000] "GET /blog/tags/firefox?flav=rss20 HTTP/1.1" 200 16021 "-" "Feedfetcher-Google; (+http://www.google.com/feedfetcher.html; 3 subscribers; feed-id=14171215010336145331)"
65.55.213.74 - - [17/May/2015:14:05:17 +0000] "GET /presentations/hackday06/ HTTP/1.1" 200 6719 "-" "msnbot/2.0b (+http://search.msn.com/msnbot.htm)"
65.55.213.74 - - [17/May/2015:14:05:59 +0000] "GET /scripts HTTP/1.1" 301 322 "-" "msnbot/2.0b (+http://search.msn.com/msnbot.htm)"
65.55.213.74 - - [17/May/2015:14:05:48 +0000] "GET /scripts/ HTTP/1.1" 200 21890 "-" "msnbot/2.0b (+http://search.msn.com/msnbot.htm)"
65.55.213.74 - - [17/May/2015:14:05:55 +0000] "GET /articles/dynamic-dns-with-dhcp/ HTTP/1.1" 200 18848 "-" "msnbot/2.0b (+http://search.msn.com/msnbot.htm)"
65.55.213.74 - - [17/May/2015:14:05:38 +0000] "GET /projects/grok HTTP/1.1" 301 337 "-" "msnbot/2.0b (+http://search.msn.com/msnbot.htm)"
117.227.171.181 - - [17/May/2015:14:05:03 +0000] "GET /images/web/2009/banner.png HTTP/1.1" 200 52315 "http://www.semicomplete.com/projects/xdotool/" "Mozilla/5.0 (Windows NT 6.1) AppleWebKit/537.36 (KHTML, like Gecko) Chrome/32.0.1700.107 Safari/537.36"
65.55.213.74 - - [17/May/2015:14:05:34 +0000] "GET /projects/xpathtool HTTP/1.1" 301 333 "-" "msnbot/2.0b (+http://search.msn.com/msnbot.htm)"
65.55.213.74 - - [17/May/2015:14:05:46 +0000] "GET /projects/xpathtool/ HTTP/1.1" 200 10745 "-" "msnbot/2.0b (+http://search.msn.com/msnbot.htm)"
65.55.213.74 - - [17/May/2015:14:05:17 +0000] "GET /projects/xmlpresenter HTTP/1.1" 301 336 "-" "msnbot/2.0b (+http://search.msn.com/msnbot.htm)"
65.55.213.74 - - [17/May/2015:14:05:56 +0000] "GET /projects/xmlpresenter/ HTTP/1.1" 200 11628 "-" "msnbot/2.0b (+http://search.msn.com/msnbot.htm)"
65.55.213.74 - - [17/May/2015:14:05:28 +0000] "GET /projects HTTP/1.1" 301 323 "-" "msnbot/2.0b (+http://search.msn.com/msnbot.htm)"
65.55.213.74 - - [17/May/2015:14:05:48 +0000] "GET /projects/ HTTP/1.1" 200 10927 "-" "msnbot/2.0b (+http://search.msn.com/msnbot.htm)"
65.55.213.74 - - [17/May/2015:14:05:53 +0000] "GET /projects/xboxproxy HTTP/1.1" 301 333 "-" "msnbot/2.0b (+http://search.msn.com/msnbot.htm)"
65.55.213.74 - - [17/May/2015:14:05:09 +0000] "GET /projects/xboxproxy/ HTTP/1.1" 200 13171 "-" "msnbot/2.0b (+http://search.msn.com/msnbot.htm)"
65.55.213.74 - - [17/May/2015:14:05:05 +0000] "GET /projects/solaudio HTTP/1.1" 301 332 "-" "msnbot/2.0b (+http://search.msn.com/msnbot.htm)"
81.169.149.220 - - [17/May/2015:14:05:13 +0000] "GET /favicon.ico HTTP/1.1" 200 3638 "-" "Mozilla/5.0 (X11; Ubuntu; Linux x86_64; rv:26.0) Gecko/20100101 Firefox/26.0"
65.55.213.74 - - [17/May/2015:14:05:25 +0000] "GET /projects/solaudio/ HTTP/1.1" 200 8301 "-" "msnbot/2.0b (+http://search.msn.com/msnbot.htm)"
65.55.213.79 - - [17/May/2015:14:05:21 +0000] "GET /about/ HTTP/1.1" 200 11474 "-" "msnbot/2.0b (+http://search.msn.com/msnbot.htm)"
65.55.213.79 - - [17/May/2015:14:05:05 +0000] "GET /articles/arp-security/ HTTP/1.1" 200 19735 "-" "msnbot/2.0b (+http://search.msn.com/msnbot.htm)"
65.55.213.79 - - [17/May/2015:14:05:55 +0000] "GET /articles/efficiency/ HTTP/1.1" 200 36398 "-" "msnbot/2.0b (+http://search.msn.com/msnbot.htm)"
65.55.213.79 - - [17/May/2015:14:05:04 +0000] "GET /projects/pmbackup HTTP/1.1" 301 332 "-" "msnbot/2.0b (+http://search.msn.com/msnbot.htm)"
65.55.213.79 - - [17/May/2015:14:05:10 +0000] "GET /projects/pmbackup/ HTTP/1.1" 200 15945 "-" "msnbot/2.0b (+http://search.msn.com/msnbot.htm)"
65.55.213.79 - - [17/May/2015:14:05:42 +0000] "GET /projects/nis2ldap HTTP/1.1" 301 332 "-" "msnbot/2.0b (+http://search.msn.com/msnbot.htm)"
65.55.213.73 - - [17/May/2015:14:05:25 +0000] "GET /projects/nis2ldap/ HTTP/1.1" 200 8352 "-" "msnbot/2.0b (+http://search.msn.com/msnbot.htm)"
65.55.213.73 - - [17/May/2015:14:05:58 +0000] "GET /articles/week-of-unix-tools/ HTTP/1.1" 200 9313 "-" "msnbot/2.0b (+http://search.msn.com/msnbot.htm)"
65.55.213.73 - - [17/May/2015:14:05:06 +0000] "GET /projects/newpsm HTTP/1.1" 301 330 "-" "msnbot/2.0b (+http://search.msn.com/msnbot.htm)"
65.55.213.73 - - [17/May/2015:14:05:03 +0000] "GET /projects/newpsm/ HTTP/1.1" 200 19964 "-" "msnbot/2.0b (+http://search.msn.com/msnbot.htm)"
65.55.213.73 - - [17/May/2015:14:05:25 +0000] "GET /projects/firefox-urledit HTTP/1.1" 301 339 "-" "msnbot/2.0b (+http://search.msn.com/msnbot.htm)"
65.55.213.73 - - [17/May/2015:14:05:31 +0000] "GET /projects/firefox-urledit/ HTTP/1.1" 200 9258 "-" "msnbot/2.0b (+http://search.msn.com/msnbot.htm)"
65.55.213.73 - - [17/May/2015:14:05:26 +0000] "GET /articles HTTP/1.1" 301 323 "-" "msnbot/2.0b (+http://search.msn.com/msnbot.htm)"
65.55.213.73 - - [17/May/2015:14:05:34 +0000] "GET /articles/ HTTP/1.1" 200 9981 "-" "msnbot/2.0b (+http://search.msn.com/msnbot.htm)"
65.55.213.73 - - [17/May/2015:14:05:33 +0000] "GET /articles/ssh-security/ HTTP/1.1" 200 16543 "-" "msnbot/2.0b (+http://search.msn.com/msnbot.htm)"
65.55.213.73 - - [17/May/2015:14:05:11 +0000] "GET /projects/firefox-tabsearch HTTP/1.1" 301 341 "-" "msnbot/2.0b (+http://search.msn.com/msnbot.htm)"
65.55.213.73 - - [17/May/2015:14:05:50 +0000] "GET /projects/firefox-tabsearch/ HTTP/1.1" 200 9661 "-" "msnbot/2.0b (+http://search.msn.com/msnbot.htm)"
65.55.213.73 - - [17/May/2015:14:05:44 +0000] "GET /projects/pam_captcha HTTP/1.1" 301 335 "-" "msnbot/2.0b (+http://search.msn.com/msnbot.htm)"
65.55.213.73 - - [17/May/2015:14:05:28 +0000] "GET /projects/pam_captcha/ HTTP/1.1" 200 10514 "-" "msnbot/2.0b (+http://search.msn.com/msnbot.htm)"
65.55.213.73 - - [17/May/2015:14:05:39 +0000] "GET /articles/ppp-over-ssh/ HTTP/1.1" 200 18586 "-" "msnbot/2.0b (+http://search.msn.com/msnbot.htm)"
65.55.213.73 - - [17/May/2015:14:05:38 +0000] "GET /projects/xdotool HTTP/1.1" 301 331 "-" "msnbot/2.0b (+http://search.msn.com/msnbot.htm)"
65.55.213.73 - - [17/May/2015:14:05:05 +0000] "GET /projects/xdotool/ HTTP/1.1" 200 12292 "-" "msnbot/2.0b (+http://search.msn.com/msnbot.htm)"
65.55.213.73 - - [17/May/2015:14:05:48 +0000] "GET /presentations/vim HTTP/1.1" 301 332 "-" "msnbot/2.0b (+http://search.msn.com/msnbot.htm)"
207.241.237.102 - - [17/May/2015:14:05:33 +0000] "GET /icons/text.gif HTTP/1.0" 200 229 "http://www.semicomplete.com/scripts/" "Mozilla/5.0 (compatible; special_archiver/3.1.1 +http://www.archive.org/details/archive.org_bot)"
65.55.213.73 - - [17/May/2015:14:05:30 +0000] "GET /presentations/vim/ HTTP/1.1" 200 20572 "-" "msnbot/2.0b (+http://search.msn.com/msnbot.htm)"
65.55.213.73 - - [17/May/2015:14:05:35 +0000] "GET /projects/fex HTTP/1.1" 301 327 "-" "msnbot/2.0b (+http://search.msn.com/msnbot.htm)"
65.55.213.73 - - [17/May/2015:14:05:00 +0000] "GET /projects/fex/ HTTP/1.1" 200 14352 "-" "msnbot/2.0b (+http://search.msn.com/msnbot.htm)"
65.55.213.73 - - [17/May/2015:14:05:35 +0000] "GET /presentations/unix-basics HTTP/1.1" 301 340 "-" "msnbot/2.0b (+http://search.msn.com/msnbot.htm)"
65.55.213.73 - - [17/May/2015:14:05:16 +0000] "GET /presentations/unix-basics/ HTTP/1.1" 200 38555 "-" "msnbot/2.0b (+http://search.msn.com/msnbot.htm)"
65.55.213.73 - - [17/May/2015:14:05:34 +0000] "GET /presentations/semantic-blogging HTTP/1.1" 301 346 "-" "msnbot/2.0b (+http://search.msn.com/msnbot.htm)"
65.55.213.73 - - [17/May/2015:14:05:09 +0000] "GET /presentations/semantic-blogging/ HTTP/1.1" 200 6649 "-" "msnbot/2.0b (+http://search.msn.com/msnbot.htm)"
117.227.171.181 - - [17/May/2015:14:05:05 +0000] "GET /favicon.ico HTTP/1.1" 200 3638 "-" "Mozilla/5.0 (Windows NT 6.1) AppleWebKit/537.36 (KHTML, like Gecko) Chrome/32.0.1700.107 Safari/537.36"
46.105.14.53 - - [17/May/2015:14:05:50 +0000] "GET /blog/tags/puppet?flav=rss20 HTTP/1.1" 200 14872 "-" "UniversalFeedParser/4.2-pre-314-svn +http://feedparser.org/"
207.241.237.226 - - [17/May/2015:14:05:57 +0000] "GET /icons/back.gif HTTP/1.0" 200 216 "http://www.semicomplete.com/scripts/" "Mozilla/5.0 (compatible; special_archiver/3.1.1 +http://www.archive.org/details/archive.org_bot)"
84.85.130.133 - - [17/May/2015:14:05:27 +0000] "GET /projects/xdotool/ HTTP/1.1" 200 12292 "http://unix.stackexchange.com/questions/87831/how-to-send-keystrokes-f5-from-terminal-to-a-process" "Mozilla/5.0 (Windows NT 6.3; WOW64) AppleWebKit/537.36 (KHTML, like Gecko) Chrome/34.0.1838.2 Safari/537.36"
84.85.130.133 - - [17/May/2015:14:05:55 +0000] "GET /reset.css HTTP/1.1" 200 1015 "http://www.semicomplete.com/projects/xdotool/" "Mozilla/5.0 (Windows NT 6.3; WOW64) AppleWebKit/537.36 (KHTML, like Gecko) Chrome/34.0.1838.2 Safari/537.36"
84.85.130.133 - - [17/May/2015:14:05:21 +0000] "GET /style2.css HTTP/1.1" 200 4877 "http://www.semicomplete.com/projects/xdotool/" "Mozilla/5.0 (Windows NT 6.3; WOW64) AppleWebKit/537.36 (KHTML, like Gecko) Chrome/34.0.1838.2 Safari/537.36"
84.85.130.133 - - [17/May/2015:14:05:33 +0000] "GET /images/jordan-80.png HTTP/1.1" 200 6146 "http://www.semicomplete.com/projects/xdotool/" "Mozilla/5.0 (Windows NT 6.3; WOW64) AppleWebKit/537.36 (KHTML, like Gecko) Chrome/34.0.1838.2 Safari/537.36"
84.85.130.133 - - [17/May/2015:14:05:18 +0000] "GET /images/web/2009/banner.png HTTP/1.1" 200 52315 "http://www.semicomplete.com/projects/xdotool/" "Mozilla/5.0 (Windows NT 6.3; WOW64) AppleWebKit/537.36 (KHTML, like Gecko) Chrome/34.0.1838.2 Safari/537.36"
84.85.130.133 - - [17/May/2015:14:05:35 +0000] "GET /favicon.ico HTTP/1.1" 200 3638 "-" "Mozilla/5.0 (Windows NT 6.3; WOW64) AppleWebKit/537.36 (KHTML, like Gecko) Chrome/34.0.1838.2 Safari/537.36"
68.180.224.225 - - [17/May/2015:14:05:48 +0000] "GET /scripts/?C=M;O=A HTTP/1.1" 200 21894 "-" "Mozilla/5.0 (compatible; Yahoo! Slurp; http://help.yahoo.com/help/us/ysearch/slurp)"
68.180.224.225 - - [17/May/2015:14:05:07 +0000] "GET /scripts/?C=M;O=D HTTP/1.1" 200 21894 "-" "Mozilla/5.0 (compatible; Yahoo! Slurp; http://help.yahoo.com/help/us/ysearch/slurp)"
217.212.224.183 - - [17/May/2015:14:05:30 +0000] "GET /robots.txt HTTP/1.0" 200 - "-" "psbot/0.1 (+http://www.picsearch.com/bot.html)"
217.212.224.181 - - [17/May/2015:14:05:43 +0000] "GET /blog/projects/xmlpresenter/main.html HTTP/1.0" 200 11628 "-" "psbot/0.1 (+http://www.picsearch.com/bot.html)"
54.226.176.99 - - [17/May/2015:14:05:21 +0000] "GET /presentations/logstash-scale11x/ HTTP/1.1" 200 54239 "-" "Mozilla/5.0 (Macintosh; U; Intel Mac OS X 10.6; en-US; rv:1.9.2) Gecko/20100115 Firefox/3.6 (FlipboardProxy/1.1; +http://flipboard.com/browserproxy)"
194.29.137.5 - - [17/May/2015:14:05:55 +0000] "GET /projects/xdotool/xdotool.xhtml HTTP/1.1" 200 50112 "http://stackoverflow.com/questions/3585871/how-can-i-get-the-current-mouse-pointer-position-co-ordinates-in-x" "Mozilla/5.0 (X11; Linux i686; rv:26.0) Gecko/20100101 Firefox/26.0"
194.29.137.5 - - [17/May/2015:14:05:35 +0000] "GET /favicon.ico HTTP/1.1" 200 3638 "-" "Mozilla/5.0 (X11; Linux i686; rv:26.0) Gecko/20100101 Firefox/26.0"
194.29.137.5 - - [17/May/2015:14:05:33 +0000] "GET /favicon.ico HTTP/1.1" 200 3638 "-" "Mozilla/5.0 (X11; Linux i686; rv:26.0) Gecko/20100101 Firefox/26.0"
194.29.137.5 - - [17/May/2015:14:05:17 +0000] "GET /files/xdotool/docs/html/search/search.css HTTP/1.1" 200 3843 "http://www.semicomplete.com/files/xdotool/docs/html/xdo_8h.html" "Mozilla/5.0 (X11; Linux i686; rv:26.0) Gecko/20100101 Firefox/26.0"
194.29.137.5 - - [17/May/2015:14:05:35 +0000] "GET /files/xdotool/docs/html/tabs.css HTTP/1.1" 200 1844 "http://www.semicomplete.com/files/xdotool/docs/html/xdo_8h.html" "Mozilla/5.0 (X11; Linux i686; rv:26.0) Gecko/20100101 Firefox/26.0"
194.29.137.5 - - [17/May/2015:14:05:03 +0000] "GET /files/xdotool/docs/html/xdo_8h.html HTTP/1.1" 200 145776 "http://stackoverflow.com/questions/3585871/how-can-i-get-the-current-mouse-pointer-position-co-ordinates-in-x" "Mozilla/5.0 (X11; Linux i686; rv:26.0) Gecko/20100101 Firefox/26.0"
194.29.137.5 - - [17/May/2015:14:05:00 +0000] "GET /files/xdotool/docs/html/doxygen.css HTTP/1.1" 200 7911 "http://www.semicomplete.com/files/xdotool/docs/html/xdo_8h.html" "Mozilla/5.0 (X11; Linux i686; rv:26.0) Gecko/20100101 Firefox/26.0"
194.29.137.5 - - [17/May/2015:14:05:19 +0000] "GET /files/xdotool/docs/html/search/search.js HTTP/1.1" 200 21330 "http://www.semicomplete.com/files/xdotool/docs/html/xdo_8h.html" "Mozilla/5.0 (X11; Linux i686; rv:26.0) Gecko/20100101 Firefox/26.0"
194.29.137.5 - - [17/May/2015:14:05:46 +0000] "GET /files/xdotool/docs/html/search/close.png HTTP/1.1" 200 273 "http://www.semicomplete.com/files/xdotool/docs/html/xdo_8h.html" "Mozilla/5.0 (X11; Linux i686; rv:26.0) Gecko/20100101 Firefox/26.0"
194.29.137.5 - - [17/May/2015:14:05:13 +0000] "GET /files/xdotool/docs/html/search/search.png HTTP/1.1" 200 527 "http://www.semicomplete.com/files/xdotool/docs/html/xdo_8h.html" "Mozilla/5.0 (X11; Linux i686; rv:26.0) Gecko/20100101 Firefox/26.0"
194.29.137.5 - - [17/May/2015:14:05:05 +0000] "GET /files/xdotool/docs/html/tab_r.gif HTTP/1.1" 200 2585 "http://www.semicomplete.com/files/xdotool/docs/html/tabs.css" "Mozilla/5.0 (X11; Linux i686; rv:26.0) Gecko/20100101 Firefox/26.0"
194.29.137.5 - - [17/May/2015:14:05:36 +0000] "GET /files/xdotool/docs/html/tab_l.gif HTTP/1.1" 200 706 "http://www.semicomplete.com/files/xdotool/docs/html/tabs.css" "Mozilla/5.0 (X11; Linux i686; rv:26.0) Gecko/20100101 Firefox/26.0"
194.29.137.5 - - [17/May/2015:14:05:15 +0000] "GET /files/xdotool/docs/html/doxygen.png HTTP/1.1" 200 1281 "http://www.semicomplete.com/files/xdotool/docs/html/xdo_8h.html" "Mozilla/5.0 (X11; Linux i686; rv:26.0) Gecko/20100101 Firefox/26.0"
194.29.137.5 - - [17/May/2015:14:05:23 +0000] "GET /files/xdotool/docs/html/tab_b.gif HTTP/1.1" 200 35 "http://www.semicomplete.com/files/xdotool/docs/html/tabs.css" "Mozilla/5.0 (X11; Linux i686; rv:26.0) Gecko/20100101 Firefox/26.0"
68.180.224.225 - - [17/May/2015:14:05:18 +0000] "GET /scripts/?C=N;O=A HTTP/1.1" 200 21894 "-" "Mozilla/5.0 (compatible; Yahoo! Slurp; http://help.yahoo.com/help/us/ysearch/slurp)"
65.55.213.73 - - [17/May/2015:14:05:39 +0000] "GET /blog/tags/project HTTP/1.1" 200 29189 "-" "msnbot/2.0b (+http://search.msn.com/msnbot.htm)"
84.85.130.133 - - [17/May/2015:14:05:28 +0000] "GET /projects/xdotool/xdotool.xhtml HTTP/1.1" 200 50112 "http://www.semicomplete.com/projects/xdotool/" "Mozilla/5.0 (Windows NT 6.3; WOW64) AppleWebKit/537.36 (KHTML, like Gecko) Chrome/34.0.1838.2 Safari/537.36"
65.55.213.73 - - [17/May/2015:14:05:22 +0000] "GET /blog/tags/release HTTP/1.1" 200 40693 "-" "msnbot/2.0b (+http://search.msn.com/msnbot.htm)"
65.55.213.73 - - [17/May/2015:14:05:13 +0000] "GET /blog/tags/xdotool HTTP/1.1" 200 44297 "-" "msnbot/2.0b (+http://search.msn.com/msnbot.htm)"
192.95.12.193 - - [17/May/2015:14:05:47 +0000] "GET /misc/sample.log HTTP/1.1" 200 54306753 "http://www.semicomplete.com/" "Mozilla/5.0 (Macintosh; Intel Mac OS X 10.7; rv:21.0) Gecko/20100101 Firefox/21.0"
65.55.213.73 - - [17/May/2015:14:05:51 +0000] "GET /blog/geekery/disabling-battery-in-ubuntu-vms.html HTTP/1.1" 200 9316 "-" "msnbot/2.0b (+http://search.msn.com/msnbot.htm)"
192.95.12.193 - - [17/May/2015:14:05:39 +0000] "GET /blog/geekery/mounting-partitions-within-a-disk-image-in-linux.html HTTP/1.1" 200 9699 "http://www.semicomplete.com/" "Mozilla/5.0 (Macintosh; Intel Mac OS X 10.7; rv:21.0) Gecko/20100101 Firefox/21.0"
65.55.213.73 - - [17/May/2015:14:05:46 +0000] "GET /blog/tags/debugging HTTP/1.1" 200 24083 "-" "msnbot/2.0b (+http://search.msn.com/msnbot.htm)"
65.55.213.73 - - [17/May/2015:15:05:11 +0000] "GET /blog/tags/assert HTTP/1.1" 200 9514 "-" "msnbot/2.0b (+http://search.msn.com/msnbot.htm)"
65.55.213.73 - - [17/May/2015:15:05:49 +0000] "GET /blog/tags/C HTTP/1.1" 200 37991 "-" "msnbot/2.0b (+http://search.msn.com/msnbot.htm)"
217.212.224.181 - - [17/May/2015:15:05:44 +0000] "GET /demo/jquery-magicpuff.html HTTP/1.0" 304 - "-" "psbot/0.1 (+http://www.picsearch.com/bot.html)"
65.55.213.73 - - [17/May/2015:15:05:42 +0000] "GET /blog/tags/tf2 HTTP/1.1" 200 10021 "-" "msnbot/2.0b (+http://search.msn.com/msnbot.htm)"
65.55.213.73 - - [17/May/2015:15:05:27 +0000] "GET /blog/tags/Xlib HTTP/1.1" 200 25745 "-" "msnbot/2.0b (+http://search.msn.com/msnbot.htm)"
65.55.213.73 - - [17/May/2015:15:05:44 +0000] "GET /blog/tags/year%20review HTTP/1.1" 200 34590 "-" "msnbot/2.0b (+http://search.msn.com/msnbot.htm)"
65.55.213.73 - - [17/May/2015:15:05:01 +0000] "GET /blog/geekery/year-in-review-2011.html HTTP/1.1" 200 11118 "-" "msnbot/2.0b (+http://search.msn.com/msnbot.htm)"
65.55.213.73 - - [17/May/2015:15:05:44 +0000] "GET /blog/geekery/xdotool-2.20110530.html HTTP/1.1" 200 11936 "-" "msnbot/2.0b (+http://search.msn.com/msnbot.htm)"
95.153.89.104 - - [17/May/2015:15:05:00 +0000] "GET /files/rubygems615/java-ssl-debug-last-request.txt HTTP/1.1" 200 66717 "https://www.google.com/search?q=proxy+50na50" "Mozilla/5.0 (X11; U; SunOS sun4u; en-US; rv:1.7.5) Gecko/20050105 Epiphany/1.4.8"
65.55.213.73 - - [17/May/2015:15:05:01 +0000] "GET /blog/tags/tools HTTP/1.1" 200 26510 "-" "msnbot/2.0b (+http://search.msn.com/msnbot.htm)"
65.55.213.73 - - [17/May/2015:15:05:50 +0000] "GET /blog/geekery/solving-good-or-bad-problems.html HTTP/1.1" 200 10756 "-" "msnbot/2.0b (+http://search.msn.com/msnbot.htm)"
65.55.213.74 - - [17/May/2015:15:05:55 +0000] "GET /blog/tags/windows HTTP/1.1" 200 16691 "-" "msnbot/2.0b (+http://search.msn.com/msnbot.htm)"
65.55.213.74 - - [17/May/2015:15:05:32 +0000] "GET /blog/tags/installer%20failure HTTP/1.1" 200 8948 "-" "msnbot/2.0b (+http://search.msn.com/msnbot.htm)"
65.55.213.74 - - [17/May/2015:15:05:41 +0000] "GET /blog/tags/logstash HTTP/1.1" 200 19007 "-" "msnbot/2.0b (+http://search.msn.com/msnbot.htm)"
65.55.213.74 - - [17/May/2015:15:05:40 +0000] "GET /blog/growing-logstash-value.html HTTP/1.1" 200 11113 "-" "msnbot/2.0b (+http://search.msn.com/msnbot.htm)"
65.55.213.74 - - [17/May/2015:15:05:45 +0000] "GET /blog/tags/logging HTTP/1.1" 200 19423 "-" "msnbot/2.0b (+http://search.msn.com/msnbot.htm)"
65.55.213.74 - - [17/May/2015:15:05:36 +0000] "GET /blog/geekery/CEE-logging-for-profit.html HTTP/1.1" 200 13358 "-" "msnbot/2.0b (+http://search.msn.com/msnbot.htm)"
65.55.213.74 - - [17/May/2015:15:05:34 +0000] "GET /blog/tags/wine HTTP/1.1" 200 10021 "-" "msnbot/2.0b (+http://search.msn.com/msnbot.htm)"
65.55.213.74 - - [17/May/2015:15:05:57 +0000] "GET /blog/geekery/tf2-wine-linux-performance-tuning.html HTTP/1.1" 200 10021 "-" "msnbot/2.0b (+http://search.msn.com/msnbot.htm)"
65.55.213.74 - - [17/May/2015:15:05:15 +0000] "GET /blog/tags/rants HTTP/1.1" 200 39692 "-" "msnbot/2.0b (+http://search.msn.com/msnbot.htm)"
65.55.213.74 - - [17/May/2015:15:05:21 +0000] "GET /blog/tags/X11 HTTP/1.1" 200 32742 "-" "msnbot/2.0b (+http://search.msn.com/msnbot.htm)"
68.180.224.225 - - [17/May/2015:15:05:19 +0000] "GET /blog/tags/ipcp HTTP/1.1" 200 9983 "-" "Mozilla/5.0 (compatible; Yahoo! Slurp; http://help.yahoo.com/help/us/ysearch/slurp)"
65.55.213.74 - - [17/May/2015:15:05:20 +0000] "GET /blog/tags/open%20source HTTP/1.1" 200 11113 "-" "msnbot/2.0b (+http://search.msn.com/msnbot.htm)"
65.55.213.73 - - [17/May/2015:15:05:57 +0000] "GET /blog/geekery/insist-on-better-asserts.html HTTP/1.1" 200 9514 "-" "msnbot/2.0b (+http://search.msn.com/msnbot.htm)"
65.55.213.73 - - [17/May/2015:15:05:40 +0000] "GET /blog/tags/sysadmin HTTP/1.1" 200 40797 "-" "msnbot/2.0b (+http://search.msn.com/msnbot.htm)"
65.55.213.73 - - [17/May/2015:15:05:13 +0000] "GET /blog/tags/standards HTTP/1.1" 200 13358 "-" "msnbot/2.0b (+http://search.msn.com/msnbot.htm)"
65.55.213.73 - - [17/May/2015:15:05:26 +0000] "GET /blog/tags/linux HTTP/1.1" 200 29219 "-" "msnbot/2.0b (+http://search.msn.com/msnbot.htm)"
65.55.213.73 - - [17/May/2015:15:05:20 +0000] "GET /about/ HTTP/1.1" 200 11474 "-" "msnbot/2.0b (+http://search.msn.com/msnbot.htm)"
65.55.213.73 - - [17/May/2015:15:05:15 +0000] "GET /blog/geekery/installing-windows-8-consumer-preview.html HTTP/1.1" 200 8948 "-" "msnbot/2.0b (+http://search.msn.com/msnbot.htm)"
65.55.213.73 - - [17/May/2015:15:05:49 +0000] "GET /blog/tags/ruby HTTP/1.1" 200 35904 "-" "msnbot/2.0b (+http://search.msn.com/msnbot.htm)"
65.55.213.73 - - [17/May/2015:15:05:46 +0000] "GET /blog/geekery/logstash-1.0.0-release.html HTTP/1.1" 200 8764 "-" "msnbot/2.0b (+http://search.msn.com/msnbot.htm)"
65.55.213.73 - - [17/May/2015:15:05:04 +0000] "GET /blog/tags/management HTTP/1.1" 200 8764 "-" "msnbot/2.0b (+http://search.msn.com/msnbot.htm)"
65.55.213.73 - - [17/May/2015:15:05:30 +0000] "GET /blog/tags/log HTTP/1.1" 200 8764 "-" "msnbot/2.0b (+http://search.msn.com/msnbot.htm)"
46.105.14.53 - - [17/May/2015:15:05:07 +0000] "GET /blog/tags/puppet?flav=rss20 HTTP/1.1" 200 14872 "-" "UniversalFeedParser/4.2-pre-314-svn +http://feedparser.org/"
