207.46.13.104 - - [22/Jan/2019:03:57:02 +0330] "GET /filter/b1,b103,b105,b109,b111,b113,b135,b144,b176,b186,b221,b261,b291,b43,b481,b52,b597,b598,b614,b615,b77,b83 HTTP/1.1" 200 39189 "-" "Mozilla/5.0 (compatible; bingbot/2.0; +http://www.bing.com/bingbot.htm)" "-"
66.111.54.249 - - [22/Jan/2019:03:57:02 +0330] "GET /static/images/amp/instagram.png HTTP/1.1" 200 7146 "https://www.zanbil.ir/m/browse/refrigerator-and-freezer/%DB%8C%D8%AE%DA%86%D8%A7%D9%84-%D9%81%D8%B1%DB%8C%D8%B2%D8%B1" "Mozilla/5.0 (Linux; Android 5.0; SM-G900H Build/LRX21T) AppleWebKit/537.36 (KHTML, like Gecko) Chrome/39.0.2171.93 Mobile Safari/537.36" "-"
66.111.54.249 - - [22/Jan/2019:03:57:02 +0330] "GET /static/images/amp/telegram.png HTTP/1.1" 200 4859 "https://www.zanbil.ir/m/browse/refrigerator-and-freezer/%DB%8C%D8%AE%DA%86%D8%A7%D9%84-%D9%81%D8%B1%DB%8C%D8%B2%D8%B1" "Mozilla/5.0 (Linux; Android 5.0; SM-G900H Build/LRX21T) AppleWebKit/537.36 (KHTML, like Gecko) Chrome/39.0.2171.93 Mobile Safari/537.36" "-"
31.56.96.51 - - [22/Jan/2019:03:57:02 +0330] "GET /image/61496/productModel/200x200 HTTP/1.1" 200 6461 "https://www.zanbil.ir/m/filter/b113?page=1" "Mozilla/5.0 (Linux; Android 6.0; ALE-L21 Build/HuaweiALE-L21) AppleWebKit/537.36 (KHTML, like Gecko) Chrome/66.0.3359.158 Mobile Safari/537.36" "-"
31.56.96.51 - - [22/Jan/2019:03:57:02 +0330] "GET /image/61483/productModel/200x200 HTTP/1.1" 200 5092 "https://www.zanbil.ir/m/filter/b113?page=1" "Mozilla/5.0 (Linux; Android 6.0; ALE-L21 Build/HuaweiALE-L21) AppleWebKit/537.36 (KHTML, like Gecko) Chrome/66.0.3359.158 Mobile Safari/537.36" "-"
66.111.54.249 - - [22/Jan/2019:03:57:02 +0330] "GET /static/images/amp/blog.png HTTP/1.1" 200 3863 "https://www.zanbil.ir/m/browse/refrigerator-and-freezer/%DB%8C%D8%AE%DA%86%D8%A7%D9%84-%D9%81%D8%B1%DB%8C%D8%B2%D8%B1" "Mozilla/5.0 (Linux; Android 5.0; SM-G900H Build/LRX21T) AppleWebKit/537.36 (KHTML, like Gecko) Chrome/39.0.2171.93 Mobile Safari/537.36" "-"
31.56.96.51 - - [22/Jan/2019:03:57:02 +0330] "GET /image/60850/productModel/200x200 HTTP/1.1" 200 5317 "https://www.zanbil.ir/m/filter/b113?page=1" "Mozilla/5.0 (Linux; Android 6.0; ALE-L21 Build/HuaweiALE-L21) AppleWebKit/537.36 (KHTML, like Gecko) Chrome/66.0.3359.158 Mobile Safari/537.36" "-"
31.56.96.51 - - [22/Jan/2019:03:57:02 +0330] "GET /image/61310/productModel/200x200 HTTP/1.1" 200 5139 "https://www.zanbil.ir/m/filter/b113?page=1" "Mozilla/5.0 (Linux; Android 6.0; ALE-L21 Build/HuaweiALE-L21) AppleWebKit/537.36 (KHTML, like Gecko) Chrome/66.0.3359.158 Mobile Safari/537.36" "-"
66.111.54.249 - - [22/Jan/2019:03:57:02 +0330] "GET /static/images/amp/third-party/footer-mobile.png HTTP/1.1" 200 62894 "https://www.zanbil.ir/m/browse/refrigerator-and-freezer/%DB%8C%D8%AE%DA%86%D8%A7%D9%84-%D9%81%D8%B1%DB%8C%D8%B2%D8%B1" "Mozilla/5.0 (Linux; Android 5.0; SM-G900H Build/LRX21T) AppleWebKit/537.36 (KHTML, like Gecko) Chrome/39.0.2171.93 Mobile Safari/537.36" "-"
66.249.66.91 - - [22/Jan/2019:03:57:02 +0330] "GET /image/4860?name=156156.jpg&wh=200x200 HTTP/1.1" 200 5799 "-" "Googlebot-Image/1.0" "-"
66.249.66.91 - - [22/Jan/2019:03:57:02 +0330] "GET /filter/b481%2Cb874%2Cb36%2Cb226%2Cb570%2Cb180%2Cb615%2Cb185%2Cb880%2Cb878%2Cb270%2Cb903%2Cb883%2Cb99%2Cb261%2Cb152%2Cb249%2Cb701%2Cb723%2Cb42%2Cb183%2Cb88%2Cb219%2Cb202%2Cb308%2Cb103%2Cb1%2Cb2%2Cb126%2Cb523%2Cb904%2Cb192%2Cb703%2Cb890%2Cb105%2Cb231%2Cb258%2Cb209%2Cb50%2Cb186%2Cb221%2Cb482%2Cb41%2Cb238%2Cb19%2Cb435%2Cb648%2Cb724%2Cb74%2Cb8%2Cb614%2Cb619%2Cb113%2Cb734%2Cb168%2Cb63%2Cb546%2Cb603%2Cb151?page=204 HTTP/1.1" 200 41047 "-" "Mozilla/5.0 (compatible; Googlebot/2.1; +http://www.google.com/bot.html)" "-"
5.211.97.39 - - [22/Jan/2019:03:57:02 +0330] "GET /m/filter/p25%2Cb103 HTTP/1.1" 200 19100 "https://www.zanbil.ir/m/browse/meat-grinder/%DA%86%D8%B1%D8%AE-%DA%AF%D9%88%D8%B4%D8%AA" "Mozilla/5.0 (iPhone; CPU iPhone OS 10_3_2 like Mac OS X) AppleWebKit/603.2.4 (KHTML, like Gecko) Version/10.0 Mobile/14F89 Safari/602.1" "-"
5.211.97.39 - - [22/Jan/2019:03:57:03 +0330] "GET /settings/logo HTTP/1.1" 200 4120 "https://www.zanbil.ir/m/filter/p25%2Cb103" "Mozilla/5.0 (iPhone; CPU iPhone OS 10_3_2 like Mac OS X) AppleWebKit/603.2.4 (KHTML, like Gecko) Version/10.0 Mobile/14F89 Safari/602.1" "-"
5.211.97.39 - - [22/Jan/2019:03:57:03 +0330] "HEAD /amp_preconnect_polyfill_404_or_other_error_expected._Do_not_worry_about_it?1548117000000 HTTP/1.1" 404 0 "https://www.zanbil.ir/m/filter/p25%2Cb103" "Mozilla/5.0 (iPhone; CPU iPhone OS 10_3_2 like Mac OS X) AppleWebKit/603.2.4 (KHTML, like Gecko) Version/10.0 Mobile/14F89 Safari/602.1" "-"
5.211.97.39 - - [22/Jan/2019:03:57:03 +0330] "GET /image/4576/productModel/200x200 HTTP/1.1" 200 4937 "https://www.zanbil.ir/m/filter/p25%2Cb103" "Mozilla/5.0 (iPhone; CPU iPhone OS 10_3_2 like Mac OS X) AppleWebKit/603.2.4 (KHTML, like Gecko) Version/10.0 Mobile/14F89 Safari/602.1" "-"
5.211.97.39 - - [22/Jan/2019:03:57:03 +0330] "GET /image/2080/productModel/200x200 HTTP/1.1" 200 5104 "https://www.zanbil.ir/m/filter/p25%2Cb103" "Mozilla/5.0 (iPhone; CPU iPhone OS 10_3_2 like Mac OS X) AppleWebKit/603.2.4 (KHTML, like Gecko) Version/10.0 Mobile/14F89 Safari/602.1" "-"
5.211.97.39 - - [22/Jan/2019:03:57:03 +0330] "GET /image/30254/productModel/200x200 HTTP/1.1" 200 4902 "https://www.zanbil.ir/m/filter/p25%2Cb103" "Mozilla/5.0 (iPhone; CPU iPhone OS 10_3_2 like Mac OS X) AppleWebKit/603.2.4 (KHTML, like Gecko) Version/10.0 Mobile/14F89 Safari/602.1" "-"
5.211.97.39 - - [22/Jan/2019:03:57:03 +0330] "GET /image/2079/productModel/200x200 HTTP/1.1" 200 5548 "https://www.zanbil.ir/m/filter/p25%2Cb103" "Mozilla/5.0 (iPhone; CPU iPhone OS 10_3_2 like Mac OS X) AppleWebKit/603.2.4 (KHTML, like Gecko) Version/10.0 Mobile/14F89 Safari/602.1" "-"
31.56.96.51 - - [22/Jan/2019:03:57:04 +0330] "GET /image/60858/productModel/200x200 HTTP/1.1" 200 6582 "https://www.zanbil.ir/m/filter/b113?page=1" "Mozilla/5.0 (Linux; Android 6.0; ALE-L21 Build/HuaweiALE-L21) AppleWebKit/537.36 (KHTML, like Gecko) Chrome/66.0.3359.158 Mobile Safari/537.36" "-"
31.56.96.51 - - [22/Jan/2019:03:57:04 +0330] "GET /image/60853/productModel/200x200 HTTP/1.1" 200 6187 "https://www.zanbil.ir/m/filter/b113?page=1" "Mozilla/5.0 (Linux; Android 6.0; ALE-L21 Build/HuaweiALE-L21) AppleWebKit/537.36 (KHTML, like Gecko) Chrome/66.0.3359.158 Mobile Safari/537.36" "-"
66.249.66.91 - - [22/Jan/2019:03:57:04 +0330] "GET /filter/b249%2Cb482%2Cb615%2Cb80%2Cb598%2Cb221%2Cb74%2Cb880%2Cb41%2Cb113%2Cb454%2Cb43%2Cb484%2Cb442%2Cb574%2Cb874%2Cb648%2Cb820%2Cstexists%2Cb192%2Cb400%2Cb188%2Cb8%2Cb82%2Cb183%2Cb900%2Cb19%2Cb795%2Cb543%2Cb523%2Cb5?page=31 HTTP/1.1" 200 40303 "-" "Mozilla/5.0 (compatible; Googlebot/2.1; +http://www.google.com/bot.html)" "-"
66.249.66.194 - - [22/Jan/2019:03:57:05 +0330] "GET /m/filter/b105,b126,b136,b143,b148,b151,b152,b168,b183,b185,b188,b194,b198,b2,b20,b202,b209,b219,b22,b221,b226,b236,b238,b249,b270,b3,b308,b35,b4,b400,b41,b42,b43,b441,b454,b481,b484,b485,b497,b542,b546,b568,b570,b596,b598,b6,b645,b647,b648,b651,b701,b723,b74,b80,b82,b820,b854,b874,b877,b88,b883,b890,b900,b903,b95,b99 HTTP/1.1" 200 27557 "-" "Mozilla/5.0 (Linux; Android 6.0.1; Nexus 5X Build/MMB29P) AppleWebKit/537.36 (KHTML, like Gecko) Chrome/41.0.2272.96 Mobile Safari/537.36 (compatible; Googlebot/2.1; +http://www.google.com/bot.html)" "-"
5.211.97.39 - - [22/Jan/2019:03:57:05 +0330] "GET /image/4577/productModel/200x200 HTTP/1.1" 200 5382 "https://www.zanbil.ir/m/filter/p25%2Cb103" "Mozilla/5.0 (iPhone; CPU iPhone OS 10_3_2 like Mac OS X) AppleWebKit/603.2.4 (KHTML, like Gecko) Version/10.0 Mobile/14F89 Safari/602.1" "-"
5.211.97.39 - - [22/Jan/2019:03:57:05 +0330] "GET /image/16937/productModel/200x200 HTTP/1.1" 200 5935 "https://www.zanbil.ir/m/filter/p25%2Cb103" "Mozilla/5.0 (iPhone; CPU iPhone OS 10_3_2 like Mac OS X) AppleWebKit/603.2.4 (KHTML, like Gecko) Version/10.0 Mobile/14F89 Safari/602.1" "-"
207.46.13.136 - - [22/Jan/2019:03:57:05 +0330] "GET /filter/b1%2Cb103%2Cb105%2Cb109%2Cb111%2Cb186%2Cb144%2Cb52%2Cb77%2Cb344%2Cb486%2Cb191%2Cb8%2Cb43%2Cb321%2Cb618%2Cb221%2Cb673%2Cb454 HTTP/1.1" 200 39119 "-" "Mozilla/5.0 (compatible; bingbot/2.0; +http://www.bing.com/bingbot.htm)" "-"
54.36.148.117 - - [22/Jan/2019:03:57:05 +0330] "GET /filter/b153,b180,b612,p8 HTTP/1.1" 200 34976 "-" "Mozilla/5.0 (compatible; AhrefsBot/6.1; +http://ahrefs.com/robot/)" "-"
5.211.97.39 - - [22/Jan/2019:03:57:05 +0330] "GET /image/2078/productModel/200x200 HTTP/1.1" 200 5360 "https://www.zanbil.ir/m/filter/p25%2Cb103" "Mozilla/5.0 (iPhone; CPU iPhone OS 10_3_2 like Mac OS X) AppleWebKit/603.2.4 (KHTML, like Gecko) Version/10.0 Mobile/14F89 Safari/602.1" "-"
5.211.97.39 - - [22/Jan/2019:03:57:05 +0330] "GET /image/4575/productModel/200x200 HTTP/1.1" 200 4324 "https://www.zanbil.ir/m/filter/p25%2Cb103" "Mozilla/5.0 (iPhone; CPU iPhone OS 10_3_2 like Mac OS X) AppleWebKit/603.2.4 (KHTML, like Gecko) Version/10.0 Mobile/14F89 Safari/602.1" "-"
5.211.97.39 - - [22/Jan/2019:03:57:06 +0330] "GET /image/215/brand HTTP/1.1" 200 2353 "https://www.zanbil.ir/m/filter/p25%2Cb103" "Mozilla/5.0 (iPhone; CPU iPhone OS 10_3_2 like Mac OS X) AppleWebKit/603.2.4 (KHTML, like Gecko) Version/10.0 Mobile/14F89 Safari/602.1" "-"
66.249.66.91 - - [22/Jan/2019:03:57:06 +0330] "GET /filter/b481%2Cb874%2Cb32%2Cb67%2Cb36%2Cb226%2Cb41%2Cb136%2Cb570%2Cb598%2Cb180%2Cb615%2Cb168%2Cb648%2Cb103%2Cb80%2Cb213%2Cb597%2Cb724%2Cb613%2Cb135%2Cb877%2Cb183%2Cb497%2Cb435%2Cb194%2Cb861%2Cb256%2Cb854%2Cb198%2Cb647%2Cb679%2Cb88%2Cb441%2Cb6%2Cb221%2Cb645%2Cb219%2Cb50%2Cb151%2Cb192%2Cstexists?page=11 HTTP/1.1" 200 40682 "-" "Mozilla/5.0 (compatible; Googlebot/2.1; +http://www.google.com/bot.html)" "-"
91.99.72.15 - - [22/Jan/2019:03:57:06 +0330] "GET /product/6021/6638/%D9%81%D8%B4%D8%A7%D8%B1%D8%B3%D9%86%D8%AC-%D8%A8%D8%A7%D8%B2%D9%88%DB%8C%DB%8C-%D8%A7%DB%8C%D8%B2%DB%8C-%D9%84%D8%A7%DB%8C%D9%81-%D9%85%D8%AF%D9%84-HS-2000 HTTP/1.1" 200 41346 "-" "Mozilla/5.0 (Windows NT 6.1; WOW64) AppleWebKit/535.7(KHTML, like Gecko) Chrome/16.0.912.36 Safari/535.7" "-"
66.249.66.194 - - [22/Jan/2019:03:57:06 +0330] "GET /filter/b218%2Cp5666%2Cstexists HTTP/1.1" 200 32900 "-" "Mozilla/5.0 (compatible; Googlebot/2.1; +http://www.google.com/bot.html)" "-"
207.46.13.104 - - [22/Jan/2019:03:57:06 +0330] "GET /filter/b1%2Cb130%2Cb134%2Cb136%2Cb238 HTTP/1.1" 200 37694 "-" "Mozilla/5.0 (compatible; bingbot/2.0; +http://www.bing.com/bingbot.htm)" "-"
66.249.66.91 - - [22/Jan/2019:03:57:07 +0330] "GET /filter/b481%2Cb226%2Cb570%2Cb80%2Cb270%2Cb903%2Cb883%2Cb152%2Cb249%2Cb20%2Cb701%2Cb723%2Cb42%2Cb198%2Cb35%2Cb183%2Cb219%2Cb308%2Cb126%2Cb523%2Cb900%2Cb188%2Cb703%2Cb890%2Cb236%2Cb74%2Cb400%2Cb209%2Cb19%2Cb454%2Cb651%2Cb202%2Cb4%2Cb22%2Cb238%2Cb6%2Cb596%2Cb143%2Cb877%2Cb485%2Cb221%2Cb194%2Cb136%2Cb647%2Cb497%2Cb546%2Cb105%2Cb185%2Cb568%2Cb151%2Cb88%2Cb43%2Cb597%2Cb103%2Cb613%2Cb880%2Cb212%2Cb861%2Cb148%2Cb135%2Cb186%2Cb778%2Cb113%2Cb99%2Cb584%2Cb724?page=184 HTTP/1.1" 200 41877 "-" "Mozilla/5.0 (compatible; Googlebot/2.1; +http://www.google.com/bot.html)" "-"
5.209.200.218 - - [22/Jan/2019:03:57:07 +0330] "GET /static/images/amp/instagram.png HTTP/1.1" 200 7146 "https://www.zanbil.ir/m/filter/b99%2Cp4510%2Cstexists%2Ct116" "Mozilla/5.0 (Linux; Android 5.1.1; SM-G361H Build/LMY48B) AppleWebKit/537.36 (KHTML, like Gecko) Chrome/55.0.2883.91 Mobile Safari/537.36" "-"
207.46.13.136 - - [22/Jan/2019:03:57:07 +0330] "GET /filter/b181%2Cb567%2Cb8 HTTP/1.1" 200 37008 "-" "Mozilla/5.0 (compatible; bingbot/2.0; +http://www.bing.com/bingbot.htm)" "-"
5.209.200.218 - - [22/Jan/2019:03:57:07 +0330] "GET /static/images/amp/telegram.png HTTP/1.1" 200 4859 "https://www.zanbil.ir/m/filter/b99%2Cp4510%2Cstexists%2Ct116" "Mozilla/5.0 (Linux; Android 5.1.1; SM-G361H Build/LMY48B) AppleWebKit/537.36 (KHTML, like Gecko) Chrome/55.0.2883.91 Mobile Safari/537.36" "-"
5.209.200.218 - - [22/Jan/2019:03:57:07 +0330] "GET /static/images/amp/blog.png HTTP/1.1" 200 3863 "https://www.zanbil.ir/m/filter/b99%2Cp4510%2Cstexists%2Ct116" "Mozilla/5.0 (Linux; Android 5.1.1; SM-G361H Build/LMY48B) AppleWebKit/537.36 (KHTML, like Gecko) Chrome/55.0.2883.91 Mobile Safari/537.36" "-"
104.194.24.33 - - [22/Jan/2019:03:57:07 +0330] "GET /amp-helper-frame.html?appId=a624a1c1-0c93-466a-a546-e146710f97e6&parentOrigin=https://www-zanbil-ir.cdn.ampproject.org HTTP/1.1" 200 133 "https://www-zanbil-ir.cdn.ampproject.org/v/s/www.zanbil.ir/m/article/594/-%D9%87%D9%86%D8%B1-%D9%85%D8%AC%D8%B3%D9%85%D9%87-%D8%B3%D8%A7%D8%B2%DB%8C?amp_js_v=a2&amp_gsa=1&usqp=mq331AQCCAE%3D" "Mozilla/5.0 (Linux; Android 8.0.0; SM-G955F) AppleWebKit/537.36 (KHTML, like Gecko) Chrome/71.0.3578.99 Mobile Safari/537.36" "-"
5.211.97.39 - - [22/Jan/2019:03:57:08 +0330] "GET /image/33/brand HTTP/1.1" 200 2328 "https://www.zanbil.ir/m/filter/p25%2Cb103" "Mozilla/5.0 (iPhone; CPU iPhone OS 10_3_2 like Mac OS X) AppleWebKit/603.2.4 (KHTML, like Gecko) Version/10.0 Mobile/14F89 Safari/602.1" "-"
91.99.72.15 - - [22/Jan/2019:03:57:08 +0330] "GET /product/15448/29282/%D9%85%DB%8C%D8%B2-%D8%B9%D8%B3%D9%84%DB%8C-Persis-%D9%85%D8%AF%D9%84-TS101 HTTP/1.1" 200 41047 "-" "Mozilla/5.0 (Windows NT 6.1; WOW64) AppleWebKit/535.7(KHTML, like Gecko) Chrome/16.0.912.36 Safari/535.7" "-"
66.249.66.194 - - [22/Jan/2019:03:57:08 +0330] "GET /m/article/594/-%D9%87%D9%86%D8%B1-%D9%85%D8%AC%D8%B3%D9%85%D9%87-%D8%B3%D8%A7%D8%B2%DB%8C HTTP/1.1" 200 23110 "-" "Mozilla/5.0 (Linux; Android 6.0.1; Nexus 5X Build/MMB29P) AppleWebKit/537.36 (KHTML, like Gecko) Chrome/41.0.2272.96 Mobile Safari/537.36 (compatible; Googlebot/2.1; +http://www.google.com/bot.html)" "-"
54.36.148.232 - - [22/Jan/2019:03:57:09 +0330] "GET /filter/b3%2Cp48%2Cb32 HTTP/1.1" 200 34688 "-" "Mozilla/5.0 (compatible; AhrefsBot/6.1; +http://ahrefs.com/robot/)" "-"
91.99.72.15 - - [22/Jan/2019:03:57:09 +0330] "GET /product/33396/64042/%D8%B3%D8%A7%D8%B9%D8%AA-%D9%85%DA%86%DB%8C-%D8%B9%D9%82%D8%B1%D8%A8%D9%87-%D8%A7%DB%8C-%D9%85%D8%B1%D8%AF%D8%A7%D9%86%D9%87-CASIO-%D9%85%D8%AF%D9%84-EFV-520BL-2AVUDF HTTP/1.1" 200 43101 "-" "Mozilla/5.0 (Windows NT 6.2; Win64; x64; rv:16.0)Gecko/16.0 Firefox/16.0" "-"
66.249.66.194 - - [22/Jan/2019:03:57:09 +0330] "GET /filter/b2,p1 HTTP/1.1" 302 0 "-" "Mozilla/5.0 (Linux; Android 6.0.1; Nexus 5X Build/MMB29P) AppleWebKit/537.36 (KHTML, like Gecko) Chrome/41.0.2272.96 Mobile Safari/537.36 (compatible; Googlebot/2.1; +http://www.google.com/bot.html)" "-"
46.224.77.32 - - [22/Jan/2019:03:57:09 +0330] "GET /image/32593?name=kachiran-roz210%2B.jpg&wh=200x200 HTTP/1.1" 200 4484 "-" "Dalvik/1.6.0 (Linux; U; Android 4.2.2; HUAWEI G730-U10 Build/HuaweiG730-U10)" "-"
91.99.72.15 - - [22/Jan/2019:03:57:10 +0330] "GET /product/31856/62060/%D8%AA%D8%A8-%D8%B3%D9%86%D8%AC-Omron-%D9%85%D8%AF%D9%84-GentleTemp-720 HTTP/1.1" 200 41580 "-" "Mozilla/5.0 (Windows NT 6.2; Win64; x64; rv:16.0)Gecko/16.0 Firefox/16.0" "-"
204.18.198.248 - - [22/Jan/2019:03:57:10 +0330] "GET /m/product/30782/60550/%DA%A9%D8%AA%D8%B1%DB%8C-%D8%A8%D8%B1%D9%82%DB%8C-%DA%AF%D8%A7%D8%B3%D8%AA%D8%B1%D9%88%D8%A8%DA%A9-%D9%85%D8%AF%D9%84-42420 HTTP/1.1" 200 20608 "https://www.zanbil.ir/m/filter?f=p12,b185" "Mozilla/5.0 (iPhone; CPU iPhone OS 12_1 like Mac OS X) AppleWebKit/605.1.15 (KHTML, like Gecko) Version/12.0 Mobile/15E148 Safari/604.1" "-"
204.18.198.248 - - [22/Jan/2019:03:57:11 +0330] "GET /settings/logo HTTP/1.1" 200 4120 "https://www.zanbil.ir/m/product/30782/60550/%DA%A9%D8%AA%D8%B1%DB%8C-%D8%A8%D8%B1%D9%82%DB%8C-%DA%AF%D8%A7%D8%B3%D8%AA%D8%B1%D9%88%D8%A8%DA%A9-%D9%85%D8%AF%D9%84-42420" "Mozilla/5.0 (iPhone; CPU iPhone OS 12_1 like Mac OS X) AppleWebKit/605.1.15 (KHTML, like Gecko) Version/12.0 Mobile/15E148 Safari/604.1" "-"
54.36.149.92 - - [22/Jan/2019:03:57:11 +0330] "GET /filter/p5952%2Cv1%7C%D9%82%D8%B1%D9%85%D8%B2%2Cv1%7C%D9%86%D8%A7%D8%B1%D9%86%D8%AC%DB%8C HTTP/1.1" 200 32006 "-" "Mozilla/5.0 (compatible; AhrefsBot/6.1; +http://ahrefs.com/robot/)" "-"
66.249.66.194 - - [22/Jan/2019:03:57:11 +0330] "GET /m/filter/b20,b238,b3,b5,b543,b570,b601,b741,b890,p51,stexists HTTP/1.1" 200 19511 "-" "Mozilla/5.0 (Linux; Android 6.0.1; Nexus 5X Build/MMB29P) AppleWebKit/537.36 (KHTML, like Gecko) Chrome/41.0.2272.96 Mobile Safari/537.36 (compatible; Googlebot/2.1; +http://www.google.com/bot.html)" "-"
204.18.198.248 - - [22/Jan/2019:03:57:11 +0330] "GET /image/30782?name=gastroback-21.jpg&wh=max HTTP/1.1" 200 30822 "https://www.zanbil.ir/m/product/30782/60550/%DA%A9%D8%AA%D8%B1%DB%8C-%D8%A8%D8%B1%D9%82%DB%8C-%DA%AF%D8%A7%D8%B3%D8%AA%D8%B1%D9%88%D8%A8%DA%A9-%D9%85%D8%AF%D9%84-42420" "Mozilla/5.0 (iPhone; CPU iPhone OS 12_1 like Mac OS X) AppleWebKit/605.1.15 (KHTML, like Gecko) Version/12.0 Mobile/15E148 Safari/604.1" "-"
66.249.66.194 - - [22/Jan/2019:03:57:11 +0330] "GET /filter/b36,p3 HTTP/1.1" 200 35145 "-" "Mozilla/5.0 (compatible; Googlebot/2.1; +http://www.google.com/bot.html)" "-"
66.249.66.91 - - [22/Jan/2019:03:57:11 +0330] "GET /filter/b481%2Cb226%2Cb570%2Cb80%2Cb270%2Cb903%2Cb883%2Cb152%2Cb249%2Cb20%2Cb701%2Cb723%2Cb42%2Cb198%2Cb35%2Cb183%2Cb219%2Cb308%2Cb126%2Cb523%2Cb900%2Cb188%2Cb703%2Cb890%2Cb236%2Cb74%2Cb400%2Cb209%2Cb19%2Cb454%2Cb651%2Cb202%2Cb4%2Cb22%2Cb238%2Cb6%2Cb596%2Cb143%2Cb877%2Cb485%2Cb221%2Cb194%2Cb136%2Cb647%2Cb497%2Cb546%2Cb105%2Cb185%2Cb568%2Cb151%2Cb88%2Cb43%2Cb597%2Cb103%2Cb613%2Cb880%2Cb212%2Cb861%2Cb148%2Cb135%2Cb186%2Cb778%2Cb113%2Cb99%2Cb584%2Cb724?page=177 HTTP/1.1" 200 41875 "-" "Mozilla/5.0 (compatible; Googlebot/2.1; +http://www.google.com/bot.html)" "-"
46.224.77.32 - - [22/Jan/2019:03:57:11 +0330] "GET /image/3565?name=code+1129.jpg&wh=200x200 HTTP/1.1" 200 5002 "-" "Dalvik/1.6.0 (Linux; U; Android 4.2.2; HUAWEI G730-U10 Build/HuaweiG730-U10)" "-"
46.224.77.32 - - [22/Jan/2019:03:57:12 +0330] "GET /image/31356?name=5000.jpg&wh=200x200 HTTP/1.1" 200 5362 "-" "Dalvik/1.6.0 (Linux; U; Android 4.2.2; HUAWEI G730-U10 Build/HuaweiG730-U10)" "-"
207.46.13.104 - - [22/Jan/2019:03:57:12 +0330] "GET /filter/b183,b95 HTTP/1.1" 200 36935 "-" "Mozilla/5.0 (compatible; bingbot/2.0; +http://www.bing.com/bingbot.htm)" "-"
66.249.66.194 - - [22/Jan/2019:03:57:12 +0330] "GET /m/filter/b2%2Cp1 HTTP/1.1" 200 21244 "-" "Mozilla/5.0 (Linux; Android 6.0.1; Nexus 5X Build/MMB29P) AppleWebKit/537.36 (KHTML, like Gecko) Chrome/41.0.2272.96 Mobile Safari/537.36 (compatible; Googlebot/2.1; +http://www.google.com/bot.html)" "-"
46.224.77.32 - - [22/Jan/2019:03:57:12 +0330] "GET /image/20123?name=janome-8200-w.jpg&wh=200x200 HTTP/1.1" 200 4407 "-" "Dalvik/1.6.0 (Linux; U; Android 4.2.2; HUAWEI G730-U10 Build/HuaweiG730-U10)" "-"
204.18.198.248 - - [22/Jan/2019:03:57:12 +0330] "GET /image/2498/productModel/150x150 HTTP/1.1" 200 3307 "https://www.zanbil.ir/m/product/30782/60550/%DA%A9%D8%AA%D8%B1%DB%8C-%D8%A8%D8%B1%D9%82%DB%8C-%DA%AF%D8%A7%D8%B3%D8%AA%D8%B1%D9%88%D8%A8%DA%A9-%D9%85%D8%AF%D9%84-42420" "Mozilla/5.0 (iPhone; CPU iPhone OS 12_1 like Mac OS X) AppleWebKit/605.1.15 (KHTML, like Gecko) Version/12.0 Mobile/15E148 Safari/604.1" "-"
204.18.198.248 - - [22/Jan/2019:03:57:13 +0330] "GET /image/63530/productModel/150x150 HTTP/1.1" 200 4079 "https://www.zanbil.ir/m/product/30782/60550/%DA%A9%D8%AA%D8%B1%DB%8C-%D8%A8%D8%B1%D9%82%DB%8C-%DA%AF%D8%A7%D8%B3%D8%AA%D8%B1%D9%88%D8%A8%DA%A9-%D9%85%D8%AF%D9%84-42420" "Mozilla/5.0 (iPhone; CPU iPhone OS 12_1 like Mac OS X) AppleWebKit/605.1.15 (KHTML, like Gecko) Version/12.0 Mobile/15E148 Safari/604.1" "-"
66.249.66.194 - - [22/Jan/2019:03:57:13 +0330] "GET /m/filter/b103,b105,b118,b135,b148,b151,b168,b180,b185,b2,b226,b261,b32,b321,b35,b42,b43,b441,b454,b481,b484,b5,b523,b542,b568,b570,b573,b597,b598,b6,b613,b615,b619,b63,b647,b648,b656,b703,b723,b734,b8,b861,b874,b877,b95,b99 HTTP/1.1" 200 26788 "-" "Mozilla/5.0 (Linux; Android 6.0.1; Nexus 5X Build/MMB29P) AppleWebKit/537.36 (KHTML, like Gecko) Chrome/41.0.2272.96 Mobile Safari/537.36 (compatible; Googlebot/2.1; +http://www.google.com/bot.html)" "-"
51.15.15.54 - - [22/Jan/2019:03:57:13 +0330] "GET /blog/tag/%D8%AE%D9%88%D8%A7%D8%A8/ HTTP/1.1" 200 21287 "-" "Barkrowler/0.9 (+http://www.exensa.com/crawl)" "-"
204.18.198.248 - - [22/Jan/2019:03:57:14 +0330] "GET /image/14/productType/120x90 HTTP/1.1" 200 14440 "https://www.zanbil.ir/m/product/30782/60550/%DA%A9%D8%AA%D8%B1%DB%8C-%D8%A8%D8%B1%D9%82%DB%8C-%DA%AF%D8%A7%D8%B3%D8%AA%D8%B1%D9%88%D8%A8%DA%A9-%D9%85%D8%AF%D9%84-42420" "Mozilla/5.0 (iPhone; CPU iPhone OS 12_1 like Mac OS X) AppleWebKit/605.1.15 (KHTML, like Gecko) Version/12.0 Mobile/15E148 Safari/604.1" "-"
66.249.66.194 - - [22/Jan/2019:03:57:14 +0330] "GET /product/25958/59518/%D8%A7%D8%AA%D9%88-%D8%A8%D8%AE%D8%A7%D8%B1-%D9%BE%D8%A7%D8%B1%D8%B3-%D8%AE%D8%B2%D8%B1-%D9%85%D8%AF%D9%84-SI-602 HTTP/1.1" 302 0 "-" "Mozilla/5.0 (Linux; Android 6.0.1; Nexus 5X Build/MMB29P) AppleWebKit/537.36 (KHTML, like Gecko) Chrome/41.0.2272.96 Mobile Safari/537.36 (compatible; Googlebot/2.1; +http://www.google.com/bot.html)" "-"
66.249.66.194 - - [22/Jan/2019:03:57:14 +0330] "GET /m/browse/stove-and-oven/%D8%A7%D8%AC%D8%A7%D9%82-%DA%AF%D8%A7%D8%B2-%D9%85%D8%A8%D9%84%D9%87 HTTP/1.1" 200 19242 "-" "Mozilla/5.0 (Linux; Android 6.0.1; Nexus 5X Build/MMB29P) AppleWebKit/537.36 (KHTML, like Gecko) Chrome/41.0.2272.96 Mobile Safari/537.36 (compatible; Googlebot/2.1; +http://www.google.com/bot.html)" "-"
54.36.149.58 - - [22/Jan/2019:03:57:14 +0330] "GET /filter/p10280%2Cv1%7C%D8%B7%D9%88%D8%B3%DB%8C%20%D9%86%D9%82%D8%B1%D9%87%20%D8%A7%DB%8C%2Cv1%7C%D8%B3%D9%81%DB%8C%D8%AF.?o=v1 HTTP/1.1" 302 0 "-" "Mozilla/5.0 (compatible; AhrefsBot/6.1; +http://ahrefs.com/robot/)" "-"
66.249.66.194 - - [22/Jan/2019:03:57:15 +0330] "GET /m/product/25958/59518/%D8%A7%D8%AA%D9%88-%D8%A8%D8%AE%D8%A7%D8%B1-%D9%BE%D8%A7%D8%B1%D8%B3-%D8%AE%D8%B2%D8%B1-%D9%85%D8%AF%D9%84-SI-602 HTTP/1.1" 200 21178 "-" "Mozilla/5.0 (Linux; Android 6.0.1; Nexus 5X Build/MMB29P) AppleWebKit/537.36 (KHTML, like Gecko) Chrome/41.0.2272.96 Mobile Safari/537.36 (compatible; Googlebot/2.1; +http://www.google.com/bot.html)" "-"
5.211.97.39 - - [22/Jan/2019:03:57:15 +0330] "GET /m/filter/p25%2Cb103%2Cb50 HTTP/1.1" 200 19244 "https://www.zanbil.ir/m/filter/p25%2Cb103" "Mozilla/5.0 (iPhone; CPU iPhone OS 10_3_2 like Mac OS X) AppleWebKit/603.2.4 (KHTML, like Gecko) Version/10.0 Mobile/14F89 Safari/602.1" "-"
5.211.97.39 - - [22/Jan/2019:03:57:16 +0330] "GET /settings/logo HTTP/1.1" 200 4120 "https://www.zanbil.ir/m/filter/p25%2Cb103%2Cb50" "Mozilla/5.0 (iPhone; CPU iPhone OS 10_3_2 like Mac OS X) AppleWebKit/603.2.4 (KHTML, like Gecko) Version/10.0 Mobile/14F89 Safari/602.1" "-"
5.211.97.39 - - [22/Jan/2019:03:57:16 +0330] "GET /image/64291/productModel/200x200 HTTP/1.1" 200 5735 "https://www.zanbil.ir/m/filter/p25%2Cb103%2Cb50" "Mozilla/5.0 (iPhone; CPU iPhone OS 10_3_2 like Mac OS X) AppleWebKit/603.2.4 (KHTML, like Gecko) Version/10.0 Mobile/14F89 Safari/602.1" "-"
93.244.33.47 - - [19/May/2015:11:05:49 +0000] "GET /favicon.ico HTTP/1.1" 200 3638 "-" "Mozilla/5.0 (compatible; MSIE 9.0; Windows NT 6.1; WOW64; Trident/5.0)"
125.237.203.218 - - [19/May/2015:11:05:39 +0000] "GET /presentations/logstash-scale11x/images/ahhh___rage_face_by_samusmmx-d5g5zap.png HTTP/1.1" 200 175208 "http://www.s-chassis.co.nz/viewtopic.php?f=16&t=9265&start=200" "Mozilla/5.0 (Windows NT 6.1; WOW64) AppleWebKit/537.36 (KHTML, like Gecko) Chrome/32.0.1700.107 Safari/537.36"
46.105.14.53 - - [19/May/2015:11:05:41 +0000] "GET /blog/tags/puppet?flav=rss20 HTTP/1.1" 200 14872 "-" "UniversalFeedParser/4.2-pre-314-svn +http://feedparser.org/"
49.14.115.120 - - [19/May/2015:11:05:54 +0000] "GET /images/googledotcom.png HTTP/1.1" 200 65748 "-" "Micromax X351/R2AE SEMC-Browser/4.0.3 Profile/MIDP-2.0 Configuration/CLDC-1.1"
66.249.73.135 - - [19/May/2015:11:05:19 +0000] "GET /blog/tags/web HTTP/1.1" 200 44019 "-" "Mozilla/5.0 (iPhone; CPU iPhone OS 6_0 like Mac OS X) AppleWebKit/536.26 (KHTML, like Gecko) Version/6.0 Mobile/10A5376e Safari/8536.25 (compatible; Googlebot/2.1; +http://www.google.com/bot.html)"
74.125.176.144 - - [19/May/2015:11:05:06 +0000] "GET /?flav=rss20 HTTP/1.1" 200 29941 "-" "FeedBurner/1.0 (http://www.FeedBurner.com)"
183.87.253.120 - - [19/May/2015:11:05:29 +0000] "GET /blog/geekery/ssl-latency.html HTTP/1.1" 200 17147 "https://www.google.co.in/" "Mozilla/5.0 (Macintosh; Intel Mac OS X 10_8_4) AppleWebKit/537.36 (KHTML, like Gecko) Chrome/32.0.1700.107 Safari/537.36"
183.87.253.120 - - [19/May/2015:11:05:15 +0000] "GET /reset.css HTTP/1.1" 200 1015 "http://www.semicomplete.com/blog/geekery/ssl-latency.html" "Mozilla/5.0 (Macintosh; Intel Mac OS X 10_8_4) AppleWebKit/537.36 (KHTML, like Gecko) Chrome/32.0.1700.107 Safari/537.36"
183.87.253.120 - - [19/May/2015:11:05:07 +0000] "GET /style2.css HTTP/1.1" 200 4877 "http://www.semicomplete.com/blog/geekery/ssl-latency.html" "Mozilla/5.0 (Macintosh; Intel Mac OS X 10_8_4) AppleWebKit/537.36 (KHTML, like Gecko) Chrome/32.0.1700.107 Safari/537.36"
183.87.253.120 - - [19/May/2015:11:05:14 +0000] "GET /images/jordan-80.png HTTP/1.1" 200 6146 "http://www.semicomplete.com/blog/geekery/ssl-latency.html" "Mozilla/5.0 (Macintosh; Intel Mac OS X 10_8_4) AppleWebKit/537.36 (KHTML, like Gecko) Chrome/32.0.1700.107 Safari/537.36"
183.87.253.120 - - [19/May/2015:11:05:03 +0000] "GET /images/web/2009/banner.png HTTP/1.1" 200 52315 "http://www.semicomplete.com/blog/geekery/ssl-latency.html" "Mozilla/5.0 (Macintosh; Intel Mac OS X 10_8_4) AppleWebKit/537.36 (KHTML, like Gecko) Chrome/32.0.1700.107 Safari/537.36"
183.87.253.120 - - [19/May/2015:11:05:56 +0000] "GET /favicon.ico HTTP/1.1" 200 3638 "-" "Mozilla/5.0 (Macintosh; Intel Mac OS X 10_8_4) AppleWebKit/537.36 (KHTML, like Gecko) Chrome/32.0.1700.107 Safari/537.36"
198.46.149.143 - - [19/May/2015:11:05:07 +0000] "GET /blog/geekery/disabling-battery-in-ubuntu-vms.html?utm_source=feedburner&utm_medium=feed&utm_campaign=Feed%3A+semicomplete%2Fmain+%28semicomplete.com+-+Jordan+Sissel%29 HTTP/1.1" 200 9316 "-" "Tiny Tiny RSS/1.11 (http://tt-rss.org/)"
78.46.140.200 - - [19/May/2015:11:05:27 +0000] "GET /misc/sample.log HTTP/1.1" 200 54306753 "http://www.semicomplete.com/" "Mozilla/5.0 (Macintosh; Intel Mac OS X 10.7; rv:22.0) Gecko/20100101 Firefox/22.0"
198.46.149.143 - - [19/May/2015:11:05:36 +0000] "GET /blog/geekery/solving-good-or-bad-problems.html?utm_source=feedburner&utm_medium=feed&utm_campaign=Feed%3A+semicomplete%2Fmain+%28semicomplete.com+-+Jordan+Sissel%29 HTTP/1.1" 200 10756 "-" "Tiny Tiny RSS/1.11 (http://tt-rss.org/)"
80.239.169.204 - - [19/May/2015:11:05:21 +0000] "GET /blog/geekery/puppet-nodeless-configuration HTTP/1.1" 200 10301 "http://www.google.com/url?q=http%3A%2F%2Fwww.semicomplete.com%2Fblog%2Fgeekery%2Fpuppet-nodeless-configuration&sa=D&sntz=1&usg=AFQjCNGgwd3fe1S5l1QO4JL2QXkdKP66Qw" "Opera/9.80 (X11; Linux x86_64; U; en) Presto/2.10.289 Version/12.02"
80.239.169.204 - - [19/May/2015:11:05:41 +0000] "GET /images/jordan-80.png HTTP/1.1" 200 6146 "http://www.semicomplete.com/blog/geekery/puppet-nodeless-configuration" "Opera/9.80 (X11; Linux x86_64; U; en) Presto/2.10.289 Version/12.02"
80.239.169.204 - - [19/May/2015:11:05:00 +0000] "GET /reset.css HTTP/1.1" 200 1015 "http://www.semicomplete.com/blog/geekery/puppet-nodeless-configuration" "Opera/9.80 (X11; Linux x86_64; U; en) Presto/2.10.289 Version/12.02"
80.239.169.204 - - [19/May/2015:11:05:24 +0000] "GET /style2.css HTTP/1.1" 200 4877 "http://www.semicomplete.com/blog/geekery/puppet-nodeless-configuration" "Opera/9.80 (X11; Linux x86_64; U; en) Presto/2.10.289 Version/12.02"
80.239.169.204 - - [19/May/2015:11:05:31 +0000] "GET /favicon.ico HTTP/1.1" 200 3638 "http://www.semicomplete.com/blog/geekery/puppet-nodeless-configuration" "Opera/9.80 (X11; Linux x86_64; U; en) Presto/2.10.289 Version/12.02"
80.239.169.204 - - [19/May/2015:11:05:21 +0000] "GET /images/web/2009/banner.png HTTP/1.1" 200 52315 "http://www.semicomplete.com/blog/geekery/puppet-nodeless-configuration" "Opera/9.80 (X11; Linux x86_64; U; en) Presto/2.10.289 Version/12.02"
78.46.140.200 - - [19/May/2015:11:05:39 +0000] "GET /blog/geekery/mounting-partitions-within-a-disk-image-in-linux.html HTTP/1.1" 200 9699 "http://www.semicomplete.com/" "Mozilla/5.0 (Macintosh; Intel Mac OS X 10.7; rv:22.0) Gecko/20100101 Firefox/22.0"
193.244.33.47 - - [19/May/2015:11:05:18 +0000] "GET /presentations/logstash-puppetconf-2012/images/office-space-printer-beat-down-gif.gif HTTP/1.1" 404 364 "http://semicomplete.com/presentations/logstash-puppetconf-2012/" "Mozilla/5.0 (compatible; MSIE 9.0; Windows NT 6.1; WOW64; Trident/5.0)"
217.69.133.234 - - [19/May/2015:11:05:01 +0000] "GET /robots.txt HTTP/1.1" 200 - "-" "Mozilla/5.0 (compatible; Linux x86_64; Mail.RU_Bot/2.0; +http://go.mail.ru/help/robots)"
217.69.133.236 - - [19/May/2015:11:05:06 +0000] "GET /presentations/logstash-scale11x/ HTTP/1.1" 304 - "-" "Mozilla/5.0 (compatible; Linux x86_64; Mail.RU_Bot/2.0; +http://go.mail.ru/help/robots)"
143.233.204.28 - - [19/May/2015:11:05:43 +0000] "GET /blog/geekery/ssl-latency.html HTTP/1.0" 200 17147 "http://mishura-optom.ru/novosti/78-ukrasheniya-zhilya-s-pomoshchyu-novogodnej-mishury-chast-1" "Mozilla/5.0 (Windows NT 5.1) AppleWebKit/537.11 (KHTML, like Gecko) Chrome/23.0.1271.91 Safari/537.11"
89.182.254.89 - - [19/May/2015:11:05:04 +0000] "GET /favicon.ico HTTP/1.1" 200 3638 "-" "Mozilla/5.0 (X11; Linux x86_64; rv:25.0) Gecko/20100101 Firefox/25.0"
143.233.204.28 - - [19/May/2015:11:05:25 +0000] "GET /blog/geekery/ssl-latency.html HTTP/1.0" 200 17147 "http://mishura-optom.ru/novosti/78-ukrasheniya-zhilya-s-pomoshchyu-novogodnej-mishury-chast-1" "Opera/9.80 (Windows NT 6.1; U; ru) Presto/2.7.39 Version/11.00"
143.233.204.28 - - [19/May/2015:11:05:05 +0000] "GET /blog/geekery/ssl-latency.html HTTP/1.0" 200 17147 "http://mishura-optom.ru/novosti/78-ukrasheniya-zhilya-s-pomoshchyu-novogodnej-mishury-chast-1" "Mozilla/5.0 (Macintosh; Intel Mac OS X 10.8; rv:11.0) Gecko/20100101 Firefox/11.0"
83.175.127.2 - - [19/May/2015:11:05:03 +0000] "GET /articles/dynamic-dns-with-dhcp/ HTTP/1.1" 200 18848 "https://www.google.at/" "Mozilla/5.0 (Windows NT 6.3; WOW64) AppleWebKit/537.36 (KHTML, like Gecko) Chrome/32.0.1700.107 Safari/537.36"
83.175.127.2 - - [19/May/2015:11:05:33 +0000] "GET /reset.css HTTP/1.1" 200 1015 "http://www.semicomplete.com/articles/dynamic-dns-with-dhcp/" "Mozilla/5.0 (Windows NT 6.3; WOW64) AppleWebKit/537.36 (KHTML, like Gecko) Chrome/32.0.1700.107 Safari/537.36"
83.175.127.2 - - [19/May/2015:11:05:48 +0000] "GET /style2.css HTTP/1.1" 200 4877 "http://www.semicomplete.com/articles/dynamic-dns-with-dhcp/" "Mozilla/5.0 (Windows NT 6.3; WOW64) AppleWebKit/537.36 (KHTML, like Gecko) Chrome/32.0.1700.107 Safari/537.36"
83.175.127.2 - - [19/May/2015:11:05:24 +0000] "GET /images/jordan-80.png HTTP/1.1" 200 6146 "http://www.semicomplete.com/articles/dynamic-dns-with-dhcp/" "Mozilla/5.0 (Windows NT 6.3; WOW64) AppleWebKit/537.36 (KHTML, like Gecko) Chrome/32.0.1700.107 Safari/537.36"
83.175.127.2 - - [19/May/2015:11:05:43 +0000] "GET /images/web/2009/banner.png HTTP/1.1" 200 52315 "http://www.semicomplete.com/articles/dynamic-dns-with-dhcp/" "Mozilla/5.0 (Windows NT 6.3; WOW64) AppleWebKit/537.36 (KHTML, like Gecko) Chrome/32.0.1700.107 Safari/537.36"
83.175.127.2 - - [19/May/2015:11:05:12 +0000] "GET /favicon.ico HTTP/1.1" 200 3638 "-" "Mozilla/5.0 (Windows NT 6.3; WOW64) AppleWebKit/537.36 (KHTML, like Gecko) Chrome/32.0.1700.107 Safari/537.36"
36.250.177.94 - - [19/May/2015:11:05:48 +0000] "GET /blog/geekery/debugging-java-performance.html HTTP/1.1" 200 15796 "-" "Mozilla/4.0 (compatible; MSIE 6.0; Windows NT 5.1; SV1;)"
217.91.18.234 - - [19/May/2015:11:05:34 +0000] "GET /articles/ssh-security/ HTTP/1.1" 200 16543 "-" "Mozilla/5.0 (X11; Linux x86_64; rv:27.0) Gecko/20100101 Firefox/27.0"
217.91.18.234 - - [19/May/2015:11:05:59 +0000] "GET /reset.css HTTP/1.1" 200 1015 "http://www.semicomplete.com/articles/ssh-security/" "Mozilla/5.0 (X11; Linux x86_64; rv:27.0) Gecko/20100101 Firefox/27.0"
217.91.18.234 - - [19/May/2015:11:05:45 +0000] "GET /style2.css HTTP/1.1" 200 4877 "http://www.semicomplete.com/articles/ssh-security/" "Mozilla/5.0 (X11; Linux x86_64; rv:27.0) Gecko/20100101 Firefox/27.0"
217.91.18.234 - - [19/May/2015:11:05:42 +0000] "GET /favicon.ico HTTP/1.1" 200 3638 "-" "Mozilla/5.0 (X11; Linux x86_64; rv:27.0) Gecko/20100101 Firefox/27.0"
217.91.18.234 - - [19/May/2015:11:05:55 +0000] "GET /images/jordan-80.png HTTP/1.1" 200 6146 "http://www.semicomplete.com/articles/ssh-security/" "Mozilla/5.0 (X11; Linux x86_64; rv:27.0) Gecko/20100101 Firefox/27.0"
217.91.18.234 - - [19/May/2015:11:05:53 +0000] "GET /images/web/2009/banner.png HTTP/1.1" 200 52315 "http://www.semicomplete.com/style2.css" "Mozilla/5.0 (X11; Linux x86_64; rv:27.0) Gecko/20100101 Firefox/27.0"
46.105.14.53 - - [19/May/2015:12:05:08 +0000] "GET /blog/tags/puppet?flav=rss20 HTTP/1.1" 200 14872 "-" "UniversalFeedParser/4.2-pre-314-svn +http://feedparser.org/"
95.78.54.93 - - [19/May/2015:12:05:06 +0000] "GET /wp-login.php HTTP/1.1" 404 292 "-" "Mozilla/5.0 (Windows NT 5.1) AppleWebKit/537.1 (KHTML, like Gecko) Chrome/24.0.1309.0 Safari/537.17"
88.196.179.78 - - [19/May/2015:12:05:12 +0000] "GET /projects/xdotool/xdotool.xhtml HTTP/1.1" 200 50112 "http://www.google.com/url?sa=t&rct=j&q=&esrc=s&source=web&cd=2&ved=0CDsQFjAB&url=http%3A%2F%2Fwww.semicomplete.com%2Fprojects%2Fxdotool%2Fxdotool.xhtml&ei=6RboUNCkBJOR0QWAmoCgAw&usg=AFQjCNFwZFAI0RQdN_N0kFH-oj8cLsJRNQ&sig2=4K7QRpYyG6q8_E59KenL5A&bvm=bv.1355534169,d.d2k&cad=rja" "Mozilla/5.0 (X11; Ubuntu; Linux x86_64; rv:27.0) Gecko/20100101 Firefox/27.0"
109.163.234.10 - - [19/May/2015:12:05:39 +0000] "GET /blog/geekery/CEE-logging-for-profit.html HTTP/1.1" 200 13358 "-" "Mozilla/4.0 (compatible; MSIE 5.5; AOL 4.0; Windows 95)"
95.78.54.93 - - [19/May/2015:12:05:30 +0000] "GET /administrator/ HTTP/1.1" 404 294 "-" "Mozilla/5.0 (Windows NT 5.1) AppleWebKit/537.1 (KHTML, like Gecko) Chrome/24.0.1309.0 Safari/537.17"
95.78.54.93 - - [19/May/2015:12:05:48 +0000] "GET /admin.php HTTP/1.1" 404 289 "-" "Mozilla/5.0 (Windows NT 5.1) AppleWebKit/537.1 (KHTML, like Gecko) Chrome/24.0.1309.0 Safari/537.17"
86.56.94.63 - - [19/May/2015:12:05:55 +0000] "GET /blog/tags/jquery%20mobile HTTP/1.1" 200 9571 "http://www.google.com/url?sa=t&rct=j&q=&esrc=s&source=web&cd=5&sqi=2&ved=0CEcQFjAE&url=http%3A%2F%2Fwww.semicomplete.com%2Fblog%2Ftags%2Fjquery%2520mobile&ei=eeUBU-ueLIjBtQa61IGQDA&usg=AFQjCNHmLYX9aoOZ44fBHqIez5bhZjlmiQ&sig2=uVeGYLR2bANpYu46tsWN_Q&bvm=bv.61535280,d.Yms" "Mozilla/5.0 (Macintosh; Intel Mac OS X 10_9_1) AppleWebKit/537.73.11 (KHTML, like Gecko) Version/7.0.1 Safari/537.73.11"
86.56.94.63 - - [19/May/2015:12:05:12 +0000] "GET /reset.css HTTP/1.1" 200 1015 "http://www.semicomplete.com/blog/tags/jquery%20mobile" "Mozilla/5.0 (Macintosh; Intel Mac OS X 10_9_1) AppleWebKit/537.73.11 (KHTML, like Gecko) Version/7.0.1 Safari/537.73.11"
86.56.94.63 - - [19/May/2015:12:05:52 +0000] "GET /style2.css HTTP/1.1" 200 4877 "http://www.semicomplete.com/blog/tags/jquery%20mobile" "Mozilla/5.0 (Macintosh; Intel Mac OS X 10_9_1) AppleWebKit/537.73.11 (KHTML, like Gecko) Version/7.0.1 Safari/537.73.11"
86.56.94.63 - - [19/May/2015:12:05:30 +0000] "GET /images/jordan-80.png HTTP/1.1" 200 6146 "http://www.semicomplete.com/blog/tags/jquery%20mobile" "Mozilla/5.0 (Macintosh; Intel Mac OS X 10_9_1) AppleWebKit/537.73.11 (KHTML, like Gecko) Version/7.0.1 Safari/537.73.11"
86.56.94.63 - - [19/May/2015:12:05:11 +0000] "GET /images/web/2009/banner.png HTTP/1.1" 200 52315 "http://www.semicomplete.com/blog/tags/jquery%20mobile" "Mozilla/5.0 (Macintosh; Intel Mac OS X 10_9_1) AppleWebKit/537.73.11 (KHTML, like Gecko) Version/7.0.1 Safari/537.73.11"
86.56.94.63 - - [19/May/2015:12:05:57 +0000] "GET /favicon.ico HTTP/1.1" 200 3638 "http://www.semicomplete.com/blog/tags/jquery%20mobile" "Mozilla/5.0 (Macintosh; Intel Mac OS X 10_9_1) AppleWebKit/537.73.11 (KHTML, like Gecko) Version/7.0.1 Safari/537.73.11"
66.249.73.135 - - [19/May/2015:12:05:37 +0000] "GET /blog/2006?page=3 HTTP/1.1" 200 30792 "-" "Mozilla/5.0 (iPhone; CPU iPhone OS 6_0 like Mac OS X) AppleWebKit/536.26 (KHTML, like Gecko) Version/6.0 Mobile/10A5376e Safari/8536.25 (compatible; Googlebot/2.1; +http://www.google.com/bot.html)"
111.240.183.248 - - [19/May/2015:12:05:52 +0000] "GET /blog/geekery/xvfb-firefox.html HTTP/1.1" 200 10975 "-" "Mozilla/5.0 (X11; Linux x86_64; rv:24.0) Gecko/20100101 Firefox/24.0"
111.240.183.248 - - [19/May/2015:12:05:31 +0000] "GET /reset.css HTTP/1.1" 200 1015 "http://www.semicomplete.com/blog/geekery/xvfb-firefox.html" "Mozilla/5.0 (X11; Linux x86_64; rv:24.0) Gecko/20100101 Firefox/24.0"
111.240.183.248 - - [19/May/2015:12:05:13 +0000] "GET /style2.css HTTP/1.1" 200 4877 "http://www.semicomplete.com/blog/geekery/xvfb-firefox.html" "Mozilla/5.0 (X11; Linux x86_64; rv:24.0) Gecko/20100101 Firefox/24.0"
111.240.183.248 - - [19/May/2015:12:05:26 +0000] "GET /favicon.ico HTTP/1.1" 200 3638 "-" "Mozilla/5.0 (X11; Linux x86_64; rv:24.0) Gecko/20100101 Firefox/24.0"
111.240.183.248 - - [19/May/2015:12:05:55 +0000] "GET /images/jordan-80.png HTTP/1.1" 200 6146 "http://www.semicomplete.com/blog/geekery/xvfb-firefox.html" "Mozilla/5.0 (X11; Linux x86_64; rv:24.0) Gecko/20100101 Firefox/24.0"
111.240.183.248 - - [19/May/2015:12:05:42 +0000] "GET /images/web/2009/banner.png HTTP/1.1" 200 52315 "http://www.semicomplete.com/style2.css" "Mozilla/5.0 (X11; Linux x86_64; rv:24.0) Gecko/20100101 Firefox/24.0"
180.76.6.134 - - [19/May/2015:12:05:37 +0000] "GET /blog/geekery/brute-force-gets-distributed.html?commentlimit=0 HTTP/1.1" 200 9654 "-" "Mozilla/5.0 (compatible; Baiduspider/2.0; +http://www.baidu.com/search/spider.html)"
111.240.183.248 - - [19/May/2015:12:05:33 +0000] "GET /images/googledotcom.png HTTP/1.1" 200 65748 "http://www.semicomplete.com/blog/geekery/xvfb-firefox.html" "Mozilla/5.0 (X11; Linux x86_64; rv:24.0) Gecko/20100101 Firefox/24.0"
2.51.241.128 - - [19/May/2015:12:05:00 +0000] "GET /favicon.ico HTTP/1.1" 200 3638 "-" "Mozilla/5.0 (Windows NT 6.1; rv:17.0) Gecko/20100101 Firefox/17.0"
208.43.251.181 - - [19/May/2015:12:05:32 +0000] "GET /robots.txt HTTP/1.1" 200 - "-" "Mozilla/5.0 (compatible; MSIE 9.0; Windows NT 6.1; WOW64; Trident/5.0; chromeframe/19.0.1084.52)"
208.43.251.181 - - [19/May/2015:12:05:57 +0000] "GET /blog/tags/css HTTP/1.1" 200 13622 "-" "Mozilla/5.0 (compatible; MSIE 9.0; Windows NT 6.1; WOW64; Trident/5.0; chromeframe/19.0.1084.52)"
208.43.251.181 - - [19/May/2015:12:05:43 +0000] "GET /blog/tags/barcamp HTTP/1.1" 200 44422 "-" "Mozilla/5.0 (compatible; MSIE 9.0; Windows NT 6.1; WOW64; Trident/5.0; chromeframe/19.0.1084.52)"
208.43.252.200 - - [19/May/2015:12:05:20 +0000] "GET /blog/tags/:( HTTP/1.1" 200 11196 "-" "Mozilla/5.0 (compatible; MSIE 9.0; Windows NT 6.1; WOW64; Trident/5.0; chromeframe/19.0.1084.52)"
208.43.252.200 - - [19/May/2015:12:05:36 +0000] "GET /blog/site/site-design-2009.html HTTP/1.1" 200 11196 "-" "Mozilla/5.0 (compatible; MSIE 9.0; Windows NT 6.1; WOW64; Trident/5.0; chromeframe/19.0.1084.52)"
208.43.252.200 - - [19/May/2015:12:05:41 +0000] "GET /blog/geekery/ssl-latency.html HTTP/1.1" 200 17147 "-" "Mozilla/5.0 (compatible; MSIE 9.0; Windows NT 6.1; WOW64; Trident/5.0; chromeframe/19.0.1084.52)"
209.85.238.199 - - [19/May/2015:12:05:59 +0000] "GET /?flav=rss20 HTTP/1.1" 200 29941 "-" "Feedfetcher-Google; (+http://www.google.com/feedfetcher.html; 22 subscribers; feed-id=8321906634162087507)"
208.43.252.200 - - [19/May/2015:12:05:20 +0000] "GET /blog/geekery/ssh-honeypot-is-alive.html HTTP/1.1" 200 10181 "-" "Mozilla/5.0 (compatible; MSIE 9.0; Windows NT 6.1; WOW64; Trident/5.0; chromeframe/19.0.1084.52)"
208.43.252.200 - - [19/May/2015:12:05:27 +0000] "GET /blog/geekery/squid-selenium-dance-party.html HTTP/1.1" 200 9633 "-" "Mozilla/5.0 (compatible; MSIE 9.0; Windows NT 6.1; WOW64; Trident/5.0; chromeframe/19.0.1084.52)"
208.43.252.200 - - [19/May/2015:12:05:36 +0000] "GET /blog/geekery/eventdb-graphing.html HTTP/1.1" 200 9258 "-" "Mozilla/5.0 (compatible; MSIE 9.0; Windows NT 6.1; WOW64; Trident/5.0; chromeframe/19.0.1084.52)"
120.202.255.147 - - [19/May/2015:12:05:19 +0000] "GET /files/logstash/logstash-1.1.0-monolithic.jar HTTP/1.1" 304 - "-" "Mozilla/5.0 Gecko/20100115 Firefox/3.6"
208.43.252.200 - - [19/May/2015:12:05:32 +0000] "GET /blog/geekery/barcamp-sanfrancisco-1.html HTTP/1.1" 200 10745 "-" "Mozilla/5.0 (compatible; MSIE 9.0; Windows NT 6.1; WOW64; Trident/5.0; chromeframe/19.0.1084.52)"
208.43.252.200 - - [19/May/2015:12:05:11 +0000] "GET /blog/articles/week-of-unix-tools/day-4-data-sources.html HTTP/1.1" 200 13042 "-" "Mozilla/5.0 (compatible; MSIE 9.0; Windows NT 6.1; WOW64; Trident/5.0; chromeframe/19.0.1084.52)"
208.43.252.200 - - [19/May/2015:12:05:04 +0000] "GET /articles/arp-security/arpmitm HTTP/1.1" 200 1788 "-" "Mozilla/5.0 (compatible; MSIE 9.0; Windows NT 6.1; WOW64; Trident/5.0; chromeframe/19.0.1084.52)"
46.105.14.53 - - [19/May/2015:12:05:58 +0000] "GET /blog/tags/puppet?flav=rss20 HTTP/1.1" 200 14872 "-" "UniversalFeedParser/4.2-pre-314-svn +http://feedparser.org/"
66.249.73.135 - - [19/May/2015:12:05:49 +0000] "GET /blog/tags/firefox?flav=rss20 HTTP/1.1" 200 16021 "-" "Mozilla/5.0 (compatible; Googlebot/2.1; +http://www.google.com/bot.html)"
66.249.73.135 - - [19/May/2015:12:05:28 +0000] "GET / HTTP/1.1" 200 37932 "-" "Mozilla/5.0 (compatible; Googlebot/2.1; +http://www.google.com/bot.html)"
5.56.158.218 - - [19/May/2015:12:05:59 +0000] "GET /projects/xdotool/ HTTP/1.1" 200 12292 "http://www.google.dk/url?sa=t&rct=j&q=&esrc=s&source=web&cd=3&ved=0CDMQFjAC&url=http%3A%2F%2Fwww.semicomplete.com%2Fprojects%2Fxdotool%2F&ei=dOYBU_GRHMnSsgbZkoGABg&usg=AFQjCNE3V_aCf3-gfNcbS924S6jZ6FqffA&sig2=gAJh0hOUULS6La8QOuGp8Q" "Mozilla/5.0 (X11; Linux x86_64; rv:27.0) Gecko/20100101 Firefox/27.0"
5.56.158.218 - - [19/May/2015:12:05:17 +0000] "GET /reset.css HTTP/1.1" 200 1015 "http://www.semicomplete.com/projects/xdotool/" "Mozilla/5.0 (X11; Linux x86_64; rv:27.0) Gecko/20100101 Firefox/27.0"
5.56.158.218 - - [19/May/2015:12:05:37 +0000] "GET /style2.css HTTP/1.1" 200 4877 "http://www.semicomplete.com/projects/xdotool/" "Mozilla/5.0 (X11; Linux x86_64; rv:27.0) Gecko/20100101 Firefox/27.0"
5.56.158.218 - - [19/May/2015:12:05:17 +0000] "GET /favicon.ico HTTP/1.1" 200 3638 "-" "Mozilla/5.0 (X11; Linux x86_64; rv:27.0) Gecko/20100101 Firefox/27.0"
5.56.158.218 - - [19/May/2015:12:05:12 +0000] "GET /images/jordan-80.png HTTP/1.1" 200 6146 "http://www.semicomplete.com/projects/xdotool/" "Mozilla/5.0 (X11; Linux x86_64; rv:27.0) Gecko/20100101 Firefox/27.0"
5.56.158.218 - - [19/May/2015:12:05:56 +0000] "GET /images/web/2009/banner.png HTTP/1.1" 200 52315 "http://www.semicomplete.com/style2.css" "Mozilla/5.0 (X11; Linux x86_64; rv:27.0) Gecko/20100101 Firefox/27.0"
66.249.84.55 - - [19/May/2015:12:05:19 +0000] "GET / HTTP/1.1" 200 37932 "-" "Mozilla/5.0 (Windows NT 6.1; rv:6.0) Gecko/20110814 Firefox/6.0 Google favicon"
66.249.84.55 - - [19/May/2015:12:05:46 +0000] "GET /favicon.ico HTTP/1.1" 200 3638 "-" "Mozilla/5.0 (Windows NT 6.1; rv:6.0) Gecko/20110814 Firefox/6.0 Google favicon"
50.16.19.13 - - [19/May/2015:12:05:31 +0000] "GET /blog/tags/puppet?flav=rss20 HTTP/1.1" 200 14872 "http://www.semicomplete.com/blog/tags/puppet?flav=rss20" "Tiny Tiny RSS/1.11 (http://tt-rss.org/)"
85.76.162.29 - - [19/May/2015:12:05:03 +0000] "GET /presentations/logstash-scale11x/images/ahhh___rage_face_by_samusmmx-d5g5zap.png HTTP/1.1" 200 175208 "-" "Mozilla/5.0 (Linux; U; Android 4.1.2; fi-fi; GT-I9305 Build/JZO54K) AppleWebKit/534.30 (KHTML, like Gecko) Version/4.0 Mobile Safari/534.30"
81.130.81.254 - - [19/May/2015:12:05:30 +0000] "GET /presentations/puppet-at-loggly/puppet-at-loggly.pdf.html HTTP/1.1" 200 24747 "https://www.google.co.uk/" "Mozilla/5.0 (Macintosh; Intel Mac OS X 10_9_1) AppleWebKit/537.36 (KHTML, like Gecko) Chrome/32.0.1700.107 Safari/537.36"
81.130.81.254 - - [19/May/2015:12:05:12 +0000] "GET /favicon.ico HTTP/1.1" 200 3638 "-" "Mozilla/5.0 (Macintosh; Intel Mac OS X 10_9_1) AppleWebKit/537.36 (KHTML, like Gecko) Chrome/32.0.1700.107 Safari/537.36"
66.249.73.135 - - [19/May/2015:12:05:56 +0000] "GET /misc/rcfiles/ HTTP/1.1" 200 2551 "-" "Mozilla/5.0 (iPhone; CPU iPhone OS 6_0 like Mac OS X) AppleWebKit/536.26 (KHTML, like Gecko) Version/6.0 Mobile/10A5376e Safari/8536.25 (compatible; Googlebot/2.1; +http://www.google.com/bot.html)"
46.105.14.53 - - [19/May/2015:12:05:53 +0000] "GET /blog/tags/puppet?flav=rss20 HTTP/1.1" 200 14872 "-" "UniversalFeedParser/4.2-pre-314-svn +http://feedparser.org/"
91.183.139.98 - - [19/May/2015:12:05:13 +0000] "GET /articles/dynamic-dns-with-dhcp/ HTTP/1.1" 200 18848 "http://www.google.be/url?sa=t&rct=j&q=&esrc=s&source=web&cd=1&ved=0CC0QFjAA&url=http%3A%2F%2Fwww.semicomplete.com%2Farticles%2Fdynamic-dns-with-dhcp%2F&ei=JOgBU5PPBKWJzAP1v4CoCw&usg=AFQjCNEF1X4Rs52UYQyLiySTQxa97ozM4g&bvm=bv.61535280,d.bGE&cad=rja" "Mozilla/5.0 (X11; Ubuntu; Linux x86_64; rv:26.0) Gecko/20100101 Firefox/26.0"
91.183.139.98 - - [19/May/2015:12:05:36 +0000] "GET /style2.css HTTP/1.1" 200 4877 "http://www.semicomplete.com/articles/dynamic-dns-with-dhcp/" "Mozilla/5.0 (X11; Ubuntu; Linux x86_64; rv:26.0) Gecko/20100101 Firefox/26.0"
91.183.139.98 - - [19/May/2015:12:05:26 +0000] "GET /reset.css HTTP/1.1" 200 1015 "http://www.semicomplete.com/articles/dynamic-dns-with-dhcp/" "Mozilla/5.0 (X11; Ubuntu;
192.168.1.1 - - [12/May/2025:19:13:05 +0000] "POST /index.html HTTP/1.1" 403 5516
192.168.1.2 - - [10/May/2025:20:27:20 +0000] "GET /checkout HTTP/1.1" 401 1758
192.168.1.1 - - [12/May/2025:16:11:55 +0000] "GET /checkout HTTP/1.1" 502 7324
127.0.0.1 - - [12/May/2025:22:48:32 +0000] "POST /api/data HTTP/1.1" 401 3317
192.168.1.1 - - [12/May/2025:01:15:39 +0000] "POST /index.html HTTP/1.1" 502 1457
172.16.0.1 - - [11/May/2025:20:58:39 +0000] "GET /checkout HTTP/1.1" 503 1649
172.16.0.1 - - [11/May/2025:09:00:51 +0000] "GET /cart HTTP/1.1" 404 4518
8.8.8.8 - - [09/May/2025:20:02:41 +0000] "POST /api/data HTTP/1.1" 404 7592
10.0.0.1 - - [10/May/2025:07:13:22 +0000] "POST /profile HTTP/1.1" 503 7900
192.168.1.2 - - [09/May/2025:22:32:58 +0000] "GET /home HTTP/1.1" 200 6256
8.8.8.8 - - [10/May/2025:18:56:54 +0000] "GET /checkout HTTP/1.1" 502 782
192.168.1.1 - - [12/May/2025:13:16:01 +0000] "GET /search HTTP/1.1" 502 7570
172.16.0.1 - - [10/May/2025:21:07:26 +0000] "POST /api/data HTTP/1.1" 200 4632
10.0.0.1 - - [12/May/2025:10:40:37 +0000] "GET /api/data HTTP/1.1" 200 1271
10.0.0.1 - - [10/May/2025:23:25:28 +0000] "GET /profile HTTP/1.1" 502 1901
10.0.0.1 - - [11/May/2025:04:33:30 +0000] "GET /cart HTTP/1.1" 200 7077
172.16.0.1 - - [09/May/2025:11:56:05 +0000] "GET /cart HTTP/1.1" 403 4192
127.0.0.1 - - [12/May/2025:02:37:12 +0000] "GET /profile HTTP/1.1" 404 2744
192.168.1.2 - - [10/May/2025:07:24:41 +0000] "GET /search HTTP/1.1" 404 6418
8.8.8.8 - - [10/May/2025:06:50:30 +0000] "GET /api/data HTTP/1.1" 200 8232
8.8.8.8 - - [09/May/2025:14:10:24 +0000] "POST /login HTTP/1.1" 404 7027
192.168.1.2 - - [09/May/2025:18:34:57 +0000] "POST /api/data HTTP/1.1" 502 2040
172.16.0.1 - - [11/May/2025:18:48:55 +0000] "POST /login HTTP/1.1" 503 1400
1.1.1.1 - - [11/May/2025:02:36:05 +0000] "GET /search HTTP/1.1" 401 7816
192.168.1.1 - - [11/May/2025:05:56:42 +0000] "POST /cart HTTP/1.1" 404 4703
10.0.0.1 - - [12/May/2025:16:47:37 +0000] "POST /index.html HTTP/1.1" 404 2008
127.0.0.1 - - [12/May/2025:16:52:00 +0000] "POST /checkout HTTP/1.1" 200 6261
192.168.1.2 - - [12/May/2025:03:52:06 +0000] "GET /profile HTTP/1.1" 400 1536
192.168.1.1 - - [09/May/2025:22:06:30 +0000] "POST /login HTTP/1.1" 401 4649
127.0.0.1 - - [10/May/2025:12:24:28 +0000] "GET /checkout HTTP/1.1" 404 3278
192.168.1.1 - - [11/May/2025:04:21:38 +0000] "POST /index.html HTTP/1.1" 201 5280
1.1.1.1 - - [09/May/2025:22:00:09 +0000] "POST /search HTTP/1.1" 502 7943
8.8.8.8 - - [10/May/2025:09:03:08 +0000] "POST /search HTTP/1.1" 401 4156
172.16.0.1 - - [12/May/2025:10:27:44 +0000] "POST /index.html HTTP/1.1" 404 4422
8.8.8.8 - - [10/May/2025:23:33:44 +0000] "GET /search HTTP/1.1" 500 842
172.16.0.1 - - [12/May/2025:08:49:24 +0000] "GET /profile HTTP/1.1" 200 8776
8.8.8.8 - - [12/May/2025:05:11:16 +0000] "GET /index.html HTTP/1.1" 500 5506
172.16.0.1 - - [09/May/2025:11:08:27 +0000] "GET /checkout HTTP/1.1" 502 744
10.0.0.1 - - [11/May/2025:00:57:23 +0000] "POST /profile HTTP/1.1" 200 4683
172.16.0.1 - - [10/May/2025:01:07:39 +0000] "GET /search HTTP/1.1" 400 3681
172.16.0.1 - - [09/May/2025:01:12:00 +0000] "POST /checkout HTTP/1.1" 403 2283
8.8.8.8 - - [10/May/2025:03:37:29 +0000] "GET /api/data HTTP/1.1" 404 9338
192.168.1.2 - - [09/May/2025:00:11:16 +0000] "POST /search HTTP/1.1" 503 3769
192.168.1.1 - - [11/May/2025:00:31:16 +0000] "POST /search HTTP/1.1" 400 6004
192.168.1.2 - - [12/May/2025:18:43:13 +0000] "GET /search HTTP/1.1" 401 5399
172.16.0.1 - - [11/May/2025:07:06:52 +0000] "GET /profile HTTP/1.1" 400 5673
192.168.1.2 - - [12/May/2025:06:28:29 +0000] "POST /index.html HTTP/1.1" 200 1042
127.0.0.1 - - [11/May/2025:22:29:35 +0000] "GET /search HTTP/1.1" 200 3346
192.168.1.2 - - [11/May/2025:22:22:44 +0000] "GET /checkout HTTP/1.1" 301 6162
127.0.0.1 - - [09/May/2025:20:30:02 +0000] "POST /checkout HTTP/1.1" 301 1984
172.16.0.1 - - [09/May/2025:03:32:03 +0000] "POST /cart HTTP/1.1" 403 560
192.168.1.2 - - [12/May/2025:23:39:02 +0000] "POST /cart HTTP/1.1" 201 8031
1.1.1.1 - - [12/May/2025:05:53:50 +0000] "GET /search HTTP/1.1" 404 10470
172.16.0.1 - - [09/May/2025:00:28:08 +0000] "POST /cart HTTP/1.1" 503 6241
172.16.0.1 - - [10/May/2025:03:24:34 +0000] "GET /profile HTTP/1.1" 401 8893
10.0.0.1 - - [09/May/2025:20:08:03 +0000] "POST /api/data HTTP/1.1" 200 8912
8.8.8.8 - - [10/May/2025:06:25:49 +0000] "POST /home HTTP/1.1" 200 1970
1.1.1.1 - - [12/May/2025:01:06:18 +0000] "POST /profile HTTP/1.1" 401 7897
172.16.0.1 - - [10/May/2025:13:09:23 +0000] "GET /home HTTP/1.1" 500 6206
1.1.1.1 - - [12/May/2025:03:49:20 +0000] "GET /cart HTTP/1.1" 503 5183
192.168.1.1 - - [10/May/2025:17:32:23 +0000] "POST /checkout HTTP/1.1" 503 3369
192.168.1.2 - - [11/May/2025:08:57:43 +0000] "POST /home HTTP/1.1" 502 8259
